
==========================================================================
global place report_tns
--------------------------------------------------------------------------
tns max -5091.77

==========================================================================
global place report_wns
--------------------------------------------------------------------------
wns max -1.67

==========================================================================
global place report_worst_slack
--------------------------------------------------------------------------
worst slack max -1.67

==========================================================================
global place report_clock_min_period
--------------------------------------------------------------------------
core_clock period_min = 3.89 fmax = 256.82
vclk_core_clock period_min = 1.13 fmax = 887.60

==========================================================================
global place report_checks -path_delay min
--------------------------------------------------------------------------
Startpoint: rst_ni (input port clocked by vclk_core_clock)
Endpoint: ex_stage_i/lsu_i.i_store_unit.store_buffer_i.commit_queue_q_4__data__38_$_DFFE_PN0N_
          (removal check against rising-edge clock core_clock)
Path Group: asynchronous
Path Type: min

Fanout     Cap    Slew   Delay    Time   Description
-----------------------------------------------------------------------------
                  0.00    0.00    0.00   clock vclk_core_clock (rise edge)
                          0.54    0.54   clock network delay (ideal)
                          0.44    0.98 ^ input external delay
     1   29.51    0.00    0.00    0.98 ^ rst_ni (in)
                                         rst_ni (net)
                  0.01    0.01    0.99 ^ input3253/A (CLKBUF_X3)
     3   27.74    0.02    0.05    1.04 ^ input3253/Z (CLKBUF_X3)
                                         net3252 (net)
                  0.02    0.00    1.04 ^ place62764/A (BUF_X8)
    16  118.20    0.03    0.04    1.08 ^ place62764/Z (BUF_X8)
                                         net62763 (net)
                  0.03    0.00    1.08 ^ ex_stage_i/lsu_i.i_store_unit.store_buffer_i.commit_queue_q_4__data__38_$_DFFE_PN0N_/RN (DFFR_X1)
                                  1.08   data arrival time

                  0.00    0.00    0.00   clock core_clock (rise edge)
                          0.54    0.54   clock network delay (ideal)
                          0.00    0.54   clock reconvergence pessimism
                                  0.54 ^ ex_stage_i/lsu_i.i_store_unit.store_buffer_i.commit_queue_q_4__data__38_$_DFFE_PN0N_/CK (DFFR_X1)
                          0.22    0.75   library removal time
                                  0.75   data required time
-----------------------------------------------------------------------------
                                  0.75   data required time
                                 -1.08   data arrival time
-----------------------------------------------------------------------------
                                  0.33   slack (MET)


Startpoint: ex_stage_i/lsu_i.i_store_unit.store_buffer_i.speculative_queue_q_0__valid_$_DFF_PN0_
            (rising edge-triggered flip-flop clocked by core_clock)
Endpoint: ex_stage_i/lsu_i.i_store_unit.store_buffer_i.speculative_queue_q_0__valid_$_DFF_PN0_
          (rising edge-triggered flip-flop clocked by core_clock)
Path Group: core_clock
Path Type: min

Fanout     Cap    Slew   Delay    Time   Description
-----------------------------------------------------------------------------
                  0.00    0.00    0.00   clock core_clock (rise edge)
                          0.54    0.54   clock network delay (ideal)
                  0.00    0.00    0.54 ^ ex_stage_i/lsu_i.i_store_unit.store_buffer_i.speculative_queue_q_0__valid_$_DFF_PN0_/CK (DFFR_X1)
     1    1.71    0.01    0.07    0.60 ^ ex_stage_i/lsu_i.i_store_unit.store_buffer_i.speculative_queue_q_0__valid_$_DFF_PN0_/QN (DFFR_X1)
                                         ex_stage_i/_00021_ (net)
                  0.01    0.00    0.60 ^ ex_stage_i/_26476_/C1 (AOI221_X1)
     1    1.25    0.01    0.01    0.61 v ex_stage_i/_26476_/ZN (AOI221_X1)
                                         ex_stage_i/lsu_i.i_store_unit.store_buffer_i.speculative_queue_n_0__valid_ (net)
                  0.01    0.00    0.61 v ex_stage_i/lsu_i.i_store_unit.store_buffer_i.speculative_queue_q_0__valid_$_DFF_PN0_/D (DFFR_X1)
                                  0.61   data arrival time

                  0.00    0.00    0.00   clock core_clock (rise edge)
                          0.54    0.54   clock network delay (ideal)
                          0.00    0.54   clock reconvergence pessimism
                                  0.54 ^ ex_stage_i/lsu_i.i_store_unit.store_buffer_i.speculative_queue_q_0__valid_$_DFF_PN0_/CK (DFFR_X1)
                          0.00    0.54   library hold time
                                  0.54   data required time
-----------------------------------------------------------------------------
                                  0.54   data required time
                                 -0.61   data arrival time
-----------------------------------------------------------------------------
                                  0.08   slack (MET)


Startpoint: i_cache_subsystem.i_nbdcache/i_miss_handler/mshr_q_addr__0_$_DFFE_PN0P_
            (rising edge-triggered flip-flop clocked by core_clock)
Endpoint: axi_req_o[210] (output port clocked by vclk_core_clock)
Path Group: vclk_core_clock
Path Type: min

Fanout     Cap    Slew   Delay    Time   Description
-----------------------------------------------------------------------------
                  0.00    0.00    0.00   clock core_clock (rise edge)
                          0.54    0.54   clock network delay (ideal)
                  0.00    0.00    0.54 ^ i_cache_subsystem.i_nbdcache/i_miss_handler/mshr_q_addr__0_$_DFFE_PN0P_/CK (DFFR_X1)
     1    2.08    0.01    0.07    0.60 ^ i_cache_subsystem.i_nbdcache/i_miss_handler/mshr_q_addr__0_$_DFFE_PN0P_/QN (DFFR_X1)
                                         i_cache_subsystem.i_nbdcache/i_miss_handler/_00143_ (net)
                  0.01    0.00    0.60 ^ i_cache_subsystem.i_nbdcache/i_miss_handler/_13562_/B2 (OAI22_X1)
     1    1.99    0.01    0.02    0.62 v i_cache_subsystem.i_nbdcache/i_miss_handler/_13562_/ZN (OAI22_X1)
                                         i_cache_subsystem.axi_req_data[210] (net)
                  0.01    0.00    0.62 v _08052_/A1 (NAND3_X1)
     1    1.82    0.01    0.02    0.63 ^ _08052_/ZN (NAND3_X1)
                                         _02590_ (net)
                  0.01    0.00    0.63 ^ _08054_/A (OAI21_X1)
     1    1.62    0.01    0.01    0.65 v _08054_/ZN (OAI21_X1)
                                         net3339 (net)
                  0.01    0.00    0.65 v output3340/A (BUF_X1)
     1    9.62    0.01    0.04    0.68 v output3340/Z (BUF_X1)
                                         axi_req_o[210] (net)
                  0.01    0.00    0.69 v axi_req_o[210] (out)
                                  0.69   data arrival time

                  0.00    0.00    0.00   clock vclk_core_clock (rise edge)
                          0.54    0.54   clock network delay (ideal)
                          0.00    0.54   clock reconvergence pessimism
                         -0.44    0.09   output external delay
                                  0.09   data required time
-----------------------------------------------------------------------------
                                  0.09   data required time
                                 -0.69   data arrival time
-----------------------------------------------------------------------------
                                  0.60   slack (MET)



==========================================================================
global place report_checks -path_delay max
--------------------------------------------------------------------------
Startpoint: rst_ni (input port clocked by vclk_core_clock)
Endpoint: issue_stage_i.i_scoreboard/mem_q[512]$_DFF_PN0_
          (recovery check against rising-edge clock core_clock)
Path Group: asynchronous
Path Type: max

Fanout     Cap    Slew   Delay    Time   Description
-----------------------------------------------------------------------------
                  0.00    0.00    0.00   clock vclk_core_clock (rise edge)
                          0.54    0.54   clock network delay (ideal)
                          0.44    0.98 ^ input external delay
     1   29.51    0.00    0.00    0.98 ^ rst_ni (in)
                                         rst_ni (net)
                  0.01    0.01    0.99 ^ input3253/A (CLKBUF_X3)
     3   27.74    0.02    0.05    1.04 ^ input3253/Z (CLKBUF_X3)
                                         net3252 (net)
                  0.02    0.00    1.04 ^ place62764/A (BUF_X8)
    16  118.20    0.03    0.04    1.08 ^ place62764/Z (BUF_X8)
                                         net62763 (net)
                  0.05    0.03    1.12 ^ place62261/A (BUF_X8)
     5   95.61    0.01    0.03    1.15 ^ place62261/Z (BUF_X8)
                                         net62260 (net)
                  0.14    0.11    1.26 ^ place62195/A (BUF_X2)
     7   34.51    0.04    0.07    1.33 ^ place62195/Z (BUF_X2)
                                         net62194 (net)
                  0.04    0.01    1.34 ^ place62131/A (BUF_X2)
    21   73.31    0.07    0.09    1.43 ^ place62131/Z (BUF_X2)
                                         net62130 (net)
                  0.08    0.03    1.46 ^ place62129/A (BUF_X2)
    26   74.83    0.08    0.11    1.57 ^ place62129/Z (BUF_X2)
                                         net62128 (net)
                  0.08    0.01    1.58 ^ place62128/A (BUF_X2)
    17   50.03    0.06    0.08    1.66 ^ place62128/Z (BUF_X2)
                                         net62127 (net)
                  0.06    0.01    1.67 ^ issue_stage_i.i_scoreboard/place62126/A (BUF_X1)
    12   35.47    0.08    0.11    1.78 ^ issue_stage_i.i_scoreboard/place62126/Z (BUF_X1)
                                         issue_stage_i.i_scoreboard/net62125 (net)
                  0.08    0.00    1.78 ^ issue_stage_i.i_scoreboard/place62125/A (BUF_X2)
    21   61.26    0.07    0.10    1.88 ^ issue_stage_i.i_scoreboard/place62125/Z (BUF_X2)
                                         issue_stage_i.i_scoreboard/net62124 (net)
                  0.07    0.01    1.89 ^ issue_stage_i.i_scoreboard/mem_q[512]$_DFF_PN0_/RN (DFFR_X1)
                                  1.89   data arrival time

                  0.00    2.22    2.22   clock core_clock (rise edge)
                          0.54    2.76   clock network delay (ideal)
                          0.00    2.76   clock reconvergence pessimism
                                  2.76 ^ issue_stage_i.i_scoreboard/mem_q[512]$_DFF_PN0_/CK (DFFR_X1)
                          0.04    2.80   library recovery time
                                  2.80   data required time
-----------------------------------------------------------------------------
                                  2.80   data required time
                                 -1.89   data arrival time
-----------------------------------------------------------------------------
                                  0.91   slack (MET)


Startpoint: issue_stage_i.i_scoreboard/commit_pointer_q[1]$_DFF_PN0_
            (rising edge-triggered flip-flop clocked by core_clock)
Endpoint: issue_stage_i.i_scoreboard/mem_q[525]$_DFF_PN0_
          (rising edge-triggered flip-flop clocked by core_clock)
Path Group: core_clock
Path Type: max

Fanout     Cap    Slew   Delay    Time   Description
-----------------------------------------------------------------------------
                  0.00    0.00    0.00   clock core_clock (rise edge)
                          0.54    0.54   clock network delay (ideal)
                  0.00    0.00    0.54 ^ issue_stage_i.i_scoreboard/commit_pointer_q[1]$_DFF_PN0_/CK (DFFR_X1)
     3    8.01    0.02    0.11    0.65 ^ issue_stage_i.i_scoreboard/commit_pointer_q[1]$_DFF_PN0_/Q (DFFR_X1)
                                         issue_stage_i.i_scoreboard/commit_pointer_q[1] (net)
                  0.02    0.00    0.65 ^ issue_stage_i.i_scoreboard/_59744_/A (HA_X1)
     3   14.45    0.03    0.07    0.71 ^ issue_stage_i.i_scoreboard/_59744_/CO (HA_X1)
                                         issue_stage_i.i_scoreboard/_00110_ (net)
                  0.03    0.00    0.72 ^ issue_stage_i.i_scoreboard/_33259_/A2 (AND2_X4)
    10   81.79    0.04    0.07    0.79 ^ issue_stage_i.i_scoreboard/_33259_/ZN (AND2_X4)
                                         issue_stage_i.i_scoreboard/_02605_ (net)
                  0.05    0.01    0.81 ^ issue_stage_i.i_scoreboard/_51694_/A3 (NOR3_X1)
     1    2.01    0.01    0.02    0.82 v issue_stage_i.i_scoreboard/_51694_/ZN (NOR3_X1)
                                         issue_stage_i.i_scoreboard/_18731_ (net)
                  0.01    0.00    0.82 v issue_stage_i.i_scoreboard/_51697_/A (AOI221_X1)
     1    2.38    0.05    0.08    0.90 ^ issue_stage_i.i_scoreboard/_51697_/ZN (AOI221_X1)
                                         issue_stage_i.i_scoreboard/_18734_ (net)
                  0.05    0.00    0.90 ^ issue_stage_i.i_scoreboard/_51698_/A3 (NOR3_X1)
     1    3.49    0.02    0.02    0.92 v issue_stage_i.i_scoreboard/_51698_/ZN (NOR3_X1)
                                         issue_stage_i.i_scoreboard/_18735_ (net)
                  0.02    0.00    0.92 v issue_stage_i.i_scoreboard/_51699_/A (AOI21_X1)
     1    2.23    0.02    0.04    0.97 ^ issue_stage_i.i_scoreboard/_51699_/ZN (AOI21_X1)
                                         issue_stage_i.i_scoreboard/_18736_ (net)
                  0.02    0.00    0.97 ^ issue_stage_i.i_scoreboard/_51700_/B1 (OAI21_X1)
     1    2.83    0.02    0.02    0.99 v issue_stage_i.i_scoreboard/_51700_/ZN (OAI21_X1)
                                         issue_stage_i.i_scoreboard/_18737_ (net)
                  0.02    0.00    0.99 v issue_stage_i.i_scoreboard/_51701_/B (MUX2_X1)
     1    1.04    0.01    0.06    1.05 v issue_stage_i.i_scoreboard/_51701_/Z (MUX2_X1)
                                         issue_stage_i.i_scoreboard/_18738_ (net)
                  0.01    0.00    1.05 v issue_stage_i.i_scoreboard/_51702_/B (MUX2_X1)
     1    3.69    0.01    0.06    1.11 v issue_stage_i.i_scoreboard/_51702_/Z (MUX2_X1)
                                         issue_stage_i.i_scoreboard/_18739_ (net)
                  0.01    0.00    1.11 v issue_stage_i.i_scoreboard/_51703_/B (MUX2_X1)
     2    4.05    0.01    0.07    1.18 v issue_stage_i.i_scoreboard/_51703_/Z (MUX2_X1)
                                         commit_instr_id_commit[294] (net)
                  0.01    0.00    1.18 v _05366_/A1 (NOR2_X1)
     1   18.99    0.09    0.11    1.29 ^ _05366_/ZN (NOR2_X1)
                                         _00591_ (net)
                  0.09    0.01    1.29 ^ place47566/A (BUF_X4)
     2   22.22    0.02    0.04    1.33 ^ place47566/Z (BUF_X4)
                                         net47565 (net)
                  0.02    0.01    1.34 ^ _05829_/A2 (NAND2_X1)
     2    3.14    0.01    0.02    1.36 v _05829_/ZN (NAND2_X1)
                                         _00922_ (net)
                  0.01    0.00    1.36 v _05830_/A2 (NOR2_X1)
     1    7.63    0.04    0.06    1.42 ^ _05830_/ZN (NOR2_X1)
                                         _00923_ (net)
                  0.04    0.00    1.42 ^ place47085/A (BUF_X2)
     1    7.32    0.01    0.03    1.45 ^ place47085/Z (BUF_X2)
                                         net47084 (net)
                  0.01    0.00    1.45 ^ _05831_/A1 (NAND2_X4)
     8   23.80    0.01    0.02    1.48 v _05831_/ZN (NAND2_X4)
                                         _00924_ (net)
                  0.01    0.00    1.48 v _05832_/A (INV_X2)
     4    7.73    0.01    0.02    1.50 ^ _05832_/ZN (INV_X2)
                                         _00925_ (net)
                  0.01    0.00    1.50 ^ _06073_/A2 (AND2_X4)
     2    6.48    0.01    0.03    1.53 ^ _06073_/ZN (AND2_X4)
                                         commit_stage_i.csr_op_o[5] (net)
                  0.01    0.00    1.53 ^ csr_regfile_i/_07758_/A (INV_X2)
     2    7.31    0.01    0.01    1.54 v csr_regfile_i/_07758_/ZN (INV_X2)
                                         csr_regfile_i/_02546_ (net)
                  0.01    0.00    1.54 v csr_regfile_i/_07762_/A3 (NOR3_X4)
     2   10.16    0.03    0.06    1.60 ^ csr_regfile_i/_07762_/ZN (NOR3_X4)
                                         csr_regfile_i/_02550_ (net)
                  0.03    0.00    1.60 ^ csr_regfile_i/_07768_/A (AOI21_X4)
     2   10.28    0.01    0.02    1.62 v csr_regfile_i/_07768_/ZN (AOI21_X4)
                                         csr_regfile_i/_02556_ (net)
                  0.01    0.00    1.62 v csr_regfile_i/_07769_/A1 (NOR2_X4)
     2   17.13    0.03    0.04    1.65 ^ csr_regfile_i/_07769_/ZN (NOR2_X4)
                                         csr_regfile_i/_02557_ (net)
                  0.03    0.00    1.66 ^ csr_regfile_i/_07883_/A1 (NAND4_X4)
     2    5.75    0.02    0.03    1.68 v csr_regfile_i/_07883_/ZN (NAND4_X4)
                                         csr_regfile_i/_02671_ (net)
                  0.02    0.00    1.69 v csr_regfile_i/_07956_/A1 (AND4_X4)
     2   17.70    0.01    0.04    1.72 v csr_regfile_i/_07956_/ZN (AND4_X4)
                                         csr_regfile_i/_02744_ (net)
                  0.01    0.00    1.73 v csr_regfile_i/_07991_/A2 (NOR2_X4)
     4   13.97    0.02    0.04    1.77 ^ csr_regfile_i/_07991_/ZN (NOR2_X4)
                                         csr_regfile_i/_02778_ (net)
                  0.02    0.00    1.77 ^ csr_regfile_i/_08013_/A2 (OR2_X4)
     2   11.36    0.01    0.03    1.80 ^ csr_regfile_i/_08013_/ZN (OR2_X4)
                                         commit_stage_i.csr_exception_i[0] (net)
                  0.01    0.00    1.80 ^ _05368_/A1 (NAND3_X4)
    14   35.69    0.03    0.03    1.83 v _05368_/ZN (NAND3_X4)
                                         _00593_ (net)
                  0.03    0.00    1.84 v place44051/A (BUF_X2)
     6   11.72    0.01    0.04    1.88 v place44051/Z (BUF_X2)
                                         net44050 (net)
                  0.01    0.00    1.88 v _05508_/A3 (NAND3_X1)
     1    2.83    0.02    0.02    1.90 ^ _05508_/ZN (NAND3_X1)
                                         _00710_ (net)
                  0.02    0.00    1.90 ^ _05509_/B2 (AOI21_X1)
     1    2.51    0.01    0.02    1.92 v _05509_/ZN (AOI21_X1)
                                         _00711_ (net)
                  0.01    0.00    1.92 v _05511_/A (AOI21_X1)
     1    1.85    0.02    0.04    1.96 ^ _05511_/ZN (AOI21_X1)
                                         _00713_ (net)
                  0.02    0.00    1.96 ^ _05512_/A2 (NOR2_X1)
     2    6.23    0.02    0.02    1.98 v _05512_/ZN (NOR2_X1)
                                         commit_stage_i.exception_o[108] (net)
                  0.02    0.00    1.98 v csr_regfile_i/_08854_/A3 (NOR4_X1)
     1    2.96    0.05    0.09    2.08 ^ csr_regfile_i/_08854_/ZN (NOR4_X1)
                                         csr_regfile_i/_03617_ (net)
                  0.05    0.00    2.08 ^ csr_regfile_i/_08856_/A3 (NAND4_X1)
     2    7.98    0.04    0.06    2.14 v csr_regfile_i/_08856_/ZN (NAND4_X1)
                                         csr_regfile_i/_03619_ (net)
                  0.04    0.00    2.14 v csr_regfile_i/place40903/A (BUF_X2)
     1    5.65    0.01    0.04    2.18 v csr_regfile_i/place40903/Z (BUF_X2)
                                         csr_regfile_i/net40902 (net)
                  0.01    0.00    2.18 v csr_regfile_i/_08857_/A1 (NOR4_X4)
     2    8.18    0.05    0.05    2.23 ^ csr_regfile_i/_08857_/ZN (NOR4_X4)
                                         csr_regfile_i/_03620_ (net)
                  0.05    0.00    2.23 ^ csr_regfile_i/_13884_/A1 (NAND3_X4)
     1   10.28    0.02    0.03    2.26 v csr_regfile_i/_13884_/ZN (NAND3_X4)
                                         csr_regfile_i/_01767_ (net)
                  0.02    0.00    2.26 v csr_regfile_i/_13885_/A1 (NAND3_X4)
     2    7.46    0.01    0.02    2.28 ^ csr_regfile_i/_13885_/ZN (NAND3_X4)
                                         csr_regfile_i/_01768_ (net)
                  0.01    0.00    2.28 ^ csr_regfile_i/_13886_/A2 (NAND2_X4)
     1    5.81    0.01    0.01    2.30 v csr_regfile_i/_13886_/ZN (NAND2_X4)
                                         csr_regfile_i/_01769_ (net)
                  0.01    0.00    2.30 v csr_regfile_i/_13887_/A (OAI21_X4)
     2    8.32    0.02    0.02    2.32 ^ csr_regfile_i/_13887_/ZN (OAI21_X4)
                                         controller_i.set_debug_pc_i (net)
                  0.02    0.00    2.32 ^ _05388_/A1 (NOR3_X4)
     1    5.77    0.02    0.01    2.33 v _05388_/ZN (NOR3_X4)
                                         _00612_ (net)
                  0.02    0.00    2.33 v _05389_/A1 (NAND2_X4)
     3   43.63    0.02    0.03    2.36 ^ _05389_/ZN (NAND2_X4)
                                         controller_i.flush_ex_o (net)
                  0.04    0.03    2.39 ^ ex_stage_i/place39690/A (BUF_X8)
     1   41.72    0.01    0.03    2.42 ^ ex_stage_i/place39690/Z (BUF_X8)
                                         ex_stage_i/net39689 (net)
                  0.02    0.02    2.43 ^ ex_stage_i/_24918_/A (INV_X16)
     3   14.69    0.01    0.01    2.44 v ex_stage_i/_24918_/ZN (INV_X16)
                                         ex_stage_i/_06613_ (net)
                  0.01    0.00    2.44 v ex_stage_i/_27495_/B1 (AOI21_X4)
     2    8.88    0.02    0.03    2.47 ^ ex_stage_i/_27495_/ZN (AOI21_X4)
                                         ex_stage_i/_08770_ (net)
                  0.02    0.00    2.47 ^ ex_stage_i/_27496_/A1 (NOR2_X4)
     4   30.71    0.01    0.02    2.49 v ex_stage_i/_27496_/ZN (NOR2_X4)
                                         ex_stage_i/_08771_ (net)
                  0.02    0.01    2.50 v ex_stage_i/_31310_/S (MUX2_X1)
     1    6.81    0.02    0.07    2.57 ^ ex_stage_i/_31310_/Z (MUX2_X1)
                                         flu_trans_id_ex_id[2] (net)
                  0.02    0.00    2.57 ^ issue_stage_i.i_scoreboard/place39224/A (BUF_X8)
    15   34.91    0.01    0.03    2.60 ^ issue_stage_i.i_scoreboard/place39224/Z (BUF_X8)
                                         issue_stage_i.i_scoreboard/net39223 (net)
                  0.01    0.00    2.60 ^ issue_stage_i.i_scoreboard/place39220/A (BUF_X2)
     6   27.29    0.03    0.05    2.65 ^ issue_stage_i.i_scoreboard/place39220/Z (BUF_X2)
                                         issue_stage_i.i_scoreboard/net39219 (net)
                  0.03    0.00    2.65 ^ issue_stage_i.i_scoreboard/_33055_/A (INV_X1)
     6   12.50    0.02    0.03    2.68 v issue_stage_i.i_scoreboard/_33055_/ZN (INV_X1)
                                         issue_stage_i.i_scoreboard/_02403_ (net)
                  0.02    0.00    2.68 v issue_stage_i.i_scoreboard/_48195_/B2 (OAI21_X1)
     2    3.56    0.03    0.04    2.73 ^ issue_stage_i.i_scoreboard/_48195_/ZN (OAI21_X1)
                                         issue_stage_i.i_scoreboard/_15438_ (net)
                  0.03    0.00    2.73 ^ issue_stage_i.i_scoreboard/_48268_/A2 (AND3_X2)
     2    3.50    0.01    0.05    2.78 ^ issue_stage_i.i_scoreboard/_48268_/ZN (AND3_X2)
                                         issue_stage_i.i_scoreboard/_15511_ (net)
                  0.01    0.00    2.78 ^ issue_stage_i.i_scoreboard/_48286_/B1 (OAI33_X1)
     1    2.81    0.02    0.02    2.80 v issue_stage_i.i_scoreboard/_48286_/ZN (OAI33_X1)
                                         issue_stage_i.i_scoreboard/_15529_ (net)
                  0.02    0.00    2.80 v issue_stage_i.i_scoreboard/_48290_/A1 (OR4_X4)
     2    6.43    0.02    0.08    2.88 v issue_stage_i.i_scoreboard/_48290_/ZN (OR4_X4)
                                         issue_stage_i.i_scoreboard/_15533_ (net)
                  0.02    0.00    2.88 v issue_stage_i.i_scoreboard/_48377_/A4 (OR4_X4)
     2    3.80    0.02    0.11    2.99 v issue_stage_i.i_scoreboard/_48377_/ZN (OR4_X4)
                                         issue_stage_i.i_scoreboard/_15619_ (net)
                  0.02    0.00    2.99 v issue_stage_i.i_scoreboard/_48378_/B3 (OAI33_X1)
     1    4.26    0.08    0.10    3.09 ^ issue_stage_i.i_scoreboard/_48378_/ZN (OAI33_X1)
                                         issue_stage_i.i_scoreboard/_15620_ (net)
                  0.08    0.00    3.09 ^ issue_stage_i.i_scoreboard/_48379_/A1 (NAND4_X2)
     2    7.35    0.05    0.05    3.14 v issue_stage_i.i_scoreboard/_48379_/ZN (NAND4_X2)
                                         issue_stage_i.i_scoreboard/_15621_ (net)
                  0.05    0.00    3.14 v issue_stage_i.i_scoreboard/_48381_/B2 (AOI21_X4)
     2   11.03    0.03    0.05    3.20 ^ issue_stage_i.i_scoreboard/_48381_/ZN (AOI21_X4)
                                         issue_stage_i.i_scoreboard/_15623_ (net)
                  0.03    0.00    3.20 ^ issue_stage_i.i_scoreboard/_50913_/A2 (NOR2_X4)
     1    6.20    0.18    0.01    3.21 v issue_stage_i.i_scoreboard/_50913_/ZN (NOR2_X4)
                                         issue_stage_i.i_scoreboard/_18019_ (net)
                  0.18    0.00    3.21 v issue_stage_i.i_scoreboard/_50914_/B1 (AOI22_X4)
     2    8.93    0.04    0.09    3.30 ^ issue_stage_i.i_scoreboard/_50914_/ZN (AOI22_X4)
                                         issue_stage_i.rs1_valid_sb_iro (net)
                  0.04    0.00    3.30 ^ issue_stage_i.i_issue_read_operands/_15244_/A (INV_X4)
     2    8.77    0.01    0.01    3.31 v issue_stage_i.i_issue_read_operands/_15244_/ZN (INV_X4)
                                         issue_stage_i.i_issue_read_operands/_11708_ (net)
                  0.01    0.00    3.31 v issue_stage_i.i_issue_read_operands/_15295_/A1 (NOR2_X4)
     1    6.78    0.02    0.02    3.34 ^ issue_stage_i.i_issue_read_operands/_15295_/ZN (NOR2_X4)
                                         issue_stage_i.i_issue_read_operands/_11759_ (net)
                  0.02    0.00    3.34 ^ issue_stage_i.i_issue_read_operands/_15409_/B2 (AOI22_X4)
     1    3.60    0.02    0.02    3.36 v issue_stage_i.i_issue_read_operands/_15409_/ZN (AOI22_X4)
                                         issue_stage_i.i_issue_read_operands/_11873_ (net)
                  0.02    0.00    3.36 v issue_stage_i.i_issue_read_operands/_15681_/A (OAI221_X2)
     2   24.02    0.08    0.05    3.41 ^ issue_stage_i.i_issue_read_operands/_15681_/ZN (OAI221_X2)
                                         issue_stage_i.i_issue_read_operands/_12145_ (net)
                  0.08    0.01    3.42 ^ issue_stage_i.i_issue_read_operands/_15687_/B2 (OAI221_X2)
     2   26.41    0.05    0.08    3.50 v issue_stage_i.i_issue_read_operands/_15687_/ZN (OAI221_X2)
                                         issue_stage_i.i_issue_read_operands/_12151_ (net)
                  0.05    0.01    3.51 v issue_stage_i.i_issue_read_operands/_15689_/A1 (NOR2_X4)
     2    4.90    0.02    0.04    3.54 ^ issue_stage_i.i_issue_read_operands/_15689_/ZN (NOR2_X4)
                                         issue_stage_i.issue_ack_iro_sb (net)
                  0.02    0.00    3.54 ^ issue_stage_i.i_scoreboard/_33060_/A1 (AND2_X4)
     7   28.65    0.02    0.05    3.59 ^ issue_stage_i.i_scoreboard/_33060_/ZN (AND2_X4)
                                         issue_stage_i.i_scoreboard/_02408_ (net)
                  0.02    0.00    3.59 ^ issue_stage_i.i_scoreboard/place38395/A (BUF_X4)
     2   10.16    0.01    0.03    3.62 ^ issue_stage_i.i_scoreboard/place38395/Z (BUF_X4)
                                         issue_stage_i.i_scoreboard/net38394 (net)
                  0.01    0.00    3.62 ^ issue_stage_i.i_scoreboard/_33174_/A4 (AND4_X4)
    13   55.70    0.04    0.08    3.70 ^ issue_stage_i.i_scoreboard/_33174_/ZN (AND4_X4)
                                         issue_stage_i.i_scoreboard/_02522_ (net)
                  0.04    0.00    3.70 ^ issue_stage_i.i_scoreboard/_34476_/B2 (AOI21_X1)
     2    6.00    0.02    0.03    3.73 v issue_stage_i.i_scoreboard/_34476_/ZN (AOI21_X1)
                                         issue_stage_i.i_scoreboard/_03730_ (net)
                  0.02    0.00    3.73 v issue_stage_i.i_scoreboard/_34477_/A2 (NOR2_X2)
     2    3.67    0.02    0.03    3.77 ^ issue_stage_i.i_scoreboard/_34477_/ZN (NOR2_X2)
                                         issue_stage_i.i_scoreboard/_03731_ (net)
                  0.02    0.00    3.77 ^ issue_stage_i.i_scoreboard/_34478_/A (INV_X1)
     4    7.98    0.01    0.02    3.79 v issue_stage_i.i_scoreboard/_34478_/ZN (INV_X1)
                                         issue_stage_i.i_scoreboard/mem_n[1020] (net)
                  0.01    0.00    3.79 v issue_stage_i.i_scoreboard/_34640_/B (MUX2_X1)
     1    2.87    0.01    0.06    3.85 v issue_stage_i.i_scoreboard/_34640_/Z (MUX2_X1)
                                         issue_stage_i.i_scoreboard/_03868_ (net)
                  0.01    0.00    3.85 v issue_stage_i.i_scoreboard/_34649_/B1 (AOI222_X2)
     1   10.10    0.07    0.10    3.95 ^ issue_stage_i.i_scoreboard/_34649_/ZN (AOI222_X2)
                                         issue_stage_i.i_scoreboard/_03877_ (net)
                  0.07    0.00    3.95 ^ issue_stage_i.i_scoreboard/place37723/A (BUF_X4)
     3    7.74    0.01    0.03    3.99 ^ issue_stage_i.i_scoreboard/place37723/Z (BUF_X4)
                                         issue_stage_i.i_scoreboard/net37722 (net)
                  0.01    0.00    3.99 ^ issue_stage_i.i_scoreboard/_34680_/B (OAI211_X2)
     2    4.93    0.03    0.03    4.02 v issue_stage_i.i_scoreboard/_34680_/ZN (OAI211_X2)
                                         issue_stage_i.i_scoreboard/_03907_ (net)
                  0.03    0.00    4.02 v issue_stage_i.i_scoreboard/_34691_/B1 (OAI221_X2)
     1   13.63    0.06    0.08    4.10 ^ issue_stage_i.i_scoreboard/_34691_/ZN (OAI221_X2)
                                         issue_stage_i.i_scoreboard/_03918_ (net)
                  0.06    0.00    4.10 ^ issue_stage_i.i_scoreboard/place37325/A (BUF_X8)
     7   35.66    0.01    0.03    4.13 ^ issue_stage_i.i_scoreboard/place37325/Z (BUF_X8)
                                         issue_stage_i.i_scoreboard/net37324 (net)
                  0.02    0.01    4.14 ^ issue_stage_i.i_scoreboard/place37323/A (BUF_X1)
     1    2.42    0.01    0.03    4.17 ^ issue_stage_i.i_scoreboard/place37323/Z (BUF_X1)
                                         issue_stage_i.i_scoreboard/net37322 (net)
                  0.01    0.00    4.17 ^ issue_stage_i.i_scoreboard/_44969_/A2 (AND2_X2)
     4   34.81    0.04    0.06    4.23 ^ issue_stage_i.i_scoreboard/_44969_/ZN (AND2_X2)
                                         issue_stage_i.i_scoreboard/_12660_ (net)
                  0.04    0.01    4.24 ^ issue_stage_i.i_scoreboard/place37077/A (BUF_X1)
     2   11.09    0.03    0.05    4.29 ^ issue_stage_i.i_scoreboard/place37077/Z (BUF_X1)
                                         issue_stage_i.i_scoreboard/net37076 (net)
                  0.03    0.00    4.29 ^ issue_stage_i.i_scoreboard/place37076/A (BUF_X4)
    18   34.00    0.02    0.04    4.33 ^ issue_stage_i.i_scoreboard/place37076/Z (BUF_X4)
                                         issue_stage_i.i_scoreboard/net37075 (net)
                  0.02    0.00    4.34 ^ issue_stage_i.i_scoreboard/_45258_/B1 (AOI21_X1)
     1    1.52    0.01    0.02    4.36 v issue_stage_i.i_scoreboard/_45258_/ZN (AOI21_X1)
                                         issue_stage_i.i_scoreboard/_12914_ (net)
                  0.01    0.00    4.36 v issue_stage_i.i_scoreboard/_45259_/B2 (AOI21_X1)
     1    2.34    0.02    0.04    4.39 ^ issue_stage_i.i_scoreboard/_45259_/ZN (AOI21_X1)
                                         issue_stage_i.i_scoreboard/mem_n[525] (net)
                  0.02    0.00    4.39 ^ issue_stage_i.i_scoreboard/mem_q[525]$_DFF_PN0_/D (DFFR_X1)
                                  4.39   data arrival time

                  0.00    2.22    2.22   clock core_clock (rise edge)
                          0.54    2.76   clock network delay (ideal)
                          0.00    2.76   clock reconvergence pessimism
                                  2.76 ^ issue_stage_i.i_scoreboard/mem_q[525]$_DFF_PN0_/CK (DFFR_X1)
                         -0.04    2.72   library setup time
                                  2.72   data required time
-----------------------------------------------------------------------------
                                  2.72   data required time
                                 -4.39   data arrival time
-----------------------------------------------------------------------------
                                 -1.67   slack (VIOLATED)


Startpoint: i_cache_subsystem.i_nbdcache/i_miss_handler/state_q[2]$_DFFE_PN0P_
            (rising edge-triggered flip-flop clocked by core_clock)
Endpoint: axi_req_o[164] (output port clocked by vclk_core_clock)
Path Group: vclk_core_clock
Path Type: max

Fanout     Cap    Slew   Delay    Time   Description
-----------------------------------------------------------------------------
                  0.00    0.00    0.00   clock core_clock (rise edge)
                          0.54    0.54   clock network delay (ideal)
                  0.00    0.00    0.54 ^ i_cache_subsystem.i_nbdcache/i_miss_handler/state_q[2]$_DFFE_PN0P_/CK (DFFR_X1)
     2    4.45    0.01    0.09    0.62 v i_cache_subsystem.i_nbdcache/i_miss_handler/state_q[2]$_DFFE_PN0P_/Q (DFFR_X1)
                                         i_cache_subsystem.i_nbdcache/i_miss_handler/state_q[2] (net)
                  0.01    0.00    0.62 v i_cache_subsystem.i_nbdcache/i_miss_handler/_11607_/A2 (NAND2_X2)
     2    4.92    0.01    0.02    0.64 ^ i_cache_subsystem.i_nbdcache/i_miss_handler/_11607_/ZN (NAND2_X2)
                                         i_cache_subsystem.i_nbdcache/i_miss_handler/_07265_ (net)
                  0.01    0.00    0.64 ^ i_cache_subsystem.i_nbdcache/i_miss_handler/_11608_/A3 (OR3_X4)
     2   18.52    0.01    0.03    0.68 ^ i_cache_subsystem.i_nbdcache/i_miss_handler/_11608_/ZN (OR3_X4)
                                         i_cache_subsystem.i_nbdcache/i_miss_handler/_07266_ (net)
                  0.01    0.00    0.68 ^ i_cache_subsystem.i_nbdcache/i_miss_handler/place54927/A (BUF_X2)
    12   54.64    0.06    0.08    0.75 ^ i_cache_subsystem.i_nbdcache/i_miss_handler/place54927/Z (BUF_X2)
                                         i_cache_subsystem.i_nbdcache/i_miss_handler/net54926 (net)
                  0.06    0.01    0.77 ^ i_cache_subsystem.i_nbdcache/i_miss_handler/place54926/A (BUF_X2)
    23   53.54    0.06    0.08    0.85 ^ i_cache_subsystem.i_nbdcache/i_miss_handler/place54926/Z (BUF_X2)
                                         i_cache_subsystem.i_nbdcache/i_miss_handler/net54925 (net)
                  0.06    0.02    0.86 ^ i_cache_subsystem.i_nbdcache/i_miss_handler/_11682_/A1 (NOR2_X1)
     2    3.90    0.02    0.02    0.88 v i_cache_subsystem.i_nbdcache/i_miss_handler/_11682_/ZN (NOR2_X1)
                                         i_cache_subsystem.i_nbdcache/i_miss_handler/_07336_ (net)
                  0.02    0.00    0.88 v i_cache_subsystem.i_nbdcache/i_miss_handler/_11683_/A2 (AND2_X1)
     1    8.15    0.01    0.05    0.93 v i_cache_subsystem.i_nbdcache/i_miss_handler/_11683_/ZN (AND2_X1)
                                         i_cache_subsystem.i_nbdcache/i_miss_handler/_07337_ (net)
                  0.01    0.00    0.93 v i_cache_subsystem.i_nbdcache/i_miss_handler/_11684_/A3 (NOR3_X2)
     2    5.15    0.03    0.06    0.99 ^ i_cache_subsystem.i_nbdcache/i_miss_handler/_11684_/ZN (NOR3_X2)
                                         i_cache_subsystem.i_nbdcache/i_miss_handler/_07338_ (net)
                  0.03    0.00    0.99 ^ i_cache_subsystem.i_nbdcache/i_miss_handler/_11690_/A2 (AND3_X1)
     2    3.06    0.01    0.05    1.04 ^ i_cache_subsystem.i_nbdcache/i_miss_handler/_11690_/ZN (AND3_X1)
                                         i_cache_subsystem.i_nbdcache/i_miss_handler/_07342_ (net)
                  0.01    0.00    1.04 ^ i_cache_subsystem.i_nbdcache/i_miss_handler/_11705_/A1 (NAND3_X1)
     2    3.06    0.01    0.02    1.06 v i_cache_subsystem.i_nbdcache/i_miss_handler/_11705_/ZN (NAND3_X1)
                                         i_cache_subsystem.i_nbdcache/i_miss_handler/_07350_ (net)
                  0.01    0.00    1.06 v i_cache_subsystem.i_nbdcache/i_miss_handler/_11711_/A1 (OR3_X1)
     2    3.44    0.02    0.07    1.13 v i_cache_subsystem.i_nbdcache/i_miss_handler/_11711_/ZN (OR3_X1)
                                         i_cache_subsystem.i_nbdcache/i_miss_handler/_07354_ (net)
                  0.02    0.00    1.13 v i_cache_subsystem.i_nbdcache/i_miss_handler/_11716_/A1 (OR3_X1)
     2    3.49    0.02    0.07    1.21 v i_cache_subsystem.i_nbdcache/i_miss_handler/_11716_/ZN (OR3_X1)
                                         i_cache_subsystem.i_nbdcache/i_miss_handler/_07357_ (net)
                  0.02    0.00    1.21 v i_cache_subsystem.i_nbdcache/i_miss_handler/_11721_/A1 (OR3_X1)
     2    7.79    0.02    0.08    1.29 v i_cache_subsystem.i_nbdcache/i_miss_handler/_11721_/ZN (OR3_X1)
                                         i_cache_subsystem.i_nbdcache/i_miss_handler/_07360_ (net)
                  0.02    0.00    1.29 v i_cache_subsystem.i_nbdcache/i_miss_handler/_11722_/A2 (NOR2_X1)
     2    2.81    0.02    0.04    1.33 ^ i_cache_subsystem.i_nbdcache/i_miss_handler/_11722_/ZN (NOR2_X1)
                                         i_cache_subsystem.i_nbdcache/i_miss_handler/_07361_ (net)
                  0.02    0.00    1.33 ^ i_cache_subsystem.i_nbdcache/i_miss_handler/_11860_/A1 (NAND4_X1)
     2    3.10    0.02    0.03    1.36 v i_cache_subsystem.i_nbdcache/i_miss_handler/_11860_/ZN (NAND4_X1)
                                         i_cache_subsystem.i_nbdcache/i_miss_handler/_07483_ (net)
                  0.02    0.00    1.36 v i_cache_subsystem.i_nbdcache/i_miss_handler/_13626_/B1 (OAI21_X1)
     1    3.65    0.03    0.04    1.40 ^ i_cache_subsystem.i_nbdcache/i_miss_handler/_13626_/ZN (OAI21_X1)
                                         i_cache_subsystem.i_nbdcache/i_miss_handler/_08762_ (net)
                  0.03    0.00    1.40 ^ i_cache_subsystem.i_nbdcache/i_miss_handler/_13627_/B (XNOR2_X1)
     1    3.38    0.02    0.03    1.43 v i_cache_subsystem.i_nbdcache/i_miss_handler/_13627_/ZN (XNOR2_X1)
                                         i_cache_subsystem.i_nbdcache/i_miss_handler/_00400_ (net)
                  0.02    0.00    1.43 v i_cache_subsystem.i_nbdcache/i_miss_handler/_22898_/A (HA_X1)
     4    5.89    0.02    0.06    1.49 v i_cache_subsystem.i_nbdcache/i_miss_handler/_22898_/S (HA_X1)
                                         i_cache_subsystem.i_nbdcache/i_miss_handler/_00403_ (net)
                  0.02    0.00    1.49 v i_cache_subsystem.i_nbdcache/i_miss_handler/_14705_/B2 (AOI21_X1)
     2    3.91    0.03    0.05    1.54 ^ i_cache_subsystem.i_nbdcache/i_miss_handler/_14705_/ZN (AOI21_X1)
                                         i_cache_subsystem.i_nbdcache/i_miss_handler/_09381_ (net)
                  0.03    0.00    1.54 ^ i_cache_subsystem.i_nbdcache/i_miss_handler/_14710_/A (OAI21_X1)
     2    4.76    0.02    0.03    1.57 v i_cache_subsystem.i_nbdcache/i_miss_handler/_14710_/ZN (OAI21_X1)
                                         i_cache_subsystem.i_nbdcache/i_miss_handler/_09386_ (net)
                  0.02    0.00    1.57 v i_cache_subsystem.i_nbdcache/i_miss_handler/_14714_/B2 (AOI221_X1)
     1    2.97    0.05    0.09    1.66 ^ i_cache_subsystem.i_nbdcache/i_miss_handler/_14714_/ZN (AOI221_X1)
                                         i_cache_subsystem.i_nbdcache/i_miss_handler/_09390_ (net)
                  0.05    0.00    1.66 ^ i_cache_subsystem.i_nbdcache/i_miss_handler/_14737_/A (OAI21_X1)
     2    9.80    0.03    0.05    1.71 v i_cache_subsystem.i_nbdcache/i_miss_handler/_14737_/ZN (OAI21_X1)
                                         i_cache_subsystem.i_nbdcache/i_miss_handler/_09413_ (net)
                  0.03    0.00    1.71 v i_cache_subsystem.i_nbdcache/i_miss_handler/_14879_/A (AOI21_X4)
     2    8.20    0.02    0.05    1.76 ^ i_cache_subsystem.i_nbdcache/i_miss_handler/_14879_/ZN (AOI21_X4)
                                         i_cache_subsystem.i_nbdcache/i_miss_handler/_09555_ (net)
                  0.02    0.00    1.76 ^ i_cache_subsystem.i_nbdcache/i_miss_handler/place45777/A (BUF_X1)
     2    6.75    0.02    0.04    1.79 ^ i_cache_subsystem.i_nbdcache/i_miss_handler/place45777/Z (BUF_X1)
                                         i_cache_subsystem.i_nbdcache/i_miss_handler/net45776 (net)
                  0.02    0.00    1.79 ^ i_cache_subsystem.i_nbdcache/i_miss_handler/_14880_/B (XNOR2_X2)
     4    9.75    0.03    0.05    1.84 ^ i_cache_subsystem.i_nbdcache/i_miss_handler/_14880_/ZN (XNOR2_X2)
                                         i_cache_subsystem.i_nbdcache/i_miss_handler/_09556_ (net)
                  0.03    0.00    1.84 ^ i_cache_subsystem.i_nbdcache/i_miss_handler/_14881_/S (MUX2_X1)
     2    4.67    0.02    0.05    1.89 ^ i_cache_subsystem.i_nbdcache/i_miss_handler/_14881_/Z (MUX2_X1)
                                         i_cache_subsystem.i_nbdcache/i_miss_handler/_09557_ (net)
                  0.02    0.00    1.89 ^ i_cache_subsystem.i_nbdcache/i_miss_handler/_14882_/A2 (NAND2_X2)
     5   12.64    0.03    0.03    1.92 v i_cache_subsystem.i_nbdcache/i_miss_handler/_14882_/ZN (NAND2_X2)
                                         i_cache_subsystem.i_nbdcache/i_miss_handler/_09558_ (net)
                  0.03    0.00    1.92 v i_cache_subsystem.i_nbdcache/i_miss_handler/_16191_/A2 (AOI22_X1)
     2    8.95    0.06    0.08    2.00 ^ i_cache_subsystem.i_nbdcache/i_miss_handler/_16191_/ZN (AOI22_X1)
                                         i_cache_subsystem.i_nbdcache/i_miss_handler/_10848_ (net)
                  0.06    0.00    2.00 ^ i_cache_subsystem.i_nbdcache/i_miss_handler/_16192_/B (MUX2_X1)
     1    1.61    0.01    0.05    2.05 ^ i_cache_subsystem.i_nbdcache/i_miss_handler/_16192_/Z (MUX2_X1)
                                         i_cache_subsystem.i_nbdcache/i_miss_handler/_10849_ (net)
                  0.01    0.00    2.05 ^ i_cache_subsystem.i_nbdcache/i_miss_handler/_16193_/B1 (AOI221_X1)
     1    1.92    0.02    0.02    2.07 v i_cache_subsystem.i_nbdcache/i_miss_handler/_16193_/ZN (AOI221_X1)
                                         i_cache_subsystem.i_nbdcache/i_miss_handler/_10850_ (net)
                  0.02    0.00    2.07 v i_cache_subsystem.i_nbdcache/i_miss_handler/place44121/A (BUF_X2)
     1    7.42    0.01    0.03    2.10 v i_cache_subsystem.i_nbdcache/i_miss_handler/place44121/Z (BUF_X2)
                                         i_cache_subsystem.i_nbdcache/i_miss_handler/net44120 (net)
                  0.01    0.00    2.10 v i_cache_subsystem.i_nbdcache/i_miss_handler/_16194_/A (AOI221_X1)
     1   10.29    0.10    0.14    2.24 ^ i_cache_subsystem.i_nbdcache/i_miss_handler/_16194_/ZN (AOI221_X1)
                                         i_cache_subsystem.i_nbdcache/i_miss_handler/_10851_ (net)
                  0.10    0.00    2.24 ^ i_cache_subsystem.i_nbdcache/i_miss_handler/_16199_/A (OAI21_X1)
     1   14.69    0.04    0.07    2.31 v i_cache_subsystem.i_nbdcache/i_miss_handler/_16199_/ZN (OAI21_X1)
                                         i_cache_subsystem.axi_req_data[164] (net)
                  0.04    0.00    2.31 v _08213_/B2 (AOI22_X1)
     1   11.80    0.07    0.11    2.42 ^ _08213_/ZN (AOI22_X1)
                                         _02695_ (net)
                  0.07    0.00    2.43 ^ _08214_/A (INV_X1)
     1    1.17    0.01    0.01    2.43 v _08214_/ZN (INV_X1)
                                         net3321 (net)
                  0.01    0.00    2.43 v output3322/A (BUF_X1)
     1   10.63    0.01    0.04    2.47 v output3322/Z (BUF_X1)
                                         axi_req_o[164] (net)
                  0.01    0.00    2.48 v axi_req_o[164] (out)
                                  2.48   data arrival time

                  0.00    2.22    2.22   clock vclk_core_clock (rise edge)
                          0.54    2.76   clock network delay (ideal)
                          0.00    2.76   clock reconvergence pessimism
                         -0.44    2.31   output external delay
                                  2.31   data required time
-----------------------------------------------------------------------------
                                  2.31   data required time
                                 -2.48   data arrival time
-----------------------------------------------------------------------------
                                 -0.16   slack (VIOLATED)



==========================================================================
global place report_checks -unconstrained
--------------------------------------------------------------------------
Startpoint: rst_ni (input port clocked by vclk_core_clock)
Endpoint: issue_stage_i.i_scoreboard/mem_q[512]$_DFF_PN0_
          (recovery check against rising-edge clock core_clock)
Path Group: asynchronous
Path Type: max

Fanout     Cap    Slew   Delay    Time   Description
-----------------------------------------------------------------------------
                  0.00    0.00    0.00   clock vclk_core_clock (rise edge)
                          0.54    0.54   clock network delay (ideal)
                          0.44    0.98 ^ input external delay
     1   29.51    0.00    0.00    0.98 ^ rst_ni (in)
                                         rst_ni (net)
                  0.01    0.01    0.99 ^ input3253/A (CLKBUF_X3)
     3   27.74    0.02    0.05    1.04 ^ input3253/Z (CLKBUF_X3)
                                         net3252 (net)
                  0.02    0.00    1.04 ^ place62764/A (BUF_X8)
    16  118.20    0.03    0.04    1.08 ^ place62764/Z (BUF_X8)
                                         net62763 (net)
                  0.05    0.03    1.12 ^ place62261/A (BUF_X8)
     5   95.61    0.01    0.03    1.15 ^ place62261/Z (BUF_X8)
                                         net62260 (net)
                  0.14    0.11    1.26 ^ place62195/A (BUF_X2)
     7   34.51    0.04    0.07    1.33 ^ place62195/Z (BUF_X2)
                                         net62194 (net)
                  0.04    0.01    1.34 ^ place62131/A (BUF_X2)
    21   73.31    0.07    0.09    1.43 ^ place62131/Z (BUF_X2)
                                         net62130 (net)
                  0.08    0.03    1.46 ^ place62129/A (BUF_X2)
    26   74.83    0.08    0.11    1.57 ^ place62129/Z (BUF_X2)
                                         net62128 (net)
                  0.08    0.01    1.58 ^ place62128/A (BUF_X2)
    17   50.03    0.06    0.08    1.66 ^ place62128/Z (BUF_X2)
                                         net62127 (net)
                  0.06    0.01    1.67 ^ issue_stage_i.i_scoreboard/place62126/A (BUF_X1)
    12   35.47    0.08    0.11    1.78 ^ issue_stage_i.i_scoreboard/place62126/Z (BUF_X1)
                                         issue_stage_i.i_scoreboard/net62125 (net)
                  0.08    0.00    1.78 ^ issue_stage_i.i_scoreboard/place62125/A (BUF_X2)
    21   61.26    0.07    0.10    1.88 ^ issue_stage_i.i_scoreboard/place62125/Z (BUF_X2)
                                         issue_stage_i.i_scoreboard/net62124 (net)
                  0.07    0.01    1.89 ^ issue_stage_i.i_scoreboard/mem_q[512]$_DFF_PN0_/RN (DFFR_X1)
                                  1.89   data arrival time

                  0.00    2.22    2.22   clock core_clock (rise edge)
                          0.54    2.76   clock network delay (ideal)
                          0.00    2.76   clock reconvergence pessimism
                                  2.76 ^ issue_stage_i.i_scoreboard/mem_q[512]$_DFF_PN0_/CK (DFFR_X1)
                          0.04    2.80   library recovery time
                                  2.80   data required time
-----------------------------------------------------------------------------
                                  2.80   data required time
                                 -1.89   data arrival time
-----------------------------------------------------------------------------
                                  0.91   slack (MET)


Startpoint: issue_stage_i.i_scoreboard/commit_pointer_q[1]$_DFF_PN0_
            (rising edge-triggered flip-flop clocked by core_clock)
Endpoint: issue_stage_i.i_scoreboard/mem_q[525]$_DFF_PN0_
          (rising edge-triggered flip-flop clocked by core_clock)
Path Group: core_clock
Path Type: max

Fanout     Cap    Slew   Delay    Time   Description
-----------------------------------------------------------------------------
                  0.00    0.00    0.00   clock core_clock (rise edge)
                          0.54    0.54   clock network delay (ideal)
                  0.00    0.00    0.54 ^ issue_stage_i.i_scoreboard/commit_pointer_q[1]$_DFF_PN0_/CK (DFFR_X1)
     3    8.01    0.02    0.11    0.65 ^ issue_stage_i.i_scoreboard/commit_pointer_q[1]$_DFF_PN0_/Q (DFFR_X1)
                                         issue_stage_i.i_scoreboard/commit_pointer_q[1] (net)
                  0.02    0.00    0.65 ^ issue_stage_i.i_scoreboard/_59744_/A (HA_X1)
     3   14.45    0.03    0.07    0.71 ^ issue_stage_i.i_scoreboard/_59744_/CO (HA_X1)
                                         issue_stage_i.i_scoreboard/_00110_ (net)
                  0.03    0.00    0.72 ^ issue_stage_i.i_scoreboard/_33259_/A2 (AND2_X4)
    10   81.79    0.04    0.07    0.79 ^ issue_stage_i.i_scoreboard/_33259_/ZN (AND2_X4)
                                         issue_stage_i.i_scoreboard/_02605_ (net)
                  0.05    0.01    0.81 ^ issue_stage_i.i_scoreboard/_51694_/A3 (NOR3_X1)
     1    2.01    0.01    0.02    0.82 v issue_stage_i.i_scoreboard/_51694_/ZN (NOR3_X1)
                                         issue_stage_i.i_scoreboard/_18731_ (net)
                  0.01    0.00    0.82 v issue_stage_i.i_scoreboard/_51697_/A (AOI221_X1)
     1    2.38    0.05    0.08    0.90 ^ issue_stage_i.i_scoreboard/_51697_/ZN (AOI221_X1)
                                         issue_stage_i.i_scoreboard/_18734_ (net)
                  0.05    0.00    0.90 ^ issue_stage_i.i_scoreboard/_51698_/A3 (NOR3_X1)
     1    3.49    0.02    0.02    0.92 v issue_stage_i.i_scoreboard/_51698_/ZN (NOR3_X1)
                                         issue_stage_i.i_scoreboard/_18735_ (net)
                  0.02    0.00    0.92 v issue_stage_i.i_scoreboard/_51699_/A (AOI21_X1)
     1    2.23    0.02    0.04    0.97 ^ issue_stage_i.i_scoreboard/_51699_/ZN (AOI21_X1)
                                         issue_stage_i.i_scoreboard/_18736_ (net)
                  0.02    0.00    0.97 ^ issue_stage_i.i_scoreboard/_51700_/B1 (OAI21_X1)
     1    2.83    0.02    0.02    0.99 v issue_stage_i.i_scoreboard/_51700_/ZN (OAI21_X1)
                                         issue_stage_i.i_scoreboard/_18737_ (net)
                  0.02    0.00    0.99 v issue_stage_i.i_scoreboard/_51701_/B (MUX2_X1)
     1    1.04    0.01    0.06    1.05 v issue_stage_i.i_scoreboard/_51701_/Z (MUX2_X1)
                                         issue_stage_i.i_scoreboard/_18738_ (net)
                  0.01    0.00    1.05 v issue_stage_i.i_scoreboard/_51702_/B (MUX2_X1)
     1    3.69    0.01    0.06    1.11 v issue_stage_i.i_scoreboard/_51702_/Z (MUX2_X1)
                                         issue_stage_i.i_scoreboard/_18739_ (net)
                  0.01    0.00    1.11 v issue_stage_i.i_scoreboard/_51703_/B (MUX2_X1)
     2    4.05    0.01    0.07    1.18 v issue_stage_i.i_scoreboard/_51703_/Z (MUX2_X1)
                                         commit_instr_id_commit[294] (net)
                  0.01    0.00    1.18 v _05366_/A1 (NOR2_X1)
     1   18.99    0.09    0.11    1.29 ^ _05366_/ZN (NOR2_X1)
                                         _00591_ (net)
                  0.09    0.01    1.29 ^ place47566/A (BUF_X4)
     2   22.22    0.02    0.04    1.33 ^ place47566/Z (BUF_X4)
                                         net47565 (net)
                  0.02    0.01    1.34 ^ _05829_/A2 (NAND2_X1)
     2    3.14    0.01    0.02    1.36 v _05829_/ZN (NAND2_X1)
                                         _00922_ (net)
                  0.01    0.00    1.36 v _05830_/A2 (NOR2_X1)
     1    7.63    0.04    0.06    1.42 ^ _05830_/ZN (NOR2_X1)
                                         _00923_ (net)
                  0.04    0.00    1.42 ^ place47085/A (BUF_X2)
     1    7.32    0.01    0.03    1.45 ^ place47085/Z (BUF_X2)
                                         net47084 (net)
                  0.01    0.00    1.45 ^ _05831_/A1 (NAND2_X4)
     8   23.80    0.01    0.02    1.48 v _05831_/ZN (NAND2_X4)
                                         _00924_ (net)
                  0.01    0.00    1.48 v _05832_/A (INV_X2)
     4    7.73    0.01    0.02    1.50 ^ _05832_/ZN (INV_X2)
                                         _00925_ (net)
                  0.01    0.00    1.50 ^ _06073_/A2 (AND2_X4)
     2    6.48    0.01    0.03    1.53 ^ _06073_/ZN (AND2_X4)
                                         commit_stage_i.csr_op_o[5] (net)
                  0.01    0.00    1.53 ^ csr_regfile_i/_07758_/A (INV_X2)
     2    7.31    0.01    0.01    1.54 v csr_regfile_i/_07758_/ZN (INV_X2)
                                         csr_regfile_i/_02546_ (net)
                  0.01    0.00    1.54 v csr_regfile_i/_07762_/A3 (NOR3_X4)
     2   10.16    0.03    0.06    1.60 ^ csr_regfile_i/_07762_/ZN (NOR3_X4)
                                         csr_regfile_i/_02550_ (net)
                  0.03    0.00    1.60 ^ csr_regfile_i/_07768_/A (AOI21_X4)
     2   10.28    0.01    0.02    1.62 v csr_regfile_i/_07768_/ZN (AOI21_X4)
                                         csr_regfile_i/_02556_ (net)
                  0.01    0.00    1.62 v csr_regfile_i/_07769_/A1 (NOR2_X4)
     2   17.13    0.03    0.04    1.65 ^ csr_regfile_i/_07769_/ZN (NOR2_X4)
                                         csr_regfile_i/_02557_ (net)
                  0.03    0.00    1.66 ^ csr_regfile_i/_07883_/A1 (NAND4_X4)
     2    5.75    0.02    0.03    1.68 v csr_regfile_i/_07883_/ZN (NAND4_X4)
                                         csr_regfile_i/_02671_ (net)
                  0.02    0.00    1.69 v csr_regfile_i/_07956_/A1 (AND4_X4)
     2   17.70    0.01    0.04    1.72 v csr_regfile_i/_07956_/ZN (AND4_X4)
                                         csr_regfile_i/_02744_ (net)
                  0.01    0.00    1.73 v csr_regfile_i/_07991_/A2 (NOR2_X4)
     4   13.97    0.02    0.04    1.77 ^ csr_regfile_i/_07991_/ZN (NOR2_X4)
                                         csr_regfile_i/_02778_ (net)
                  0.02    0.00    1.77 ^ csr_regfile_i/_08013_/A2 (OR2_X4)
     2   11.36    0.01    0.03    1.80 ^ csr_regfile_i/_08013_/ZN (OR2_X4)
                                         commit_stage_i.csr_exception_i[0] (net)
                  0.01    0.00    1.80 ^ _05368_/A1 (NAND3_X4)
    14   35.69    0.03    0.03    1.83 v _05368_/ZN (NAND3_X4)
                                         _00593_ (net)
                  0.03    0.00    1.84 v place44051/A (BUF_X2)
     6   11.72    0.01    0.04    1.88 v place44051/Z (BUF_X2)
                                         net44050 (net)
                  0.01    0.00    1.88 v _05508_/A3 (NAND3_X1)
     1    2.83    0.02    0.02    1.90 ^ _05508_/ZN (NAND3_X1)
                                         _00710_ (net)
                  0.02    0.00    1.90 ^ _05509_/B2 (AOI21_X1)
     1    2.51    0.01    0.02    1.92 v _05509_/ZN (AOI21_X1)
                                         _00711_ (net)
                  0.01    0.00    1.92 v _05511_/A (AOI21_X1)
     1    1.85    0.02    0.04    1.96 ^ _05511_/ZN (AOI21_X1)
                                         _00713_ (net)
                  0.02    0.00    1.96 ^ _05512_/A2 (NOR2_X1)
     2    6.23    0.02    0.02    1.98 v _05512_/ZN (NOR2_X1)
                                         commit_stage_i.exception_o[108] (net)
                  0.02    0.00    1.98 v csr_regfile_i/_08854_/A3 (NOR4_X1)
     1    2.96    0.05    0.09    2.08 ^ csr_regfile_i/_08854_/ZN (NOR4_X1)
                                         csr_regfile_i/_03617_ (net)
                  0.05    0.00    2.08 ^ csr_regfile_i/_08856_/A3 (NAND4_X1)
     2    7.98    0.04    0.06    2.14 v csr_regfile_i/_08856_/ZN (NAND4_X1)
                                         csr_regfile_i/_03619_ (net)
                  0.04    0.00    2.14 v csr_regfile_i/place40903/A (BUF_X2)
     1    5.65    0.01    0.04    2.18 v csr_regfile_i/place40903/Z (BUF_X2)
                                         csr_regfile_i/net40902 (net)
                  0.01    0.00    2.18 v csr_regfile_i/_08857_/A1 (NOR4_X4)
     2    8.18    0.05    0.05    2.23 ^ csr_regfile_i/_08857_/ZN (NOR4_X4)
                                         csr_regfile_i/_03620_ (net)
                  0.05    0.00    2.23 ^ csr_regfile_i/_13884_/A1 (NAND3_X4)
     1   10.28    0.02    0.03    2.26 v csr_regfile_i/_13884_/ZN (NAND3_X4)
                                         csr_regfile_i/_01767_ (net)
                  0.02    0.00    2.26 v csr_regfile_i/_13885_/A1 (NAND3_X4)
     2    7.46    0.01    0.02    2.28 ^ csr_regfile_i/_13885_/ZN (NAND3_X4)
                                         csr_regfile_i/_01768_ (net)
                  0.01    0.00    2.28 ^ csr_regfile_i/_13886_/A2 (NAND2_X4)
     1    5.81    0.01    0.01    2.30 v csr_regfile_i/_13886_/ZN (NAND2_X4)
                                         csr_regfile_i/_01769_ (net)
                  0.01    0.00    2.30 v csr_regfile_i/_13887_/A (OAI21_X4)
     2    8.32    0.02    0.02    2.32 ^ csr_regfile_i/_13887_/ZN (OAI21_X4)
                                         controller_i.set_debug_pc_i (net)
                  0.02    0.00    2.32 ^ _05388_/A1 (NOR3_X4)
     1    5.77    0.02    0.01    2.33 v _05388_/ZN (NOR3_X4)
                                         _00612_ (net)
                  0.02    0.00    2.33 v _05389_/A1 (NAND2_X4)
     3   43.63    0.02    0.03    2.36 ^ _05389_/ZN (NAND2_X4)
                                         controller_i.flush_ex_o (net)
                  0.04    0.03    2.39 ^ ex_stage_i/place39690/A (BUF_X8)
     1   41.72    0.01    0.03    2.42 ^ ex_stage_i/place39690/Z (BUF_X8)
                                         ex_stage_i/net39689 (net)
                  0.02    0.02    2.43 ^ ex_stage_i/_24918_/A (INV_X16)
     3   14.69    0.01    0.01    2.44 v ex_stage_i/_24918_/ZN (INV_X16)
                                         ex_stage_i/_06613_ (net)
                  0.01    0.00    2.44 v ex_stage_i/_27495_/B1 (AOI21_X4)
     2    8.88    0.02    0.03    2.47 ^ ex_stage_i/_27495_/ZN (AOI21_X4)
                                         ex_stage_i/_08770_ (net)
                  0.02    0.00    2.47 ^ ex_stage_i/_27496_/A1 (NOR2_X4)
     4   30.71    0.01    0.02    2.49 v ex_stage_i/_27496_/ZN (NOR2_X4)
                                         ex_stage_i/_08771_ (net)
                  0.02    0.01    2.50 v ex_stage_i/_31310_/S (MUX2_X1)
     1    6.81    0.02    0.07    2.57 ^ ex_stage_i/_31310_/Z (MUX2_X1)
                                         flu_trans_id_ex_id[2] (net)
                  0.02    0.00    2.57 ^ issue_stage_i.i_scoreboard/place39224/A (BUF_X8)
    15   34.91    0.01    0.03    2.60 ^ issue_stage_i.i_scoreboard/place39224/Z (BUF_X8)
                                         issue_stage_i.i_scoreboard/net39223 (net)
                  0.01    0.00    2.60 ^ issue_stage_i.i_scoreboard/place39220/A (BUF_X2)
     6   27.29    0.03    0.05    2.65 ^ issue_stage_i.i_scoreboard/place39220/Z (BUF_X2)
                                         issue_stage_i.i_scoreboard/net39219 (net)
                  0.03    0.00    2.65 ^ issue_stage_i.i_scoreboard/_33055_/A (INV_X1)
     6   12.50    0.02    0.03    2.68 v issue_stage_i.i_scoreboard/_33055_/ZN (INV_X1)
                                         issue_stage_i.i_scoreboard/_02403_ (net)
                  0.02    0.00    2.68 v issue_stage_i.i_scoreboard/_48195_/B2 (OAI21_X1)
     2    3.56    0.03    0.04    2.73 ^ issue_stage_i.i_scoreboard/_48195_/ZN (OAI21_X1)
                                         issue_stage_i.i_scoreboard/_15438_ (net)
                  0.03    0.00    2.73 ^ issue_stage_i.i_scoreboard/_48268_/A2 (AND3_X2)
     2    3.50    0.01    0.05    2.78 ^ issue_stage_i.i_scoreboard/_48268_/ZN (AND3_X2)
                                         issue_stage_i.i_scoreboard/_15511_ (net)
                  0.01    0.00    2.78 ^ issue_stage_i.i_scoreboard/_48286_/B1 (OAI33_X1)
     1    2.81    0.02    0.02    2.80 v issue_stage_i.i_scoreboard/_48286_/ZN (OAI33_X1)
                                         issue_stage_i.i_scoreboard/_15529_ (net)
                  0.02    0.00    2.80 v issue_stage_i.i_scoreboard/_48290_/A1 (OR4_X4)
     2    6.43    0.02    0.08    2.88 v issue_stage_i.i_scoreboard/_48290_/ZN (OR4_X4)
                                         issue_stage_i.i_scoreboard/_15533_ (net)
                  0.02    0.00    2.88 v issue_stage_i.i_scoreboard/_48377_/A4 (OR4_X4)
     2    3.80    0.02    0.11    2.99 v issue_stage_i.i_scoreboard/_48377_/ZN (OR4_X4)
                                         issue_stage_i.i_scoreboard/_15619_ (net)
                  0.02    0.00    2.99 v issue_stage_i.i_scoreboard/_48378_/B3 (OAI33_X1)
     1    4.26    0.08    0.10    3.09 ^ issue_stage_i.i_scoreboard/_48378_/ZN (OAI33_X1)
                                         issue_stage_i.i_scoreboard/_15620_ (net)
                  0.08    0.00    3.09 ^ issue_stage_i.i_scoreboard/_48379_/A1 (NAND4_X2)
     2    7.35    0.05    0.05    3.14 v issue_stage_i.i_scoreboard/_48379_/ZN (NAND4_X2)
                                         issue_stage_i.i_scoreboard/_15621_ (net)
                  0.05    0.00    3.14 v issue_stage_i.i_scoreboard/_48381_/B2 (AOI21_X4)
     2   11.03    0.03    0.05    3.20 ^ issue_stage_i.i_scoreboard/_48381_/ZN (AOI21_X4)
                                         issue_stage_i.i_scoreboard/_15623_ (net)
                  0.03    0.00    3.20 ^ issue_stage_i.i_scoreboard/_50913_/A2 (NOR2_X4)
     1    6.20    0.18    0.01    3.21 v issue_stage_i.i_scoreboard/_50913_/ZN (NOR2_X4)
                                         issue_stage_i.i_scoreboard/_18019_ (net)
                  0.18    0.00    3.21 v issue_stage_i.i_scoreboard/_50914_/B1 (AOI22_X4)
     2    8.93    0.04    0.09    3.30 ^ issue_stage_i.i_scoreboard/_50914_/ZN (AOI22_X4)
                                         issue_stage_i.rs1_valid_sb_iro (net)
                  0.04    0.00    3.30 ^ issue_stage_i.i_issue_read_operands/_15244_/A (INV_X4)
     2    8.77    0.01    0.01    3.31 v issue_stage_i.i_issue_read_operands/_15244_/ZN (INV_X4)
                                         issue_stage_i.i_issue_read_operands/_11708_ (net)
                  0.01    0.00    3.31 v issue_stage_i.i_issue_read_operands/_15295_/A1 (NOR2_X4)
     1    6.78    0.02    0.02    3.34 ^ issue_stage_i.i_issue_read_operands/_15295_/ZN (NOR2_X4)
                                         issue_stage_i.i_issue_read_operands/_11759_ (net)
                  0.02    0.00    3.34 ^ issue_stage_i.i_issue_read_operands/_15409_/B2 (AOI22_X4)
     1    3.60    0.02    0.02    3.36 v issue_stage_i.i_issue_read_operands/_15409_/ZN (AOI22_X4)
                                         issue_stage_i.i_issue_read_operands/_11873_ (net)
                  0.02    0.00    3.36 v issue_stage_i.i_issue_read_operands/_15681_/A (OAI221_X2)
     2   24.02    0.08    0.05    3.41 ^ issue_stage_i.i_issue_read_operands/_15681_/ZN (OAI221_X2)
                                         issue_stage_i.i_issue_read_operands/_12145_ (net)
                  0.08    0.01    3.42 ^ issue_stage_i.i_issue_read_operands/_15687_/B2 (OAI221_X2)
     2   26.41    0.05    0.08    3.50 v issue_stage_i.i_issue_read_operands/_15687_/ZN (OAI221_X2)
                                         issue_stage_i.i_issue_read_operands/_12151_ (net)
                  0.05    0.01    3.51 v issue_stage_i.i_issue_read_operands/_15689_/A1 (NOR2_X4)
     2    4.90    0.02    0.04    3.54 ^ issue_stage_i.i_issue_read_operands/_15689_/ZN (NOR2_X4)
                                         issue_stage_i.issue_ack_iro_sb (net)
                  0.02    0.00    3.54 ^ issue_stage_i.i_scoreboard/_33060_/A1 (AND2_X4)
     7   28.65    0.02    0.05    3.59 ^ issue_stage_i.i_scoreboard/_33060_/ZN (AND2_X4)
                                         issue_stage_i.i_scoreboard/_02408_ (net)
                  0.02    0.00    3.59 ^ issue_stage_i.i_scoreboard/place38395/A (BUF_X4)
     2   10.16    0.01    0.03    3.62 ^ issue_stage_i.i_scoreboard/place38395/Z (BUF_X4)
                                         issue_stage_i.i_scoreboard/net38394 (net)
                  0.01    0.00    3.62 ^ issue_stage_i.i_scoreboard/_33174_/A4 (AND4_X4)
    13   55.70    0.04    0.08    3.70 ^ issue_stage_i.i_scoreboard/_33174_/ZN (AND4_X4)
                                         issue_stage_i.i_scoreboard/_02522_ (net)
                  0.04    0.00    3.70 ^ issue_stage_i.i_scoreboard/_34476_/B2 (AOI21_X1)
     2    6.00    0.02    0.03    3.73 v issue_stage_i.i_scoreboard/_34476_/ZN (AOI21_X1)
                                         issue_stage_i.i_scoreboard/_03730_ (net)
                  0.02    0.00    3.73 v issue_stage_i.i_scoreboard/_34477_/A2 (NOR2_X2)
     2    3.67    0.02    0.03    3.77 ^ issue_stage_i.i_scoreboard/_34477_/ZN (NOR2_X2)
                                         issue_stage_i.i_scoreboard/_03731_ (net)
                  0.02    0.00    3.77 ^ issue_stage_i.i_scoreboard/_34478_/A (INV_X1)
     4    7.98    0.01    0.02    3.79 v issue_stage_i.i_scoreboard/_34478_/ZN (INV_X1)
                                         issue_stage_i.i_scoreboard/mem_n[1020] (net)
                  0.01    0.00    3.79 v issue_stage_i.i_scoreboard/_34640_/B (MUX2_X1)
     1    2.87    0.01    0.06    3.85 v issue_stage_i.i_scoreboard/_34640_/Z (MUX2_X1)
                                         issue_stage_i.i_scoreboard/_03868_ (net)
                  0.01    0.00    3.85 v issue_stage_i.i_scoreboard/_34649_/B1 (AOI222_X2)
     1   10.10    0.07    0.10    3.95 ^ issue_stage_i.i_scoreboard/_34649_/ZN (AOI222_X2)
                                         issue_stage_i.i_scoreboard/_03877_ (net)
                  0.07    0.00    3.95 ^ issue_stage_i.i_scoreboard/place37723/A (BUF_X4)
     3    7.74    0.01    0.03    3.99 ^ issue_stage_i.i_scoreboard/place37723/Z (BUF_X4)
                                         issue_stage_i.i_scoreboard/net37722 (net)
                  0.01    0.00    3.99 ^ issue_stage_i.i_scoreboard/_34680_/B (OAI211_X2)
     2    4.93    0.03    0.03    4.02 v issue_stage_i.i_scoreboard/_34680_/ZN (OAI211_X2)
                                         issue_stage_i.i_scoreboard/_03907_ (net)
                  0.03    0.00    4.02 v issue_stage_i.i_scoreboard/_34691_/B1 (OAI221_X2)
     1   13.63    0.06    0.08    4.10 ^ issue_stage_i.i_scoreboard/_34691_/ZN (OAI221_X2)
                                         issue_stage_i.i_scoreboard/_03918_ (net)
                  0.06    0.00    4.10 ^ issue_stage_i.i_scoreboard/place37325/A (BUF_X8)
     7   35.66    0.01    0.03    4.13 ^ issue_stage_i.i_scoreboard/place37325/Z (BUF_X8)
                                         issue_stage_i.i_scoreboard/net37324 (net)
                  0.02    0.01    4.14 ^ issue_stage_i.i_scoreboard/place37323/A (BUF_X1)
     1    2.42    0.01    0.03    4.17 ^ issue_stage_i.i_scoreboard/place37323/Z (BUF_X1)
                                         issue_stage_i.i_scoreboard/net37322 (net)
                  0.01    0.00    4.17 ^ issue_stage_i.i_scoreboard/_44969_/A2 (AND2_X2)
     4   34.81    0.04    0.06    4.23 ^ issue_stage_i.i_scoreboard/_44969_/ZN (AND2_X2)
                                         issue_stage_i.i_scoreboard/_12660_ (net)
                  0.04    0.01    4.24 ^ issue_stage_i.i_scoreboard/place37077/A (BUF_X1)
     2   11.09    0.03    0.05    4.29 ^ issue_stage_i.i_scoreboard/place37077/Z (BUF_X1)
                                         issue_stage_i.i_scoreboard/net37076 (net)
                  0.03    0.00    4.29 ^ issue_stage_i.i_scoreboard/place37076/A (BUF_X4)
    18   34.00    0.02    0.04    4.33 ^ issue_stage_i.i_scoreboard/place37076/Z (BUF_X4)
                                         issue_stage_i.i_scoreboard/net37075 (net)
                  0.02    0.00    4.34 ^ issue_stage_i.i_scoreboard/_45258_/B1 (AOI21_X1)
     1    1.52    0.01    0.02    4.36 v issue_stage_i.i_scoreboard/_45258_/ZN (AOI21_X1)
                                         issue_stage_i.i_scoreboard/_12914_ (net)
                  0.01    0.00    4.36 v issue_stage_i.i_scoreboard/_45259_/B2 (AOI21_X1)
     1    2.34    0.02    0.04    4.39 ^ issue_stage_i.i_scoreboard/_45259_/ZN (AOI21_X1)
                                         issue_stage_i.i_scoreboard/mem_n[525] (net)
                  0.02    0.00    4.39 ^ issue_stage_i.i_scoreboard/mem_q[525]$_DFF_PN0_/D (DFFR_X1)
                                  4.39   data arrival time

                  0.00    2.22    2.22   clock core_clock (rise edge)
                          0.54    2.76   clock network delay (ideal)
                          0.00    2.76   clock reconvergence pessimism
                                  2.76 ^ issue_stage_i.i_scoreboard/mem_q[525]$_DFF_PN0_/CK (DFFR_X1)
                         -0.04    2.72   library setup time
                                  2.72   data required time
-----------------------------------------------------------------------------
                                  2.72   data required time
                                 -4.39   data arrival time
-----------------------------------------------------------------------------
                                 -1.67   slack (VIOLATED)


Startpoint: i_cache_subsystem.i_nbdcache/i_miss_handler/state_q[2]$_DFFE_PN0P_
            (rising edge-triggered flip-flop clocked by core_clock)
Endpoint: axi_req_o[164] (output port clocked by vclk_core_clock)
Path Group: vclk_core_clock
Path Type: max

Fanout     Cap    Slew   Delay    Time   Description
-----------------------------------------------------------------------------
                  0.00    0.00    0.00   clock core_clock (rise edge)
                          0.54    0.54   clock network delay (ideal)
                  0.00    0.00    0.54 ^ i_cache_subsystem.i_nbdcache/i_miss_handler/state_q[2]$_DFFE_PN0P_/CK (DFFR_X1)
     2    4.45    0.01    0.09    0.62 v i_cache_subsystem.i_nbdcache/i_miss_handler/state_q[2]$_DFFE_PN0P_/Q (DFFR_X1)
                                         i_cache_subsystem.i_nbdcache/i_miss_handler/state_q[2] (net)
                  0.01    0.00    0.62 v i_cache_subsystem.i_nbdcache/i_miss_handler/_11607_/A2 (NAND2_X2)
     2    4.92    0.01    0.02    0.64 ^ i_cache_subsystem.i_nbdcache/i_miss_handler/_11607_/ZN (NAND2_X2)
                                         i_cache_subsystem.i_nbdcache/i_miss_handler/_07265_ (net)
                  0.01    0.00    0.64 ^ i_cache_subsystem.i_nbdcache/i_miss_handler/_11608_/A3 (OR3_X4)
     2   18.52    0.01    0.03    0.68 ^ i_cache_subsystem.i_nbdcache/i_miss_handler/_11608_/ZN (OR3_X4)
                                         i_cache_subsystem.i_nbdcache/i_miss_handler/_07266_ (net)
                  0.01    0.00    0.68 ^ i_cache_subsystem.i_nbdcache/i_miss_handler/place54927/A (BUF_X2)
    12   54.64    0.06    0.08    0.75 ^ i_cache_subsystem.i_nbdcache/i_miss_handler/place54927/Z (BUF_X2)
                                         i_cache_subsystem.i_nbdcache/i_miss_handler/net54926 (net)
                  0.06    0.01    0.77 ^ i_cache_subsystem.i_nbdcache/i_miss_handler/place54926/A (BUF_X2)
    23   53.54    0.06    0.08    0.85 ^ i_cache_subsystem.i_nbdcache/i_miss_handler/place54926/Z (BUF_X2)
                                         i_cache_subsystem.i_nbdcache/i_miss_handler/net54925 (net)
                  0.06    0.02    0.86 ^ i_cache_subsystem.i_nbdcache/i_miss_handler/_11682_/A1 (NOR2_X1)
     2    3.90    0.02    0.02    0.88 v i_cache_subsystem.i_nbdcache/i_miss_handler/_11682_/ZN (NOR2_X1)
                                         i_cache_subsystem.i_nbdcache/i_miss_handler/_07336_ (net)
                  0.02    0.00    0.88 v i_cache_subsystem.i_nbdcache/i_miss_handler/_11683_/A2 (AND2_X1)
     1    8.15    0.01    0.05    0.93 v i_cache_subsystem.i_nbdcache/i_miss_handler/_11683_/ZN (AND2_X1)
                                         i_cache_subsystem.i_nbdcache/i_miss_handler/_07337_ (net)
                  0.01    0.00    0.93 v i_cache_subsystem.i_nbdcache/i_miss_handler/_11684_/A3 (NOR3_X2)
     2    5.15    0.03    0.06    0.99 ^ i_cache_subsystem.i_nbdcache/i_miss_handler/_11684_/ZN (NOR3_X2)
                                         i_cache_subsystem.i_nbdcache/i_miss_handler/_07338_ (net)
                  0.03    0.00    0.99 ^ i_cache_subsystem.i_nbdcache/i_miss_handler/_11690_/A2 (AND3_X1)
     2    3.06    0.01    0.05    1.04 ^ i_cache_subsystem.i_nbdcache/i_miss_handler/_11690_/ZN (AND3_X1)
                                         i_cache_subsystem.i_nbdcache/i_miss_handler/_07342_ (net)
                  0.01    0.00    1.04 ^ i_cache_subsystem.i_nbdcache/i_miss_handler/_11705_/A1 (NAND3_X1)
     2    3.06    0.01    0.02    1.06 v i_cache_subsystem.i_nbdcache/i_miss_handler/_11705_/ZN (NAND3_X1)
                                         i_cache_subsystem.i_nbdcache/i_miss_handler/_07350_ (net)
                  0.01    0.00    1.06 v i_cache_subsystem.i_nbdcache/i_miss_handler/_11711_/A1 (OR3_X1)
     2    3.44    0.02    0.07    1.13 v i_cache_subsystem.i_nbdcache/i_miss_handler/_11711_/ZN (OR3_X1)
                                         i_cache_subsystem.i_nbdcache/i_miss_handler/_07354_ (net)
                  0.02    0.00    1.13 v i_cache_subsystem.i_nbdcache/i_miss_handler/_11716_/A1 (OR3_X1)
     2    3.49    0.02    0.07    1.21 v i_cache_subsystem.i_nbdcache/i_miss_handler/_11716_/ZN (OR3_X1)
                                         i_cache_subsystem.i_nbdcache/i_miss_handler/_07357_ (net)
                  0.02    0.00    1.21 v i_cache_subsystem.i_nbdcache/i_miss_handler/_11721_/A1 (OR3_X1)
     2    7.79    0.02    0.08    1.29 v i_cache_subsystem.i_nbdcache/i_miss_handler/_11721_/ZN (OR3_X1)
                                         i_cache_subsystem.i_nbdcache/i_miss_handler/_07360_ (net)
                  0.02    0.00    1.29 v i_cache_subsystem.i_nbdcache/i_miss_handler/_11722_/A2 (NOR2_X1)
     2    2.81    0.02    0.04    1.33 ^ i_cache_subsystem.i_nbdcache/i_miss_handler/_11722_/ZN (NOR2_X1)
                                         i_cache_subsystem.i_nbdcache/i_miss_handler/_07361_ (net)
                  0.02    0.00    1.33 ^ i_cache_subsystem.i_nbdcache/i_miss_handler/_11860_/A1 (NAND4_X1)
     2    3.10    0.02    0.03    1.36 v i_cache_subsystem.i_nbdcache/i_miss_handler/_11860_/ZN (NAND4_X1)
                                         i_cache_subsystem.i_nbdcache/i_miss_handler/_07483_ (net)
                  0.02    0.00    1.36 v i_cache_subsystem.i_nbdcache/i_miss_handler/_13626_/B1 (OAI21_X1)
     1    3.65    0.03    0.04    1.40 ^ i_cache_subsystem.i_nbdcache/i_miss_handler/_13626_/ZN (OAI21_X1)
                                         i_cache_subsystem.i_nbdcache/i_miss_handler/_08762_ (net)
                  0.03    0.00    1.40 ^ i_cache_subsystem.i_nbdcache/i_miss_handler/_13627_/B (XNOR2_X1)
     1    3.38    0.02    0.03    1.43 v i_cache_subsystem.i_nbdcache/i_miss_handler/_13627_/ZN (XNOR2_X1)
                                         i_cache_subsystem.i_nbdcache/i_miss_handler/_00400_ (net)
                  0.02    0.00    1.43 v i_cache_subsystem.i_nbdcache/i_miss_handler/_22898_/A (HA_X1)
     4    5.89    0.02    0.06    1.49 v i_cache_subsystem.i_nbdcache/i_miss_handler/_22898_/S (HA_X1)
                                         i_cache_subsystem.i_nbdcache/i_miss_handler/_00403_ (net)
                  0.02    0.00    1.49 v i_cache_subsystem.i_nbdcache/i_miss_handler/_14705_/B2 (AOI21_X1)
     2    3.91    0.03    0.05    1.54 ^ i_cache_subsystem.i_nbdcache/i_miss_handler/_14705_/ZN (AOI21_X1)
                                         i_cache_subsystem.i_nbdcache/i_miss_handler/_09381_ (net)
                  0.03    0.00    1.54 ^ i_cache_subsystem.i_nbdcache/i_miss_handler/_14710_/A (OAI21_X1)
     2    4.76    0.02    0.03    1.57 v i_cache_subsystem.i_nbdcache/i_miss_handler/_14710_/ZN (OAI21_X1)
                                         i_cache_subsystem.i_nbdcache/i_miss_handler/_09386_ (net)
                  0.02    0.00    1.57 v i_cache_subsystem.i_nbdcache/i_miss_handler/_14714_/B2 (AOI221_X1)
     1    2.97    0.05    0.09    1.66 ^ i_cache_subsystem.i_nbdcache/i_miss_handler/_14714_/ZN (AOI221_X1)
                                         i_cache_subsystem.i_nbdcache/i_miss_handler/_09390_ (net)
                  0.05    0.00    1.66 ^ i_cache_subsystem.i_nbdcache/i_miss_handler/_14737_/A (OAI21_X1)
     2    9.80    0.03    0.05    1.71 v i_cache_subsystem.i_nbdcache/i_miss_handler/_14737_/ZN (OAI21_X1)
                                         i_cache_subsystem.i_nbdcache/i_miss_handler/_09413_ (net)
                  0.03    0.00    1.71 v i_cache_subsystem.i_nbdcache/i_miss_handler/_14879_/A (AOI21_X4)
     2    8.20    0.02    0.05    1.76 ^ i_cache_subsystem.i_nbdcache/i_miss_handler/_14879_/ZN (AOI21_X4)
                                         i_cache_subsystem.i_nbdcache/i_miss_handler/_09555_ (net)
                  0.02    0.00    1.76 ^ i_cache_subsystem.i_nbdcache/i_miss_handler/place45777/A (BUF_X1)
     2    6.75    0.02    0.04    1.79 ^ i_cache_subsystem.i_nbdcache/i_miss_handler/place45777/Z (BUF_X1)
                                         i_cache_subsystem.i_nbdcache/i_miss_handler/net45776 (net)
                  0.02    0.00    1.79 ^ i_cache_subsystem.i_nbdcache/i_miss_handler/_14880_/B (XNOR2_X2)
     4    9.75    0.03    0.05    1.84 ^ i_cache_subsystem.i_nbdcache/i_miss_handler/_14880_/ZN (XNOR2_X2)
                                         i_cache_subsystem.i_nbdcache/i_miss_handler/_09556_ (net)
                  0.03    0.00    1.84 ^ i_cache_subsystem.i_nbdcache/i_miss_handler/_14881_/S (MUX2_X1)
     2    4.67    0.02    0.05    1.89 ^ i_cache_subsystem.i_nbdcache/i_miss_handler/_14881_/Z (MUX2_X1)
                                         i_cache_subsystem.i_nbdcache/i_miss_handler/_09557_ (net)
                  0.02    0.00    1.89 ^ i_cache_subsystem.i_nbdcache/i_miss_handler/_14882_/A2 (NAND2_X2)
     5   12.64    0.03    0.03    1.92 v i_cache_subsystem.i_nbdcache/i_miss_handler/_14882_/ZN (NAND2_X2)
                                         i_cache_subsystem.i_nbdcache/i_miss_handler/_09558_ (net)
                  0.03    0.00    1.92 v i_cache_subsystem.i_nbdcache/i_miss_handler/_16191_/A2 (AOI22_X1)
     2    8.95    0.06    0.08    2.00 ^ i_cache_subsystem.i_nbdcache/i_miss_handler/_16191_/ZN (AOI22_X1)
                                         i_cache_subsystem.i_nbdcache/i_miss_handler/_10848_ (net)
                  0.06    0.00    2.00 ^ i_cache_subsystem.i_nbdcache/i_miss_handler/_16192_/B (MUX2_X1)
     1    1.61    0.01    0.05    2.05 ^ i_cache_subsystem.i_nbdcache/i_miss_handler/_16192_/Z (MUX2_X1)
                                         i_cache_subsystem.i_nbdcache/i_miss_handler/_10849_ (net)
                  0.01    0.00    2.05 ^ i_cache_subsystem.i_nbdcache/i_miss_handler/_16193_/B1 (AOI221_X1)
     1    1.92    0.02    0.02    2.07 v i_cache_subsystem.i_nbdcache/i_miss_handler/_16193_/ZN (AOI221_X1)
                                         i_cache_subsystem.i_nbdcache/i_miss_handler/_10850_ (net)
                  0.02    0.00    2.07 v i_cache_subsystem.i_nbdcache/i_miss_handler/place44121/A (BUF_X2)
     1    7.42    0.01    0.03    2.10 v i_cache_subsystem.i_nbdcache/i_miss_handler/place44121/Z (BUF_X2)
                                         i_cache_subsystem.i_nbdcache/i_miss_handler/net44120 (net)
                  0.01    0.00    2.10 v i_cache_subsystem.i_nbdcache/i_miss_handler/_16194_/A (AOI221_X1)
     1   10.29    0.10    0.14    2.24 ^ i_cache_subsystem.i_nbdcache/i_miss_handler/_16194_/ZN (AOI221_X1)
                                         i_cache_subsystem.i_nbdcache/i_miss_handler/_10851_ (net)
                  0.10    0.00    2.24 ^ i_cache_subsystem.i_nbdcache/i_miss_handler/_16199_/A (OAI21_X1)
     1   14.69    0.04    0.07    2.31 v i_cache_subsystem.i_nbdcache/i_miss_handler/_16199_/ZN (OAI21_X1)
                                         i_cache_subsystem.axi_req_data[164] (net)
                  0.04    0.00    2.31 v _08213_/B2 (AOI22_X1)
     1   11.80    0.07    0.11    2.42 ^ _08213_/ZN (AOI22_X1)
                                         _02695_ (net)
                  0.07    0.00    2.43 ^ _08214_/A (INV_X1)
     1    1.17    0.01    0.01    2.43 v _08214_/ZN (INV_X1)
                                         net3321 (net)
                  0.01    0.00    2.43 v output3322/A (BUF_X1)
     1   10.63    0.01    0.04    2.47 v output3322/Z (BUF_X1)
                                         axi_req_o[164] (net)
                  0.01    0.00    2.48 v axi_req_o[164] (out)
                                  2.48   data arrival time

                  0.00    2.22    2.22   clock vclk_core_clock (rise edge)
                          0.54    2.76   clock network delay (ideal)
                          0.00    2.76   clock reconvergence pessimism
                         -0.44    2.31   output external delay
                                  2.31   data required time
-----------------------------------------------------------------------------
                                  2.31   data required time
                                 -2.48   data arrival time
-----------------------------------------------------------------------------
                                 -0.16   slack (VIOLATED)



==========================================================================
global place report_power
--------------------------------------------------------------------------
Group                  Internal  Switching    Leakage      Total
                          Power      Power      Power      Power (Watts)
----------------------------------------------------------------
Sequential             6.86e-02   3.13e-03   1.66e-03   7.33e-02  25.1%
Combinational          1.06e-02   1.80e-02   5.10e-03   3.37e-02  11.5%
Clock                  0.00e+00   0.00e+00   0.00e+00   0.00e+00   0.0%
Macro                  1.62e-01   0.00e+00   2.24e-02   1.85e-01  63.3%
Pad                    0.00e+00   0.00e+00   0.00e+00   0.00e+00   0.0%
----------------------------------------------------------------
Total                  2.42e-01   2.11e-02   2.92e-02   2.92e-01 100.0%
                          82.8%       7.2%      10.0%
