
==========================================================================
floorplan final report_tns
--------------------------------------------------------------------------
tns max -2466.06

==========================================================================
floorplan final report_wns
--------------------------------------------------------------------------
wns max -0.95

==========================================================================
floorplan final report_worst_slack
--------------------------------------------------------------------------
worst slack max -0.95

==========================================================================
floorplan final report_clock_min_period
--------------------------------------------------------------------------
core_clock period_min = 3.45 fmax = 289.46
vclk_core_clock period_min = 1.11 fmax = 903.94

==========================================================================
floorplan final report_checks -path_delay min
--------------------------------------------------------------------------
Startpoint: rst_ni (input port clocked by vclk_core_clock)
Endpoint: controller_i.fence_active_q$_DFFE_PN0P_
          (removal check against rising-edge clock core_clock)
Path Group: asynchronous
Path Type: min

Fanout     Cap    Slew   Delay    Time   Description
-----------------------------------------------------------------------------
                  0.00    0.00    0.00   clock vclk_core_clock (rise edge)
                          0.54    0.54   clock network delay (ideal)
                          0.50    1.03 ^ input external delay
 20618 36667.05    0.00    0.00    1.03 ^ rst_ni (in)
                                         rst_ni (net)
                  0.00    0.00    1.03 ^ controller_i.fence_active_q$_DFFE_PN0P_/RN (DFFR_X1)
                                  1.03   data arrival time

                  0.00    0.00    0.00   clock core_clock (rise edge)
                          0.54    0.54   clock network delay (ideal)
                          0.00    0.54   clock reconvergence pessimism
                                  0.54 ^ controller_i.fence_active_q$_DFFE_PN0P_/CK (DFFR_X1)
                          0.18    0.72   library removal time
                                  0.72   data required time
-----------------------------------------------------------------------------
                                  0.72   data required time
                                 -1.03   data arrival time
-----------------------------------------------------------------------------
                                  0.32   slack (MET)


Startpoint: csr_regfile_i/priv_lvl_q[1]$_DFFE_PN1P_
            (rising edge-triggered flip-flop clocked by core_clock)
Endpoint: csr_regfile_i/mstatus_q_mpp__1_$_DFF_PN0_
          (rising edge-triggered flip-flop clocked by core_clock)
Path Group: core_clock
Path Type: min

Fanout     Cap    Slew   Delay    Time   Description
-----------------------------------------------------------------------------
                  0.00    0.00    0.00   clock core_clock (rise edge)
                          0.54    0.54   clock network delay (ideal)
                  0.00    0.00    0.54 ^ csr_regfile_i/priv_lvl_q[1]$_DFFE_PN1P_/CK (DFFS_X1)
     1    1.71    0.01    0.06    0.60 ^ csr_regfile_i/priv_lvl_q[1]$_DFFE_PN1P_/QN (DFFS_X1)
                                         csr_regfile_i/_00363_ (net)
                  0.01    0.00    0.60 ^ csr_regfile_i/_13904_/C2 (AOI221_X1)
     1    1.05    0.01    0.01    0.61 v csr_regfile_i/_13904_/ZN (AOI221_X1)
                                         csr_regfile_i/mstatus_d_mpp__1_ (net)
                  0.01    0.00    0.61 v csr_regfile_i/mstatus_q_mpp__1_$_DFF_PN0_/D (DFFR_X1)
                                  0.61   data arrival time

                  0.00    0.00    0.00   clock core_clock (rise edge)
                          0.54    0.54   clock network delay (ideal)
                          0.00    0.54   clock reconvergence pessimism
                                  0.54 ^ csr_regfile_i/mstatus_q_mpp__1_$_DFF_PN0_/CK (DFFR_X1)
                          0.00    0.54   library hold time
                                  0.54   data required time
-----------------------------------------------------------------------------
                                  0.54   data required time
                                 -0.61   data arrival time
-----------------------------------------------------------------------------
                                  0.08   slack (MET)


Startpoint: i_cache_subsystem.i_nbdcache/i_miss_handler/mshr_q_addr__0_$_DFFE_PN0P_
            (rising edge-triggered flip-flop clocked by core_clock)
Endpoint: axi_req_o[210] (output port clocked by vclk_core_clock)
Path Group: vclk_core_clock
Path Type: min

Fanout     Cap    Slew   Delay    Time   Description
-----------------------------------------------------------------------------
                  0.00    0.00    0.00   clock core_clock (rise edge)
                          0.54    0.54   clock network delay (ideal)
                  0.00    0.00    0.54 ^ i_cache_subsystem.i_nbdcache/i_miss_handler/mshr_q_addr__0_$_DFFE_PN0P_/CK (DFFR_X1)
     1    1.62    0.01    0.06    0.60 ^ i_cache_subsystem.i_nbdcache/i_miss_handler/mshr_q_addr__0_$_DFFE_PN0P_/QN (DFFR_X1)
                                         i_cache_subsystem.i_nbdcache/i_miss_handler/_00143_ (net)
                  0.01    0.00    0.60 ^ i_cache_subsystem.i_nbdcache/i_miss_handler/_13562_/B2 (OAI22_X1)
     1    1.56    0.01    0.02    0.62 v i_cache_subsystem.i_nbdcache/i_miss_handler/_13562_/ZN (OAI22_X1)
                                         i_cache_subsystem.axi_req_data[210] (net)
                  0.01    0.00    0.62 v _08052_/A1 (NAND3_X1)
     1    1.67    0.01    0.01    0.63 ^ _08052_/ZN (NAND3_X1)
                                         _02590_ (net)
                  0.01    0.00    0.63 ^ _08054_/A (OAI21_X1)
     1    0.00    0.00    0.01    0.64 v _08054_/ZN (OAI21_X1)
                                         axi_req_o[210] (net)
                  0.00    0.00    0.64 v axi_req_o[210] (out)
                                  0.64   data arrival time

                  0.00    0.00    0.00   clock vclk_core_clock (rise edge)
                          0.54    0.54   clock network delay (ideal)
                          0.00    0.54   clock reconvergence pessimism
                         -0.50    0.04   output external delay
                                  0.04   data required time
-----------------------------------------------------------------------------
                                  0.04   data required time
                                 -0.64   data arrival time
-----------------------------------------------------------------------------
                                  0.61   slack (MET)



==========================================================================
floorplan final report_checks -path_delay max
--------------------------------------------------------------------------
Startpoint: rst_ni (input port clocked by vclk_core_clock)
Endpoint: csr_regfile_i/dcache_en_o$_DFFE_PN1P_
          (recovery check against rising-edge clock core_clock)
Path Group: asynchronous
Path Type: max

Fanout     Cap    Slew   Delay    Time   Description
-----------------------------------------------------------------------------
                  0.00    0.00    0.00   clock vclk_core_clock (rise edge)
                          0.54    0.54   clock network delay (ideal)
                          0.50    1.03 ^ input external delay
 20618 36667.05    0.00    0.00    1.03 ^ rst_ni (in)
                                         rst_ni (net)
                  0.00    0.00    1.03 ^ csr_regfile_i/dcache_en_o$_DFFE_PN1P_/SN (DFFS_X1)
                                  1.03   data arrival time

                  0.00    2.50    2.50   clock core_clock (rise edge)
                          0.54    3.04   clock network delay (ideal)
                          0.00    3.04   clock reconvergence pessimism
                                  3.04 ^ csr_regfile_i/dcache_en_o$_DFFE_PN1P_/CK (DFFS_X1)
                          0.04    3.08   library recovery time
                                  3.08   data required time
-----------------------------------------------------------------------------
                                  3.08   data required time
                                 -1.03   data arrival time
-----------------------------------------------------------------------------
                                  2.04   slack (MET)


Startpoint: issue_stage_i.i_scoreboard/commit_pointer_q[0]$_DFF_PN0_
            (rising edge-triggered flip-flop clocked by core_clock)
Endpoint: ex_stage_i/i_mult.i_div.op_a_q[63]$_DFFE_PN0P_
          (rising edge-triggered flip-flop clocked by core_clock)
Path Group: core_clock
Path Type: max

Fanout     Cap    Slew   Delay    Time   Description
-----------------------------------------------------------------------------
                  0.00    0.00    0.00   clock core_clock (rise edge)
                          0.54    0.54   clock network delay (ideal)
                  0.00    0.00    0.54 ^ issue_stage_i.i_scoreboard/commit_pointer_q[0]$_DFF_PN0_/CK (DFFR_X1)
     4   12.44    0.03    0.12    0.66 ^ issue_stage_i.i_scoreboard/commit_pointer_q[0]$_DFF_PN0_/Q (DFFR_X1)
                                         issue_stage_i.i_scoreboard/N68 (net)
                  0.03    0.00    0.66 ^ issue_stage_i.i_scoreboard/_59746_/B (HA_X1)
     2    4.38    0.01    0.04    0.70 ^ issue_stage_i.i_scoreboard/_59746_/CO (HA_X1)
                                         issue_stage_i.i_scoreboard/_00112_ (net)
                  0.01    0.00    0.70 ^ issue_stage_i.i_scoreboard/_33322_/A (BUF_X4)
    10   16.10    0.01    0.03    0.73 ^ issue_stage_i.i_scoreboard/_33322_/Z (BUF_X4)
                                         issue_stage_i.i_scoreboard/_02665_ (net)
                  0.01    0.00    0.73 ^ issue_stage_i.i_scoreboard/_33323_/A2 (AND2_X4)
     1    6.59    0.01    0.03    0.76 ^ issue_stage_i.i_scoreboard/_33323_/ZN (AND2_X4)
                                         issue_stage_i.i_scoreboard/_02666_ (net)
                  0.01    0.00    0.76 ^ issue_stage_i.i_scoreboard/_33324_/A (BUF_X8)
     8   20.04    0.01    0.02    0.79 ^ issue_stage_i.i_scoreboard/_33324_/Z (BUF_X8)
                                         issue_stage_i.i_scoreboard/_02667_ (net)
                  0.01    0.00    0.79 ^ issue_stage_i.i_scoreboard/_33325_/A (BUF_X16)
    10   32.42    0.01    0.02    0.81 ^ issue_stage_i.i_scoreboard/_33325_/Z (BUF_X16)
                                         issue_stage_i.i_scoreboard/_02668_ (net)
                  0.01    0.00    0.81 ^ issue_stage_i.i_scoreboard/_51644_/A (BUF_X16)
     7   17.41    0.01    0.02    0.83 ^ issue_stage_i.i_scoreboard/_51644_/Z (BUF_X16)
                                         issue_stage_i.i_scoreboard/_18685_ (net)
                  0.01    0.00    0.83 ^ issue_stage_i.i_scoreboard/_51799_/A (AOI21_X4)
     1    2.94    0.01    0.01    0.84 v issue_stage_i.i_scoreboard/_51799_/ZN (AOI21_X4)
                                         issue_stage_i.i_scoreboard/_18827_ (net)
                  0.01    0.00    0.84 v issue_stage_i.i_scoreboard/_51800_/A (AOI21_X2)
     1    1.66    0.02    0.03    0.87 ^ issue_stage_i.i_scoreboard/_51800_/ZN (AOI21_X2)
                                         issue_stage_i.i_scoreboard/_18828_ (net)
                  0.02    0.00    0.87 ^ issue_stage_i.i_scoreboard/_51801_/B1 (OAI21_X1)
     1    0.91    0.01    0.01    0.89 v issue_stage_i.i_scoreboard/_51801_/ZN (OAI21_X1)
                                         issue_stage_i.i_scoreboard/_18829_ (net)
                  0.01    0.00    0.89 v issue_stage_i.i_scoreboard/_51802_/A (MUX2_X1)
     1    0.90    0.01    0.06    0.94 v issue_stage_i.i_scoreboard/_51802_/Z (MUX2_X1)
                                         issue_stage_i.i_scoreboard/_18830_ (net)
                  0.01    0.00    0.94 v issue_stage_i.i_scoreboard/_51803_/B (MUX2_X1)
     1    0.90    0.01    0.06    1.00 v issue_stage_i.i_scoreboard/_51803_/Z (MUX2_X1)
                                         issue_stage_i.i_scoreboard/_18831_ (net)
                  0.01    0.00    1.00 v issue_stage_i.i_scoreboard/_51804_/B (MUX2_X1)
     1    0.90    0.01    0.06    1.05 v issue_stage_i.i_scoreboard/_51804_/Z (MUX2_X1)
                                         issue_stage_i.i_scoreboard/_18832_ (net)
                  0.01    0.00    1.05 v issue_stage_i.i_scoreboard/_51805_/B (MUX2_X1)
     3    5.93    0.01    0.07    1.12 v issue_stage_i.i_scoreboard/_51805_/Z (MUX2_X1)
                                         commit_instr_id_commit[285] (net)
                  0.01    0.00    1.12 v _05341_/A (BUF_X4)
     4   11.06    0.01    0.03    1.15 v _05341_/Z (BUF_X4)
                                         _00569_ (net)
                  0.01    0.00    1.15 v _05342_/C2 (OAI211_X4)
     1    6.40    0.02    0.03    1.18 ^ _05342_/ZN (OAI211_X4)
                                         _00570_ (net)
                  0.02    0.00    1.18 ^ _05343_/B1 (AOI21_X4)
     1    5.68    0.01    0.02    1.20 v _05343_/ZN (AOI21_X4)
                                         _00571_ (net)
                  0.01    0.00    1.20 v _05348_/A1 (AOI22_X4)
     3    9.97    0.03    0.04    1.24 ^ _05348_/ZN (AOI22_X4)
                                         _00576_ (net)
                  0.03    0.00    1.24 ^ _05349_/A1 (NOR2_X4)
     5   17.15    0.01    0.02    1.25 v _05349_/ZN (NOR2_X4)
                                         _00577_ (net)
                  0.01    0.00    1.25 v _05350_/A (INV_X4)
     2    8.12    0.01    0.02    1.27 ^ _05350_/ZN (INV_X4)
                                         _00578_ (net)
                  0.01    0.00    1.27 ^ _05357_/B1 (AOI21_X4)
     5   11.11    0.02    0.02    1.29 v _05357_/ZN (AOI21_X4)
                                         _00583_ (net)
                  0.02    0.00    1.29 v _05831_/A2 (NAND2_X4)
     6   13.73    0.01    0.03    1.31 ^ _05831_/ZN (NAND2_X4)
                                         _00924_ (net)
                  0.01    0.00    1.31 ^ _05936_/A (BUF_X8)
    10   28.75    0.01    0.03    1.34 ^ _05936_/Z (BUF_X8)
                                         _00964_ (net)
                  0.01    0.00    1.34 ^ _05937_/A (BUF_X16)
    10   28.24    0.01    0.02    1.36 ^ _05937_/Z (BUF_X16)
                                         _00965_ (net)
                  0.01    0.00    1.36 ^ _06077_/A2 (NOR2_X4)
     1    3.00    0.01    0.01    1.37 v _06077_/ZN (NOR2_X4)
                                         commit_stage_i.csr_op_o[1] (net)
                  0.01    0.00    1.37 v csr_regfile_i/_07760_/A (BUF_X4)
     5    7.69    0.01    0.02    1.40 v csr_regfile_i/_07760_/Z (BUF_X4)
                                         csr_regfile_i/_02548_ (net)
                  0.01    0.00    1.40 v csr_regfile_i/_07761_/A2 (OR3_X4)
     3   10.22    0.01    0.07    1.47 v csr_regfile_i/_07761_/ZN (OR3_X4)
                                         csr_regfile_i/_02549_ (net)
                  0.01    0.00    1.47 v csr_regfile_i/_07762_/A1 (NOR3_X4)
    10   22.82    0.06    0.07    1.53 ^ csr_regfile_i/_07762_/ZN (NOR3_X4)
                                         csr_regfile_i/_02550_ (net)
                  0.06    0.00    1.53 ^ csr_regfile_i/_07768_/A (AOI21_X4)
     5   15.67    0.02    0.03    1.56 v csr_regfile_i/_07768_/ZN (AOI21_X4)
                                         csr_regfile_i/_02556_ (net)
                  0.02    0.00    1.56 v csr_regfile_i/_07769_/A1 (NOR2_X4)
     2    7.22    0.02    0.03    1.59 ^ csr_regfile_i/_07769_/ZN (NOR2_X4)
                                         csr_regfile_i/_02557_ (net)
                  0.02    0.00    1.59 ^ csr_regfile_i/_07883_/A1 (NAND4_X4)
     2    4.54    0.02    0.02    1.61 v csr_regfile_i/_07883_/ZN (NAND4_X4)
                                         csr_regfile_i/_02671_ (net)
                  0.02    0.00    1.61 v csr_regfile_i/_07956_/A1 (AND4_X4)
     4   10.77    0.01    0.04    1.65 v csr_regfile_i/_07956_/ZN (AND4_X4)
                                         csr_regfile_i/_02744_ (net)
                  0.01    0.00    1.65 v csr_regfile_i/_07991_/A2 (NOR2_X4)
     4   13.41    0.02    0.04    1.69 ^ csr_regfile_i/_07991_/ZN (NOR2_X4)
                                         csr_regfile_i/_02778_ (net)
                  0.02    0.00    1.69 ^ csr_regfile_i/_08013_/A2 (OR2_X4)
     3   14.35    0.01    0.03    1.72 ^ csr_regfile_i/_08013_/ZN (OR2_X4)
                                         commit_stage_i.csr_exception_i[0] (net)
                  0.01    0.00    1.72 ^ _05368_/A1 (NAND3_X4)
     1   11.00    0.01    0.02    1.74 v _05368_/ZN (NAND3_X4)
                                         _00593_ (net)
                  0.01    0.00    1.74 v _05369_/A (BUF_X16)
    10   44.66    0.01    0.03    1.77 v _05369_/Z (BUF_X16)
                                         _00594_ (net)
                  0.01    0.00    1.77 v _05573_/A (BUF_X16)
    10   19.91    0.00    0.02    1.80 v _05573_/Z (BUF_X16)
                                         _00764_ (net)
                  0.00    0.00    1.80 v _05594_/A3 (NAND3_X4)
     1    6.71    0.02    0.02    1.81 ^ _05594_/ZN (NAND3_X4)
                                         _00781_ (net)
                  0.02    0.00    1.81 ^ _05595_/B2 (AOI21_X4)
     1    2.94    0.01    0.01    1.83 v _05595_/ZN (AOI21_X4)
                                         _00782_ (net)
                  0.01    0.00    1.83 v _05596_/A (AOI21_X2)
     1    3.35    0.02    0.04    1.87 ^ _05596_/ZN (AOI21_X2)
                                         _00783_ (net)
                  0.02    0.00    1.87 ^ _05597_/A2 (NOR2_X2)
     3    5.31    0.01    0.01    1.88 v _05597_/ZN (NOR2_X2)
                                         commit_stage_i.exception_o[93] (net)
                  0.01    0.00    1.88 v csr_regfile_i/_08843_/A4 (NOR4_X2)
     1    3.29    0.04    0.08    1.96 ^ csr_regfile_i/_08843_/ZN (NOR4_X2)
                                         csr_regfile_i/_03606_ (net)
                  0.04    0.00    1.96 ^ csr_regfile_i/_08844_/A2 (NAND3_X2)
     2    7.35    0.02    0.04    2.00 v csr_regfile_i/_08844_/ZN (NAND3_X2)
                                         csr_regfile_i/_03607_ (net)
                  0.02    0.00    2.00 v csr_regfile_i/_08857_/A4 (NOR4_X4)
     2    7.87    0.05    0.09    2.09 ^ csr_regfile_i/_08857_/ZN (NOR4_X4)
                                         csr_regfile_i/_03620_ (net)
                  0.05    0.00    2.09 ^ csr_regfile_i/_13884_/A1 (NAND3_X4)
     1    6.16    0.02    0.03    2.11 v csr_regfile_i/_13884_/ZN (NAND3_X4)
                                         csr_regfile_i/_01767_ (net)
                  0.02    0.00    2.11 v csr_regfile_i/_13885_/A1 (NAND3_X4)
     2    7.86    0.01    0.02    2.13 ^ csr_regfile_i/_13885_/ZN (NAND3_X4)
                                         csr_regfile_i/_01768_ (net)
                  0.01    0.00    2.13 ^ csr_regfile_i/_13886_/A2 (NAND2_X4)
     1    5.62    0.01    0.01    2.15 v csr_regfile_i/_13886_/ZN (NAND2_X4)
                                         csr_regfile_i/_01769_ (net)
                  0.01    0.00    2.15 v csr_regfile_i/_13887_/A (OAI21_X4)
     3    9.16    0.02    0.02    2.17 ^ csr_regfile_i/_13887_/ZN (OAI21_X4)
                                         controller_i.set_debug_pc_i (net)
                  0.02    0.00    2.17 ^ _05388_/A1 (NOR3_X4)
     1    5.70    0.01    0.01    2.18 v _05388_/ZN (NOR3_X4)
                                         _00612_ (net)
                  0.01    0.00    2.18 v _05389_/A1 (NAND2_X4)
     7   20.18    0.02    0.02    2.20 ^ _05389_/ZN (NAND2_X4)
                                         controller_i.flush_ex_o (net)
                  0.02    0.00    2.20 ^ ex_stage_i/_19849_/A (BUF_X16)
     8   35.05    0.01    0.03    2.23 ^ ex_stage_i/_19849_/Z (BUF_X16)
                                         ex_stage_i/_15433_ (net)
                  0.01    0.00    2.23 ^ ex_stage_i/_19852_/A1 (NOR3_X1)
     2    2.37    0.01    0.01    2.24 v ex_stage_i/_19852_/ZN (NOR3_X1)
                                         ex_stage_i/_15436_ (net)
                  0.01    0.00    2.24 v ex_stage_i/_19853_/A3 (NAND3_X1)
     5    5.41    0.02    0.03    2.27 ^ ex_stage_i/_19853_/ZN (NAND3_X1)
                                         ex_stage_i/_15437_ (net)
                  0.02    0.00    2.27 ^ ex_stage_i/_19854_/A (BUF_X1)
    10   15.98    0.04    0.06    2.33 ^ ex_stage_i/_19854_/Z (BUF_X1)
                                         ex_stage_i/_15438_ (net)
                  0.04    0.00    2.33 ^ ex_stage_i/_19855_/A (BUF_X1)
    10   16.10    0.04    0.06    2.40 ^ ex_stage_i/_19855_/Z (BUF_X1)
                                         ex_stage_i/_15439_ (net)
                  0.04    0.00    2.40 ^ ex_stage_i/_19876_/A (BUF_X2)
    10   16.86    0.02    0.05    2.44 ^ ex_stage_i/_19876_/Z (BUF_X2)
                                         ex_stage_i/_15460_ (net)
                  0.02    0.00    2.44 ^ ex_stage_i/_19877_/A (BUF_X2)
    10   16.76    0.02    0.04    2.48 ^ ex_stage_i/_19877_/Z (BUF_X2)
                                         ex_stage_i/_15461_ (net)
                  0.02    0.00    2.48 ^ ex_stage_i/_20386_/A (BUF_X2)
    10   16.16    0.02    0.04    2.52 ^ ex_stage_i/_20386_/Z (BUF_X2)
                                         ex_stage_i/_15854_ (net)
                  0.02    0.00    2.52 ^ ex_stage_i/_20387_/A (BUF_X1)
    10   14.22    0.04    0.06    2.58 ^ ex_stage_i/_20387_/Z (BUF_X1)
                                         ex_stage_i/_15855_ (net)
                  0.04    0.00    2.58 ^ ex_stage_i/_20393_/A (BUF_X1)
    10   14.09    0.03    0.06    2.64 ^ ex_stage_i/_20393_/Z (BUF_X1)
                                         ex_stage_i/_15860_ (net)
                  0.03    0.00    2.64 ^ ex_stage_i/_20394_/A (BUF_X1)
    10   11.87    0.03    0.05    2.69 ^ ex_stage_i/_20394_/Z (BUF_X1)
                                         ex_stage_i/_15861_ (net)
                  0.03    0.00    2.69 ^ ex_stage_i/_20395_/A1 (NOR2_X1)
     1    1.54    0.01    0.01    2.70 v ex_stage_i/_20395_/ZN (NOR2_X1)
                                         ex_stage_i/_15862_ (net)
                  0.01    0.00    2.70 v ex_stage_i/_20399_/A (AOI21_X1)
     1    3.45    0.03    0.05    2.75 ^ ex_stage_i/_20399_/ZN (AOI21_X1)
                                         ex_stage_i/_00313_ (net)
                  0.03    0.00    2.75 ^ ex_stage_i/_36625_/B (HA_X1)
     3    4.81    0.02    0.04    2.80 ^ ex_stage_i/_36625_/CO (HA_X1)
                                         ex_stage_i/_00314_ (net)
                  0.02    0.00    2.80 ^ ex_stage_i/_20186_/A1 (NAND3_X1)
     3    5.45    0.02    0.03    2.83 v ex_stage_i/_20186_/ZN (NAND3_X1)
                                         ex_stage_i/_15754_ (net)
                  0.02    0.00    2.83 v ex_stage_i/_20190_/A (AOI21_X1)
     4    7.55    0.05    0.07    2.90 ^ ex_stage_i/_20190_/ZN (AOI21_X1)
                                         ex_stage_i/_15758_ (net)
                  0.05    0.00    2.90 ^ ex_stage_i/_20448_/A (INV_X1)
     3    4.61    0.02    0.02    2.92 v ex_stage_i/_20448_/ZN (INV_X1)
                                         ex_stage_i/_15903_ (net)
                  0.02    0.00    2.92 v ex_stage_i/_20449_/A2 (NOR2_X1)
     3    5.89    0.03    0.05    2.97 ^ ex_stage_i/_20449_/ZN (NOR2_X1)
                                         ex_stage_i/_15904_ (net)
                  0.03    0.00    2.97 ^ ex_stage_i/_20491_/A2 (NAND2_X1)
     4    5.41    0.02    0.03    3.00 v ex_stage_i/_20491_/ZN (NAND2_X1)
                                         ex_stage_i/_15938_ (net)
                  0.02    0.00    3.00 v ex_stage_i/_20520_/A2 (OR2_X1)
     2    2.19    0.01    0.05    3.05 v ex_stage_i/_20520_/ZN (OR2_X1)
                                         ex_stage_i/_15962_ (net)
                  0.01    0.00    3.05 v ex_stage_i/_20541_/A1 (OR3_X1)
     2    3.91    0.02    0.07    3.12 v ex_stage_i/_20541_/ZN (OR3_X1)
                                         ex_stage_i/_15980_ (net)
                  0.02    0.00    3.12 v ex_stage_i/_20542_/B (XOR2_X1)
     1    0.91    0.01    0.06    3.18 v ex_stage_i/_20542_/Z (XOR2_X1)
                                         ex_stage_i/_15981_ (net)
                  0.01    0.00    3.18 v ex_stage_i/_20547_/A (MUX2_X1)
     1    3.34    0.01    0.06    3.24 v ex_stage_i/_20547_/Z (MUX2_X1)
                                         ex_stage_i/_00245_ (net)
                  0.01    0.00    3.24 v ex_stage_i/_36608_/B (HA_X1)
     1    0.88    0.01    0.05    3.30 v ex_stage_i/_36608_/S (HA_X1)
                                         ex_stage_i/_00247_ (net)
                  0.01    0.00    3.30 v ex_stage_i/_32445_/A (BUF_X1)
     6    8.86    0.01    0.04    3.34 v ex_stage_i/_32445_/Z (BUF_X1)
                                         ex_stage_i/_13136_ (net)
                  0.01    0.00    3.34 v ex_stage_i/_33048_/B1 (AOI21_X1)
     1    1.57    0.02    0.03    3.36 ^ ex_stage_i/_33048_/ZN (AOI21_X1)
                                         ex_stage_i/_13720_ (net)
                  0.02    0.00    3.36 ^ ex_stage_i/_33049_/B2 (OAI21_X1)
     1    0.89    0.01    0.02    3.38 v ex_stage_i/_33049_/ZN (OAI21_X1)
                                         ex_stage_i/_13721_ (net)
                  0.01    0.00    3.38 v ex_stage_i/_33050_/A2 (AND2_X1)
     1    1.55    0.01    0.03    3.41 v ex_stage_i/_33050_/ZN (AND2_X1)
                                         ex_stage_i/_13722_ (net)
                  0.01    0.00    3.41 v ex_stage_i/_33051_/A4 (NOR4_X1)
     1    1.67    0.04    0.08    3.49 ^ ex_stage_i/_33051_/ZN (NOR4_X1)
                                         ex_stage_i/_13723_ (net)
                  0.04    0.00    3.49 ^ ex_stage_i/_33054_/A (OAI21_X1)
     5    8.28    0.03    0.04    3.53 v ex_stage_i/_33054_/ZN (OAI21_X1)
                                         ex_stage_i/_13726_ (net)
                  0.03    0.00    3.53 v ex_stage_i/_33056_/B1 (OAI21_X1)
     2    3.22    0.03    0.04    3.58 ^ ex_stage_i/_33056_/ZN (OAI21_X1)
                                         ex_stage_i/_13728_ (net)
                  0.03    0.00    3.58 ^ ex_stage_i/_33073_/A2 (NAND4_X1)
     3    4.44    0.03    0.04    3.62 v ex_stage_i/_33073_/ZN (NAND4_X1)
                                         ex_stage_i/_13745_ (net)
                  0.03    0.00    3.62 v ex_stage_i/_33483_/B1 (OAI21_X1)
     3    4.92    0.03    0.05    3.67 ^ ex_stage_i/_33483_/ZN (OAI21_X1)
                                         ex_stage_i/_14122_ (net)
                  0.03    0.00    3.67 ^ ex_stage_i/_33484_/B2 (AOI21_X1)
     1    3.04    0.02    0.02    3.69 v ex_stage_i/_33484_/ZN (AOI21_X1)
                                         ex_stage_i/_14123_ (net)
                  0.02    0.00    3.69 v ex_stage_i/_33491_/A2 (NOR3_X2)
     3    7.14    0.04    0.06    3.76 ^ ex_stage_i/_33491_/ZN (NOR3_X2)
                                         ex_stage_i/_14130_ (net)
                  0.04    0.00    3.76 ^ ex_stage_i/_34450_/C1 (OAI211_X2)
     1    1.55    0.02    0.02    3.78 v ex_stage_i/_34450_/ZN (OAI211_X2)
                                         ex_stage_i/_14791_ (net)
                  0.02    0.00    3.78 v ex_stage_i/_34451_/B2 (AOI221_X1)
     1    2.57    0.05    0.09    3.87 ^ ex_stage_i/_34451_/ZN (AOI221_X1)
                                         ex_stage_i/_14792_ (net)
                  0.05    0.00    3.87 ^ ex_stage_i/_34452_/B (XNOR2_X1)
     1    0.90    0.02    0.02    3.89 v ex_stage_i/_34452_/ZN (XNOR2_X1)
                                         ex_stage_i/_14793_ (net)
                  0.02    0.00    3.89 v ex_stage_i/_34453_/B (MUX2_X1)
     1    1.05    0.01    0.06    3.95 v ex_stage_i/_34453_/Z (MUX2_X1)
                                         ex_stage_i/_02363_ (net)
                  0.01    0.00    3.95 v ex_stage_i/i_mult.i_div.op_a_q[63]$_DFFE_PN0P_/D (DFFR_X1)
                                  3.95   data arrival time

                  0.00    2.50    2.50   clock core_clock (rise edge)
                          0.54    3.04   clock network delay (ideal)
                          0.00    3.04   clock reconvergence pessimism
                                  3.04 ^ ex_stage_i/i_mult.i_div.op_a_q[63]$_DFFE_PN0P_/CK (DFFR_X1)
                         -0.04    2.99   library setup time
                                  2.99   data required time
-----------------------------------------------------------------------------
                                  2.99   data required time
                                 -3.95   data arrival time
-----------------------------------------------------------------------------
                                 -0.95   slack (VIOLATED)


Startpoint: ex_stage_i/lsu_i.i_store_unit.i_amo_buffer.i_amo_fifo.i_fifo_v3.data_o[4]$_DFFE_PN0P_
            (rising edge-triggered flip-flop clocked by core_clock)
Endpoint: axi_req_o[141] (output port clocked by vclk_core_clock)
Path Group: vclk_core_clock
Path Type: max

Fanout     Cap    Slew   Delay    Time   Description
-----------------------------------------------------------------------------
                  0.00    0.00    0.00   clock core_clock (rise edge)
                          0.54    0.54   clock network delay (ideal)
                  0.00    0.00    0.54 ^ ex_stage_i/lsu_i.i_store_unit.i_amo_buffer.i_amo_fifo.i_fifo_v3.data_o[4]$_DFFE_PN0P_/CK (DFFR_X1)
     2    2.49    0.01    0.09    0.62 v ex_stage_i/lsu_i.i_store_unit.i_amo_buffer.i_amo_fifo.i_fifo_v3.data_o[4]$_DFFE_PN0P_/Q (DFFR_X1)
                                         amo_req[2] (net)
                  0.01    0.00    0.62 v i_cache_subsystem.i_nbdcache/i_miss_handler/_11653_/A (BUF_X2)
     5    8.90    0.01    0.03    0.65 v i_cache_subsystem.i_nbdcache/i_miss_handler/_11653_/Z (BUF_X2)
                                         i_cache_subsystem.i_nbdcache/i_miss_handler/_07307_ (net)
                  0.01    0.00    0.65 v i_cache_subsystem.i_nbdcache/i_miss_handler/_11654_/A4 (OR4_X4)
     2    7.40    0.02    0.11    0.76 v i_cache_subsystem.i_nbdcache/i_miss_handler/_11654_/ZN (OR4_X4)
                                         i_cache_subsystem.i_nbdcache/i_miss_handler/_07308_ (net)
                  0.02    0.00    0.76 v i_cache_subsystem.i_nbdcache/i_miss_handler/_11655_/A3 (NOR3_X4)
     6    8.34    0.03    0.06    0.82 ^ i_cache_subsystem.i_nbdcache/i_miss_handler/_11655_/ZN (NOR3_X4)
                                         i_cache_subsystem.i_nbdcache/i_miss_handler/_07309_ (net)
                  0.03    0.00    0.82 ^ i_cache_subsystem.i_nbdcache/i_miss_handler/_11660_/A2 (AND3_X1)
     2    2.59    0.01    0.05    0.87 ^ i_cache_subsystem.i_nbdcache/i_miss_handler/_11660_/ZN (AND3_X1)
                                         i_cache_subsystem.i_nbdcache/i_miss_handler/_07314_ (net)
                  0.01    0.00    0.87 ^ i_cache_subsystem.i_nbdcache/i_miss_handler/_11661_/B2 (AOI21_X1)
     6    9.48    0.02    0.03    0.90 v i_cache_subsystem.i_nbdcache/i_miss_handler/_11661_/ZN (AOI21_X1)
                                         i_cache_subsystem.i_nbdcache/i_miss_handler/_07315_ (net)
                  0.02    0.00    0.90 v i_cache_subsystem.i_nbdcache/i_miss_handler/_11684_/A1 (NOR3_X2)
     3    4.23    0.03    0.04    0.94 ^ i_cache_subsystem.i_nbdcache/i_miss_handler/_11684_/ZN (NOR3_X2)
                                         i_cache_subsystem.i_nbdcache/i_miss_handler/_07338_ (net)
                  0.03    0.00    0.94 ^ i_cache_subsystem.i_nbdcache/i_miss_handler/_11690_/A2 (AND3_X1)
     3    4.88    0.02    0.06    1.00 ^ i_cache_subsystem.i_nbdcache/i_miss_handler/_11690_/ZN (AND3_X1)
                                         i_cache_subsystem.i_nbdcache/i_miss_handler/_07342_ (net)
                  0.02    0.00    1.00 ^ i_cache_subsystem.i_nbdcache/i_miss_handler/_11705_/A1 (NAND3_X1)
     2    2.28    0.01    0.02    1.03 v i_cache_subsystem.i_nbdcache/i_miss_handler/_11705_/ZN (NAND3_X1)
                                         i_cache_subsystem.i_nbdcache/i_miss_handler/_07350_ (net)
                  0.01    0.00    1.03 v i_cache_subsystem.i_nbdcache/i_miss_handler/_11711_/A1 (OR3_X1)
     2    2.28    0.01    0.07    1.09 v i_cache_subsystem.i_nbdcache/i_miss_handler/_11711_/ZN (OR3_X1)
                                         i_cache_subsystem.i_nbdcache/i_miss_handler/_07354_ (net)
                  0.01    0.00    1.09 v i_cache_subsystem.i_nbdcache/i_miss_handler/_11716_/A1 (OR3_X1)
     2    2.28    0.01    0.07    1.16 v i_cache_subsystem.i_nbdcache/i_miss_handler/_11716_/ZN (OR3_X1)
                                         i_cache_subsystem.i_nbdcache/i_miss_handler/_07357_ (net)
                  0.01    0.00    1.16 v i_cache_subsystem.i_nbdcache/i_miss_handler/_11721_/A1 (OR3_X1)
     2    3.07    0.01    0.07    1.23 v i_cache_subsystem.i_nbdcache/i_miss_handler/_11721_/ZN (OR3_X1)
                                         i_cache_subsystem.i_nbdcache/i_miss_handler/_07360_ (net)
                  0.01    0.00    1.23 v i_cache_subsystem.i_nbdcache/i_miss_handler/_11722_/A2 (NOR2_X1)
     4    6.41    0.04    0.05    1.29 ^ i_cache_subsystem.i_nbdcache/i_miss_handler/_11722_/ZN (NOR2_X1)
                                         i_cache_subsystem.i_nbdcache/i_miss_handler/_07361_ (net)
                  0.04    0.00    1.29 ^ i_cache_subsystem.i_nbdcache/i_miss_handler/_11860_/A1 (NAND4_X1)
     3    4.42    0.03    0.04    1.33 v i_cache_subsystem.i_nbdcache/i_miss_handler/_11860_/ZN (NAND4_X1)
                                         i_cache_subsystem.i_nbdcache/i_miss_handler/_07483_ (net)
                  0.03    0.00    1.33 v i_cache_subsystem.i_nbdcache/i_miss_handler/_12278_/A2 (NAND2_X1)
     1    2.57    0.01    0.03    1.36 ^ i_cache_subsystem.i_nbdcache/i_miss_handler/_12278_/ZN (NAND2_X1)
                                         i_cache_subsystem.i_nbdcache/i_miss_handler/_07776_ (net)
                  0.01    0.00    1.36 ^ i_cache_subsystem.i_nbdcache/i_miss_handler/_12279_/B (XNOR2_X1)
     1    3.19    0.03    0.04    1.40 ^ i_cache_subsystem.i_nbdcache/i_miss_handler/_12279_/ZN (XNOR2_X1)
                                         i_cache_subsystem.i_nbdcache/i_miss_handler/_00160_ (net)
                  0.03    0.00    1.40 ^ i_cache_subsystem.i_nbdcache/i_miss_handler/_22837_/A (HA_X1)
     1    0.97    0.02    0.05    1.45 ^ i_cache_subsystem.i_nbdcache/i_miss_handler/_22837_/S (HA_X1)
                                         i_cache_subsystem.i_nbdcache/i_miss_handler/_00163_ (net)
                  0.02    0.00    1.45 ^ i_cache_subsystem.i_nbdcache/i_miss_handler/_14719_/A (BUF_X1)
     8   11.71    0.03    0.05    1.50 ^ i_cache_subsystem.i_nbdcache/i_miss_handler/_14719_/Z (BUF_X1)
                                         i_cache_subsystem.i_nbdcache/i_miss_handler/_09395_ (net)
                  0.03    0.00    1.50 ^ i_cache_subsystem.i_nbdcache/i_miss_handler/_14734_/A2 (AND3_X1)
     5    6.83    0.02    0.06    1.56 ^ i_cache_subsystem.i_nbdcache/i_miss_handler/_14734_/ZN (AND3_X1)
                                         i_cache_subsystem.i_nbdcache/i_miss_handler/_09410_ (net)
                  0.02    0.00    1.56 ^ i_cache_subsystem.i_nbdcache/i_miss_handler/_14735_/A2 (AND2_X1)
     3    4.19    0.01    0.04    1.60 ^ i_cache_subsystem.i_nbdcache/i_miss_handler/_14735_/ZN (AND2_X1)
                                         i_cache_subsystem.i_nbdcache/i_miss_handler/_09411_ (net)
                  0.01    0.00    1.60 ^ i_cache_subsystem.i_nbdcache/i_miss_handler/_14736_/B2 (AOI21_X1)
     2    3.11    0.01    0.02    1.62 v i_cache_subsystem.i_nbdcache/i_miss_handler/_14736_/ZN (AOI21_X1)
                                         i_cache_subsystem.i_nbdcache/i_miss_handler/_09412_ (net)
                  0.01    0.00    1.62 v i_cache_subsystem.i_nbdcache/i_miss_handler/_14737_/B2 (OAI21_X1)
     3    9.55    0.05    0.07    1.70 ^ i_cache_subsystem.i_nbdcache/i_miss_handler/_14737_/ZN (OAI21_X1)
                                         i_cache_subsystem.i_nbdcache/i_miss_handler/_09413_ (net)
                  0.05    0.00    1.70 ^ i_cache_subsystem.i_nbdcache/i_miss_handler/_14879_/A (AOI21_X4)
     3    9.71    0.02    0.02    1.72 v i_cache_subsystem.i_nbdcache/i_miss_handler/_14879_/ZN (AOI21_X4)
                                         i_cache_subsystem.i_nbdcache/i_miss_handler/_09555_ (net)
                  0.02    0.00    1.72 v i_cache_subsystem.i_nbdcache/i_miss_handler/_15019_/B (XNOR2_X2)
     9   18.54    0.05    0.07    1.79 ^ i_cache_subsystem.i_nbdcache/i_miss_handler/_15019_/ZN (XNOR2_X2)
                                         i_cache_subsystem.i_nbdcache/i_miss_handler/_09695_ (net)
                  0.05    0.00    1.79 ^ i_cache_subsystem.i_nbdcache/i_miss_handler/_15137_/S (MUX2_X2)
     7   13.96    0.02    0.09    1.89 v i_cache_subsystem.i_nbdcache/i_miss_handler/_15137_/Z (MUX2_X2)
                                         i_cache_subsystem.i_nbdcache/i_miss_handler/_09813_ (net)
                  0.02    0.00    1.89 v i_cache_subsystem.i_nbdcache/i_miss_handler/_15274_/A (BUF_X4)
    10   20.76    0.01    0.03    1.92 v i_cache_subsystem.i_nbdcache/i_miss_handler/_15274_/Z (BUF_X4)
                                         i_cache_subsystem.i_nbdcache/i_miss_handler/_09949_ (net)
                  0.01    0.00    1.92 v i_cache_subsystem.i_nbdcache/i_miss_handler/_15344_/A (BUF_X8)
    10   17.47    0.01    0.03    1.95 v i_cache_subsystem.i_nbdcache/i_miss_handler/_15344_/Z (BUF_X8)
                                         i_cache_subsystem.i_nbdcache/i_miss_handler/_10019_ (net)
                  0.01    0.00    1.95 v i_cache_subsystem.i_nbdcache/i_miss_handler/_16302_/B1 (AOI22_X2)
     1    1.62    0.02    0.04    1.98 ^ i_cache_subsystem.i_nbdcache/i_miss_handler/_16302_/ZN (AOI22_X2)
                                         i_cache_subsystem.i_nbdcache/i_miss_handler/_01573_ (net)
                  0.02    0.00    1.98 ^ i_cache_subsystem.i_nbdcache/i_miss_handler/_16303_/B2 (OAI22_X1)
     4    4.69    0.02    0.03    2.01 v i_cache_subsystem.i_nbdcache/i_miss_handler/_16303_/ZN (OAI22_X1)
                                         i_cache_subsystem.i_nbdcache/i_miss_handler/_01574_ (net)
                  0.02    0.00    2.01 v i_cache_subsystem.i_nbdcache/i_miss_handler/_16483_/B (MUX2_X2)
     1    3.06    0.01    0.06    2.07 v i_cache_subsystem.i_nbdcache/i_miss_handler/_16483_/Z (MUX2_X2)
                                         i_cache_subsystem.i_nbdcache/i_miss_handler/_01738_ (net)
                  0.01    0.00    2.07 v i_cache_subsystem.i_nbdcache/i_miss_handler/_16484_/B2 (AOI222_X2)
     1    1.63    0.04    0.08    2.15 ^ i_cache_subsystem.i_nbdcache/i_miss_handler/_16484_/ZN (AOI222_X2)
                                         i_cache_subsystem.i_nbdcache/i_miss_handler/_01739_ (net)
                  0.04    0.00    2.15 ^ i_cache_subsystem.i_nbdcache/i_miss_handler/_16490_/A (OAI221_X1)
     1    1.52    0.02    0.04    2.19 v i_cache_subsystem.i_nbdcache/i_miss_handler/_16490_/ZN (OAI221_X1)
                                         i_cache_subsystem.axi_req_data[141] (net)
                  0.02    0.00    2.19 v _08264_/B2 (AOI22_X1)
     1    1.70    0.02    0.05    2.24 ^ _08264_/ZN (AOI22_X1)
                                         _02723_ (net)
                  0.02    0.00    2.24 ^ _08265_/A (INV_X1)
     1    0.00    0.01    0.00    2.24 v _08265_/ZN (INV_X1)
                                         axi_req_o[141] (net)
                  0.01    0.00    2.24 v axi_req_o[141] (out)
                                  2.24   data arrival time

                  0.00    2.50    2.50   clock vclk_core_clock (rise edge)
                          0.54    3.04   clock network delay (ideal)
                          0.00    3.04   clock reconvergence pessimism
                         -0.50    2.54   output external delay
                                  2.54   data required time
-----------------------------------------------------------------------------
                                  2.54   data required time
                                 -2.24   data arrival time
-----------------------------------------------------------------------------
                                  0.29   slack (MET)



==========================================================================
floorplan final report_checks -unconstrained
--------------------------------------------------------------------------
Startpoint: rst_ni (input port clocked by vclk_core_clock)
Endpoint: csr_regfile_i/dcache_en_o$_DFFE_PN1P_
          (recovery check against rising-edge clock core_clock)
Path Group: asynchronous
Path Type: max

Fanout     Cap    Slew   Delay    Time   Description
-----------------------------------------------------------------------------
                  0.00    0.00    0.00   clock vclk_core_clock (rise edge)
                          0.54    0.54   clock network delay (ideal)
                          0.50    1.03 ^ input external delay
 20618 36667.05    0.00    0.00    1.03 ^ rst_ni (in)
                                         rst_ni (net)
                  0.00    0.00    1.03 ^ csr_regfile_i/dcache_en_o$_DFFE_PN1P_/SN (DFFS_X1)
                                  1.03   data arrival time

                  0.00    2.50    2.50   clock core_clock (rise edge)
                          0.54    3.04   clock network delay (ideal)
                          0.00    3.04   clock reconvergence pessimism
                                  3.04 ^ csr_regfile_i/dcache_en_o$_DFFE_PN1P_/CK (DFFS_X1)
                          0.04    3.08   library recovery time
                                  3.08   data required time
-----------------------------------------------------------------------------
                                  3.08   data required time
                                 -1.03   data arrival time
-----------------------------------------------------------------------------
                                  2.04   slack (MET)


Startpoint: issue_stage_i.i_scoreboard/commit_pointer_q[0]$_DFF_PN0_
            (rising edge-triggered flip-flop clocked by core_clock)
Endpoint: ex_stage_i/i_mult.i_div.op_a_q[63]$_DFFE_PN0P_
          (rising edge-triggered flip-flop clocked by core_clock)
Path Group: core_clock
Path Type: max

Fanout     Cap    Slew   Delay    Time   Description
-----------------------------------------------------------------------------
                  0.00    0.00    0.00   clock core_clock (rise edge)
                          0.54    0.54   clock network delay (ideal)
                  0.00    0.00    0.54 ^ issue_stage_i.i_scoreboard/commit_pointer_q[0]$_DFF_PN0_/CK (DFFR_X1)
     4   12.44    0.03    0.12    0.66 ^ issue_stage_i.i_scoreboard/commit_pointer_q[0]$_DFF_PN0_/Q (DFFR_X1)
                                         issue_stage_i.i_scoreboard/N68 (net)
                  0.03    0.00    0.66 ^ issue_stage_i.i_scoreboard/_59746_/B (HA_X1)
     2    4.38    0.01    0.04    0.70 ^ issue_stage_i.i_scoreboard/_59746_/CO (HA_X1)
                                         issue_stage_i.i_scoreboard/_00112_ (net)
                  0.01    0.00    0.70 ^ issue_stage_i.i_scoreboard/_33322_/A (BUF_X4)
    10   16.10    0.01    0.03    0.73 ^ issue_stage_i.i_scoreboard/_33322_/Z (BUF_X4)
                                         issue_stage_i.i_scoreboard/_02665_ (net)
                  0.01    0.00    0.73 ^ issue_stage_i.i_scoreboard/_33323_/A2 (AND2_X4)
     1    6.59    0.01    0.03    0.76 ^ issue_stage_i.i_scoreboard/_33323_/ZN (AND2_X4)
                                         issue_stage_i.i_scoreboard/_02666_ (net)
                  0.01    0.00    0.76 ^ issue_stage_i.i_scoreboard/_33324_/A (BUF_X8)
     8   20.04    0.01    0.02    0.79 ^ issue_stage_i.i_scoreboard/_33324_/Z (BUF_X8)
                                         issue_stage_i.i_scoreboard/_02667_ (net)
                  0.01    0.00    0.79 ^ issue_stage_i.i_scoreboard/_33325_/A (BUF_X16)
    10   32.42    0.01    0.02    0.81 ^ issue_stage_i.i_scoreboard/_33325_/Z (BUF_X16)
                                         issue_stage_i.i_scoreboard/_02668_ (net)
                  0.01    0.00    0.81 ^ issue_stage_i.i_scoreboard/_51644_/A (BUF_X16)
     7   17.41    0.01    0.02    0.83 ^ issue_stage_i.i_scoreboard/_51644_/Z (BUF_X16)
                                         issue_stage_i.i_scoreboard/_18685_ (net)
                  0.01    0.00    0.83 ^ issue_stage_i.i_scoreboard/_51799_/A (AOI21_X4)
     1    2.94    0.01    0.01    0.84 v issue_stage_i.i_scoreboard/_51799_/ZN (AOI21_X4)
                                         issue_stage_i.i_scoreboard/_18827_ (net)
                  0.01    0.00    0.84 v issue_stage_i.i_scoreboard/_51800_/A (AOI21_X2)
     1    1.66    0.02    0.03    0.87 ^ issue_stage_i.i_scoreboard/_51800_/ZN (AOI21_X2)
                                         issue_stage_i.i_scoreboard/_18828_ (net)
                  0.02    0.00    0.87 ^ issue_stage_i.i_scoreboard/_51801_/B1 (OAI21_X1)
     1    0.91    0.01    0.01    0.89 v issue_stage_i.i_scoreboard/_51801_/ZN (OAI21_X1)
                                         issue_stage_i.i_scoreboard/_18829_ (net)
                  0.01    0.00    0.89 v issue_stage_i.i_scoreboard/_51802_/A (MUX2_X1)
     1    0.90    0.01    0.06    0.94 v issue_stage_i.i_scoreboard/_51802_/Z (MUX2_X1)
                                         issue_stage_i.i_scoreboard/_18830_ (net)
                  0.01    0.00    0.94 v issue_stage_i.i_scoreboard/_51803_/B (MUX2_X1)
     1    0.90    0.01    0.06    1.00 v issue_stage_i.i_scoreboard/_51803_/Z (MUX2_X1)
                                         issue_stage_i.i_scoreboard/_18831_ (net)
                  0.01    0.00    1.00 v issue_stage_i.i_scoreboard/_51804_/B (MUX2_X1)
     1    0.90    0.01    0.06    1.05 v issue_stage_i.i_scoreboard/_51804_/Z (MUX2_X1)
                                         issue_stage_i.i_scoreboard/_18832_ (net)
                  0.01    0.00    1.05 v issue_stage_i.i_scoreboard/_51805_/B (MUX2_X1)
     3    5.93    0.01    0.07    1.12 v issue_stage_i.i_scoreboard/_51805_/Z (MUX2_X1)
                                         commit_instr_id_commit[285] (net)
                  0.01    0.00    1.12 v _05341_/A (BUF_X4)
     4   11.06    0.01    0.03    1.15 v _05341_/Z (BUF_X4)
                                         _00569_ (net)
                  0.01    0.00    1.15 v _05342_/C2 (OAI211_X4)
     1    6.40    0.02    0.03    1.18 ^ _05342_/ZN (OAI211_X4)
                                         _00570_ (net)
                  0.02    0.00    1.18 ^ _05343_/B1 (AOI21_X4)
     1    5.68    0.01    0.02    1.20 v _05343_/ZN (AOI21_X4)
                                         _00571_ (net)
                  0.01    0.00    1.20 v _05348_/A1 (AOI22_X4)
     3    9.97    0.03    0.04    1.24 ^ _05348_/ZN (AOI22_X4)
                                         _00576_ (net)
                  0.03    0.00    1.24 ^ _05349_/A1 (NOR2_X4)
     5   17.15    0.01    0.02    1.25 v _05349_/ZN (NOR2_X4)
                                         _00577_ (net)
                  0.01    0.00    1.25 v _05350_/A (INV_X4)
     2    8.12    0.01    0.02    1.27 ^ _05350_/ZN (INV_X4)
                                         _00578_ (net)
                  0.01    0.00    1.27 ^ _05357_/B1 (AOI21_X4)
     5   11.11    0.02    0.02    1.29 v _05357_/ZN (AOI21_X4)
                                         _00583_ (net)
                  0.02    0.00    1.29 v _05831_/A2 (NAND2_X4)
     6   13.73    0.01    0.03    1.31 ^ _05831_/ZN (NAND2_X4)
                                         _00924_ (net)
                  0.01    0.00    1.31 ^ _05936_/A (BUF_X8)
    10   28.75    0.01    0.03    1.34 ^ _05936_/Z (BUF_X8)
                                         _00964_ (net)
                  0.01    0.00    1.34 ^ _05937_/A (BUF_X16)
    10   28.24    0.01    0.02    1.36 ^ _05937_/Z (BUF_X16)
                                         _00965_ (net)
                  0.01    0.00    1.36 ^ _06077_/A2 (NOR2_X4)
     1    3.00    0.01    0.01    1.37 v _06077_/ZN (NOR2_X4)
                                         commit_stage_i.csr_op_o[1] (net)
                  0.01    0.00    1.37 v csr_regfile_i/_07760_/A (BUF_X4)
     5    7.69    0.01    0.02    1.40 v csr_regfile_i/_07760_/Z (BUF_X4)
                                         csr_regfile_i/_02548_ (net)
                  0.01    0.00    1.40 v csr_regfile_i/_07761_/A2 (OR3_X4)
     3   10.22    0.01    0.07    1.47 v csr_regfile_i/_07761_/ZN (OR3_X4)
                                         csr_regfile_i/_02549_ (net)
                  0.01    0.00    1.47 v csr_regfile_i/_07762_/A1 (NOR3_X4)
    10   22.82    0.06    0.07    1.53 ^ csr_regfile_i/_07762_/ZN (NOR3_X4)
                                         csr_regfile_i/_02550_ (net)
                  0.06    0.00    1.53 ^ csr_regfile_i/_07768_/A (AOI21_X4)
     5   15.67    0.02    0.03    1.56 v csr_regfile_i/_07768_/ZN (AOI21_X4)
                                         csr_regfile_i/_02556_ (net)
                  0.02    0.00    1.56 v csr_regfile_i/_07769_/A1 (NOR2_X4)
     2    7.22    0.02    0.03    1.59 ^ csr_regfile_i/_07769_/ZN (NOR2_X4)
                                         csr_regfile_i/_02557_ (net)
                  0.02    0.00    1.59 ^ csr_regfile_i/_07883_/A1 (NAND4_X4)
     2    4.54    0.02    0.02    1.61 v csr_regfile_i/_07883_/ZN (NAND4_X4)
                                         csr_regfile_i/_02671_ (net)
                  0.02    0.00    1.61 v csr_regfile_i/_07956_/A1 (AND4_X4)
     4   10.77    0.01    0.04    1.65 v csr_regfile_i/_07956_/ZN (AND4_X4)
                                         csr_regfile_i/_02744_ (net)
                  0.01    0.00    1.65 v csr_regfile_i/_07991_/A2 (NOR2_X4)
     4   13.41    0.02    0.04    1.69 ^ csr_regfile_i/_07991_/ZN (NOR2_X4)
                                         csr_regfile_i/_02778_ (net)
                  0.02    0.00    1.69 ^ csr_regfile_i/_08013_/A2 (OR2_X4)
     3   14.35    0.01    0.03    1.72 ^ csr_regfile_i/_08013_/ZN (OR2_X4)
                                         commit_stage_i.csr_exception_i[0] (net)
                  0.01    0.00    1.72 ^ _05368_/A1 (NAND3_X4)
     1   11.00    0.01    0.02    1.74 v _05368_/ZN (NAND3_X4)
                                         _00593_ (net)
                  0.01    0.00    1.74 v _05369_/A (BUF_X16)
    10   44.66    0.01    0.03    1.77 v _05369_/Z (BUF_X16)
                                         _00594_ (net)
                  0.01    0.00    1.77 v _05573_/A (BUF_X16)
    10   19.91    0.00    0.02    1.80 v _05573_/Z (BUF_X16)
                                         _00764_ (net)
                  0.00    0.00    1.80 v _05594_/A3 (NAND3_X4)
     1    6.71    0.02    0.02    1.81 ^ _05594_/ZN (NAND3_X4)
                                         _00781_ (net)
                  0.02    0.00    1.81 ^ _05595_/B2 (AOI21_X4)
     1    2.94    0.01    0.01    1.83 v _05595_/ZN (AOI21_X4)
                                         _00782_ (net)
                  0.01    0.00    1.83 v _05596_/A (AOI21_X2)
     1    3.35    0.02    0.04    1.87 ^ _05596_/ZN (AOI21_X2)
                                         _00783_ (net)
                  0.02    0.00    1.87 ^ _05597_/A2 (NOR2_X2)
     3    5.31    0.01    0.01    1.88 v _05597_/ZN (NOR2_X2)
                                         commit_stage_i.exception_o[93] (net)
                  0.01    0.00    1.88 v csr_regfile_i/_08843_/A4 (NOR4_X2)
     1    3.29    0.04    0.08    1.96 ^ csr_regfile_i/_08843_/ZN (NOR4_X2)
                                         csr_regfile_i/_03606_ (net)
                  0.04    0.00    1.96 ^ csr_regfile_i/_08844_/A2 (NAND3_X2)
     2    7.35    0.02    0.04    2.00 v csr_regfile_i/_08844_/ZN (NAND3_X2)
                                         csr_regfile_i/_03607_ (net)
                  0.02    0.00    2.00 v csr_regfile_i/_08857_/A4 (NOR4_X4)
     2    7.87    0.05    0.09    2.09 ^ csr_regfile_i/_08857_/ZN (NOR4_X4)
                                         csr_regfile_i/_03620_ (net)
                  0.05    0.00    2.09 ^ csr_regfile_i/_13884_/A1 (NAND3_X4)
     1    6.16    0.02    0.03    2.11 v csr_regfile_i/_13884_/ZN (NAND3_X4)
                                         csr_regfile_i/_01767_ (net)
                  0.02    0.00    2.11 v csr_regfile_i/_13885_/A1 (NAND3_X4)
     2    7.86    0.01    0.02    2.13 ^ csr_regfile_i/_13885_/ZN (NAND3_X4)
                                         csr_regfile_i/_01768_ (net)
                  0.01    0.00    2.13 ^ csr_regfile_i/_13886_/A2 (NAND2_X4)
     1    5.62    0.01    0.01    2.15 v csr_regfile_i/_13886_/ZN (NAND2_X4)
                                         csr_regfile_i/_01769_ (net)
                  0.01    0.00    2.15 v csr_regfile_i/_13887_/A (OAI21_X4)
     3    9.16    0.02    0.02    2.17 ^ csr_regfile_i/_13887_/ZN (OAI21_X4)
                                         controller_i.set_debug_pc_i (net)
                  0.02    0.00    2.17 ^ _05388_/A1 (NOR3_X4)
     1    5.70    0.01    0.01    2.18 v _05388_/ZN (NOR3_X4)
                                         _00612_ (net)
                  0.01    0.00    2.18 v _05389_/A1 (NAND2_X4)
     7   20.18    0.02    0.02    2.20 ^ _05389_/ZN (NAND2_X4)
                                         controller_i.flush_ex_o (net)
                  0.02    0.00    2.20 ^ ex_stage_i/_19849_/A (BUF_X16)
     8   35.05    0.01    0.03    2.23 ^ ex_stage_i/_19849_/Z (BUF_X16)
                                         ex_stage_i/_15433_ (net)
                  0.01    0.00    2.23 ^ ex_stage_i/_19852_/A1 (NOR3_X1)
     2    2.37    0.01    0.01    2.24 v ex_stage_i/_19852_/ZN (NOR3_X1)
                                         ex_stage_i/_15436_ (net)
                  0.01    0.00    2.24 v ex_stage_i/_19853_/A3 (NAND3_X1)
     5    5.41    0.02    0.03    2.27 ^ ex_stage_i/_19853_/ZN (NAND3_X1)
                                         ex_stage_i/_15437_ (net)
                  0.02    0.00    2.27 ^ ex_stage_i/_19854_/A (BUF_X1)
    10   15.98    0.04    0.06    2.33 ^ ex_stage_i/_19854_/Z (BUF_X1)
                                         ex_stage_i/_15438_ (net)
                  0.04    0.00    2.33 ^ ex_stage_i/_19855_/A (BUF_X1)
    10   16.10    0.04    0.06    2.40 ^ ex_stage_i/_19855_/Z (BUF_X1)
                                         ex_stage_i/_15439_ (net)
                  0.04    0.00    2.40 ^ ex_stage_i/_19876_/A (BUF_X2)
    10   16.86    0.02    0.05    2.44 ^ ex_stage_i/_19876_/Z (BUF_X2)
                                         ex_stage_i/_15460_ (net)
                  0.02    0.00    2.44 ^ ex_stage_i/_19877_/A (BUF_X2)
    10   16.76    0.02    0.04    2.48 ^ ex_stage_i/_19877_/Z (BUF_X2)
                                         ex_stage_i/_15461_ (net)
                  0.02    0.00    2.48 ^ ex_stage_i/_20386_/A (BUF_X2)
    10   16.16    0.02    0.04    2.52 ^ ex_stage_i/_20386_/Z (BUF_X2)
                                         ex_stage_i/_15854_ (net)
                  0.02    0.00    2.52 ^ ex_stage_i/_20387_/A (BUF_X1)
    10   14.22    0.04    0.06    2.58 ^ ex_stage_i/_20387_/Z (BUF_X1)
                                         ex_stage_i/_15855_ (net)
                  0.04    0.00    2.58 ^ ex_stage_i/_20393_/A (BUF_X1)
    10   14.09    0.03    0.06    2.64 ^ ex_stage_i/_20393_/Z (BUF_X1)
                                         ex_stage_i/_15860_ (net)
                  0.03    0.00    2.64 ^ ex_stage_i/_20394_/A (BUF_X1)
    10   11.87    0.03    0.05    2.69 ^ ex_stage_i/_20394_/Z (BUF_X1)
                                         ex_stage_i/_15861_ (net)
                  0.03    0.00    2.69 ^ ex_stage_i/_20395_/A1 (NOR2_X1)
     1    1.54    0.01    0.01    2.70 v ex_stage_i/_20395_/ZN (NOR2_X1)
                                         ex_stage_i/_15862_ (net)
                  0.01    0.00    2.70 v ex_stage_i/_20399_/A (AOI21_X1)
     1    3.45    0.03    0.05    2.75 ^ ex_stage_i/_20399_/ZN (AOI21_X1)
                                         ex_stage_i/_00313_ (net)
                  0.03    0.00    2.75 ^ ex_stage_i/_36625_/B (HA_X1)
     3    4.81    0.02    0.04    2.80 ^ ex_stage_i/_36625_/CO (HA_X1)
                                         ex_stage_i/_00314_ (net)
                  0.02    0.00    2.80 ^ ex_stage_i/_20186_/A1 (NAND3_X1)
     3    5.45    0.02    0.03    2.83 v ex_stage_i/_20186_/ZN (NAND3_X1)
                                         ex_stage_i/_15754_ (net)
                  0.02    0.00    2.83 v ex_stage_i/_20190_/A (AOI21_X1)
     4    7.55    0.05    0.07    2.90 ^ ex_stage_i/_20190_/ZN (AOI21_X1)
                                         ex_stage_i/_15758_ (net)
                  0.05    0.00    2.90 ^ ex_stage_i/_20448_/A (INV_X1)
     3    4.61    0.02    0.02    2.92 v ex_stage_i/_20448_/ZN (INV_X1)
                                         ex_stage_i/_15903_ (net)
                  0.02    0.00    2.92 v ex_stage_i/_20449_/A2 (NOR2_X1)
     3    5.89    0.03    0.05    2.97 ^ ex_stage_i/_20449_/ZN (NOR2_X1)
                                         ex_stage_i/_15904_ (net)
                  0.03    0.00    2.97 ^ ex_stage_i/_20491_/A2 (NAND2_X1)
     4    5.41    0.02    0.03    3.00 v ex_stage_i/_20491_/ZN (NAND2_X1)
                                         ex_stage_i/_15938_ (net)
                  0.02    0.00    3.00 v ex_stage_i/_20520_/A2 (OR2_X1)
     2    2.19    0.01    0.05    3.05 v ex_stage_i/_20520_/ZN (OR2_X1)
                                         ex_stage_i/_15962_ (net)
                  0.01    0.00    3.05 v ex_stage_i/_20541_/A1 (OR3_X1)
     2    3.91    0.02    0.07    3.12 v ex_stage_i/_20541_/ZN (OR3_X1)
                                         ex_stage_i/_15980_ (net)
                  0.02    0.00    3.12 v ex_stage_i/_20542_/B (XOR2_X1)
     1    0.91    0.01    0.06    3.18 v ex_stage_i/_20542_/Z (XOR2_X1)
                                         ex_stage_i/_15981_ (net)
                  0.01    0.00    3.18 v ex_stage_i/_20547_/A (MUX2_X1)
     1    3.34    0.01    0.06    3.24 v ex_stage_i/_20547_/Z (MUX2_X1)
                                         ex_stage_i/_00245_ (net)
                  0.01    0.00    3.24 v ex_stage_i/_36608_/B (HA_X1)
     1    0.88    0.01    0.05    3.30 v ex_stage_i/_36608_/S (HA_X1)
                                         ex_stage_i/_00247_ (net)
                  0.01    0.00    3.30 v ex_stage_i/_32445_/A (BUF_X1)
     6    8.86    0.01    0.04    3.34 v ex_stage_i/_32445_/Z (BUF_X1)
                                         ex_stage_i/_13136_ (net)
                  0.01    0.00    3.34 v ex_stage_i/_33048_/B1 (AOI21_X1)
     1    1.57    0.02    0.03    3.36 ^ ex_stage_i/_33048_/ZN (AOI21_X1)
                                         ex_stage_i/_13720_ (net)
                  0.02    0.00    3.36 ^ ex_stage_i/_33049_/B2 (OAI21_X1)
     1    0.89    0.01    0.02    3.38 v ex_stage_i/_33049_/ZN (OAI21_X1)
                                         ex_stage_i/_13721_ (net)
                  0.01    0.00    3.38 v ex_stage_i/_33050_/A2 (AND2_X1)
     1    1.55    0.01    0.03    3.41 v ex_stage_i/_33050_/ZN (AND2_X1)
                                         ex_stage_i/_13722_ (net)
                  0.01    0.00    3.41 v ex_stage_i/_33051_/A4 (NOR4_X1)
     1    1.67    0.04    0.08    3.49 ^ ex_stage_i/_33051_/ZN (NOR4_X1)
                                         ex_stage_i/_13723_ (net)
                  0.04    0.00    3.49 ^ ex_stage_i/_33054_/A (OAI21_X1)
     5    8.28    0.03    0.04    3.53 v ex_stage_i/_33054_/ZN (OAI21_X1)
                                         ex_stage_i/_13726_ (net)
                  0.03    0.00    3.53 v ex_stage_i/_33056_/B1 (OAI21_X1)
     2    3.22    0.03    0.04    3.58 ^ ex_stage_i/_33056_/ZN (OAI21_X1)
                                         ex_stage_i/_13728_ (net)
                  0.03    0.00    3.58 ^ ex_stage_i/_33073_/A2 (NAND4_X1)
     3    4.44    0.03    0.04    3.62 v ex_stage_i/_33073_/ZN (NAND4_X1)
                                         ex_stage_i/_13745_ (net)
                  0.03    0.00    3.62 v ex_stage_i/_33483_/B1 (OAI21_X1)
     3    4.92    0.03    0.05    3.67 ^ ex_stage_i/_33483_/ZN (OAI21_X1)
                                         ex_stage_i/_14122_ (net)
                  0.03    0.00    3.67 ^ ex_stage_i/_33484_/B2 (AOI21_X1)
     1    3.04    0.02    0.02    3.69 v ex_stage_i/_33484_/ZN (AOI21_X1)
                                         ex_stage_i/_14123_ (net)
                  0.02    0.00    3.69 v ex_stage_i/_33491_/A2 (NOR3_X2)
     3    7.14    0.04    0.06    3.76 ^ ex_stage_i/_33491_/ZN (NOR3_X2)
                                         ex_stage_i/_14130_ (net)
                  0.04    0.00    3.76 ^ ex_stage_i/_34450_/C1 (OAI211_X2)
     1    1.55    0.02    0.02    3.78 v ex_stage_i/_34450_/ZN (OAI211_X2)
                                         ex_stage_i/_14791_ (net)
                  0.02    0.00    3.78 v ex_stage_i/_34451_/B2 (AOI221_X1)
     1    2.57    0.05    0.09    3.87 ^ ex_stage_i/_34451_/ZN (AOI221_X1)
                                         ex_stage_i/_14792_ (net)
                  0.05    0.00    3.87 ^ ex_stage_i/_34452_/B (XNOR2_X1)
     1    0.90    0.02    0.02    3.89 v ex_stage_i/_34452_/ZN (XNOR2_X1)
                                         ex_stage_i/_14793_ (net)
                  0.02    0.00    3.89 v ex_stage_i/_34453_/B (MUX2_X1)
     1    1.05    0.01    0.06    3.95 v ex_stage_i/_34453_/Z (MUX2_X1)
                                         ex_stage_i/_02363_ (net)
                  0.01    0.00    3.95 v ex_stage_i/i_mult.i_div.op_a_q[63]$_DFFE_PN0P_/D (DFFR_X1)
                                  3.95   data arrival time

                  0.00    2.50    2.50   clock core_clock (rise edge)
                          0.54    3.04   clock network delay (ideal)
                          0.00    3.04   clock reconvergence pessimism
                                  3.04 ^ ex_stage_i/i_mult.i_div.op_a_q[63]$_DFFE_PN0P_/CK (DFFR_X1)
                         -0.04    2.99   library setup time
                                  2.99   data required time
-----------------------------------------------------------------------------
                                  2.99   data required time
                                 -3.95   data arrival time
-----------------------------------------------------------------------------
                                 -0.95   slack (VIOLATED)


Startpoint: ex_stage_i/lsu_i.i_store_unit.i_amo_buffer.i_amo_fifo.i_fifo_v3.data_o[4]$_DFFE_PN0P_
            (rising edge-triggered flip-flop clocked by core_clock)
Endpoint: axi_req_o[141] (output port clocked by vclk_core_clock)
Path Group: vclk_core_clock
Path Type: max

Fanout     Cap    Slew   Delay    Time   Description
-----------------------------------------------------------------------------
                  0.00    0.00    0.00   clock core_clock (rise edge)
                          0.54    0.54   clock network delay (ideal)
                  0.00    0.00    0.54 ^ ex_stage_i/lsu_i.i_store_unit.i_amo_buffer.i_amo_fifo.i_fifo_v3.data_o[4]$_DFFE_PN0P_/CK (DFFR_X1)
     2    2.49    0.01    0.09    0.62 v ex_stage_i/lsu_i.i_store_unit.i_amo_buffer.i_amo_fifo.i_fifo_v3.data_o[4]$_DFFE_PN0P_/Q (DFFR_X1)
                                         amo_req[2] (net)
                  0.01    0.00    0.62 v i_cache_subsystem.i_nbdcache/i_miss_handler/_11653_/A (BUF_X2)
     5    8.90    0.01    0.03    0.65 v i_cache_subsystem.i_nbdcache/i_miss_handler/_11653_/Z (BUF_X2)
                                         i_cache_subsystem.i_nbdcache/i_miss_handler/_07307_ (net)
                  0.01    0.00    0.65 v i_cache_subsystem.i_nbdcache/i_miss_handler/_11654_/A4 (OR4_X4)
     2    7.40    0.02    0.11    0.76 v i_cache_subsystem.i_nbdcache/i_miss_handler/_11654_/ZN (OR4_X4)
                                         i_cache_subsystem.i_nbdcache/i_miss_handler/_07308_ (net)
                  0.02    0.00    0.76 v i_cache_subsystem.i_nbdcache/i_miss_handler/_11655_/A3 (NOR3_X4)
     6    8.34    0.03    0.06    0.82 ^ i_cache_subsystem.i_nbdcache/i_miss_handler/_11655_/ZN (NOR3_X4)
                                         i_cache_subsystem.i_nbdcache/i_miss_handler/_07309_ (net)
                  0.03    0.00    0.82 ^ i_cache_subsystem.i_nbdcache/i_miss_handler/_11660_/A2 (AND3_X1)
     2    2.59    0.01    0.05    0.87 ^ i_cache_subsystem.i_nbdcache/i_miss_handler/_11660_/ZN (AND3_X1)
                                         i_cache_subsystem.i_nbdcache/i_miss_handler/_07314_ (net)
                  0.01    0.00    0.87 ^ i_cache_subsystem.i_nbdcache/i_miss_handler/_11661_/B2 (AOI21_X1)
     6    9.48    0.02    0.03    0.90 v i_cache_subsystem.i_nbdcache/i_miss_handler/_11661_/ZN (AOI21_X1)
                                         i_cache_subsystem.i_nbdcache/i_miss_handler/_07315_ (net)
                  0.02    0.00    0.90 v i_cache_subsystem.i_nbdcache/i_miss_handler/_11684_/A1 (NOR3_X2)
     3    4.23    0.03    0.04    0.94 ^ i_cache_subsystem.i_nbdcache/i_miss_handler/_11684_/ZN (NOR3_X2)
                                         i_cache_subsystem.i_nbdcache/i_miss_handler/_07338_ (net)
                  0.03    0.00    0.94 ^ i_cache_subsystem.i_nbdcache/i_miss_handler/_11690_/A2 (AND3_X1)
     3    4.88    0.02    0.06    1.00 ^ i_cache_subsystem.i_nbdcache/i_miss_handler/_11690_/ZN (AND3_X1)
                                         i_cache_subsystem.i_nbdcache/i_miss_handler/_07342_ (net)
                  0.02    0.00    1.00 ^ i_cache_subsystem.i_nbdcache/i_miss_handler/_11705_/A1 (NAND3_X1)
     2    2.28    0.01    0.02    1.03 v i_cache_subsystem.i_nbdcache/i_miss_handler/_11705_/ZN (NAND3_X1)
                                         i_cache_subsystem.i_nbdcache/i_miss_handler/_07350_ (net)
                  0.01    0.00    1.03 v i_cache_subsystem.i_nbdcache/i_miss_handler/_11711_/A1 (OR3_X1)
     2    2.28    0.01    0.07    1.09 v i_cache_subsystem.i_nbdcache/i_miss_handler/_11711_/ZN (OR3_X1)
                                         i_cache_subsystem.i_nbdcache/i_miss_handler/_07354_ (net)
                  0.01    0.00    1.09 v i_cache_subsystem.i_nbdcache/i_miss_handler/_11716_/A1 (OR3_X1)
     2    2.28    0.01    0.07    1.16 v i_cache_subsystem.i_nbdcache/i_miss_handler/_11716_/ZN (OR3_X1)
                                         i_cache_subsystem.i_nbdcache/i_miss_handler/_07357_ (net)
                  0.01    0.00    1.16 v i_cache_subsystem.i_nbdcache/i_miss_handler/_11721_/A1 (OR3_X1)
     2    3.07    0.01    0.07    1.23 v i_cache_subsystem.i_nbdcache/i_miss_handler/_11721_/ZN (OR3_X1)
                                         i_cache_subsystem.i_nbdcache/i_miss_handler/_07360_ (net)
                  0.01    0.00    1.23 v i_cache_subsystem.i_nbdcache/i_miss_handler/_11722_/A2 (NOR2_X1)
     4    6.41    0.04    0.05    1.29 ^ i_cache_subsystem.i_nbdcache/i_miss_handler/_11722_/ZN (NOR2_X1)
                                         i_cache_subsystem.i_nbdcache/i_miss_handler/_07361_ (net)
                  0.04    0.00    1.29 ^ i_cache_subsystem.i_nbdcache/i_miss_handler/_11860_/A1 (NAND4_X1)
     3    4.42    0.03    0.04    1.33 v i_cache_subsystem.i_nbdcache/i_miss_handler/_11860_/ZN (NAND4_X1)
                                         i_cache_subsystem.i_nbdcache/i_miss_handler/_07483_ (net)
                  0.03    0.00    1.33 v i_cache_subsystem.i_nbdcache/i_miss_handler/_12278_/A2 (NAND2_X1)
     1    2.57    0.01    0.03    1.36 ^ i_cache_subsystem.i_nbdcache/i_miss_handler/_12278_/ZN (NAND2_X1)
                                         i_cache_subsystem.i_nbdcache/i_miss_handler/_07776_ (net)
                  0.01    0.00    1.36 ^ i_cache_subsystem.i_nbdcache/i_miss_handler/_12279_/B (XNOR2_X1)
     1    3.19    0.03    0.04    1.40 ^ i_cache_subsystem.i_nbdcache/i_miss_handler/_12279_/ZN (XNOR2_X1)
                                         i_cache_subsystem.i_nbdcache/i_miss_handler/_00160_ (net)
                  0.03    0.00    1.40 ^ i_cache_subsystem.i_nbdcache/i_miss_handler/_22837_/A (HA_X1)
     1    0.97    0.02    0.05    1.45 ^ i_cache_subsystem.i_nbdcache/i_miss_handler/_22837_/S (HA_X1)
                                         i_cache_subsystem.i_nbdcache/i_miss_handler/_00163_ (net)
                  0.02    0.00    1.45 ^ i_cache_subsystem.i_nbdcache/i_miss_handler/_14719_/A (BUF_X1)
     8   11.71    0.03    0.05    1.50 ^ i_cache_subsystem.i_nbdcache/i_miss_handler/_14719_/Z (BUF_X1)
                                         i_cache_subsystem.i_nbdcache/i_miss_handler/_09395_ (net)
                  0.03    0.00    1.50 ^ i_cache_subsystem.i_nbdcache/i_miss_handler/_14734_/A2 (AND3_X1)
     5    6.83    0.02    0.06    1.56 ^ i_cache_subsystem.i_nbdcache/i_miss_handler/_14734_/ZN (AND3_X1)
                                         i_cache_subsystem.i_nbdcache/i_miss_handler/_09410_ (net)
                  0.02    0.00    1.56 ^ i_cache_subsystem.i_nbdcache/i_miss_handler/_14735_/A2 (AND2_X1)
     3    4.19    0.01    0.04    1.60 ^ i_cache_subsystem.i_nbdcache/i_miss_handler/_14735_/ZN (AND2_X1)
                                         i_cache_subsystem.i_nbdcache/i_miss_handler/_09411_ (net)
                  0.01    0.00    1.60 ^ i_cache_subsystem.i_nbdcache/i_miss_handler/_14736_/B2 (AOI21_X1)
     2    3.11    0.01    0.02    1.62 v i_cache_subsystem.i_nbdcache/i_miss_handler/_14736_/ZN (AOI21_X1)
                                         i_cache_subsystem.i_nbdcache/i_miss_handler/_09412_ (net)
                  0.01    0.00    1.62 v i_cache_subsystem.i_nbdcache/i_miss_handler/_14737_/B2 (OAI21_X1)
     3    9.55    0.05    0.07    1.70 ^ i_cache_subsystem.i_nbdcache/i_miss_handler/_14737_/ZN (OAI21_X1)
                                         i_cache_subsystem.i_nbdcache/i_miss_handler/_09413_ (net)
                  0.05    0.00    1.70 ^ i_cache_subsystem.i_nbdcache/i_miss_handler/_14879_/A (AOI21_X4)
     3    9.71    0.02    0.02    1.72 v i_cache_subsystem.i_nbdcache/i_miss_handler/_14879_/ZN (AOI21_X4)
                                         i_cache_subsystem.i_nbdcache/i_miss_handler/_09555_ (net)
                  0.02    0.00    1.72 v i_cache_subsystem.i_nbdcache/i_miss_handler/_15019_/B (XNOR2_X2)
     9   18.54    0.05    0.07    1.79 ^ i_cache_subsystem.i_nbdcache/i_miss_handler/_15019_/ZN (XNOR2_X2)
                                         i_cache_subsystem.i_nbdcache/i_miss_handler/_09695_ (net)
                  0.05    0.00    1.79 ^ i_cache_subsystem.i_nbdcache/i_miss_handler/_15137_/S (MUX2_X2)
     7   13.96    0.02    0.09    1.89 v i_cache_subsystem.i_nbdcache/i_miss_handler/_15137_/Z (MUX2_X2)
                                         i_cache_subsystem.i_nbdcache/i_miss_handler/_09813_ (net)
                  0.02    0.00    1.89 v i_cache_subsystem.i_nbdcache/i_miss_handler/_15274_/A (BUF_X4)
    10   20.76    0.01    0.03    1.92 v i_cache_subsystem.i_nbdcache/i_miss_handler/_15274_/Z (BUF_X4)
                                         i_cache_subsystem.i_nbdcache/i_miss_handler/_09949_ (net)
                  0.01    0.00    1.92 v i_cache_subsystem.i_nbdcache/i_miss_handler/_15344_/A (BUF_X8)
    10   17.47    0.01    0.03    1.95 v i_cache_subsystem.i_nbdcache/i_miss_handler/_15344_/Z (BUF_X8)
                                         i_cache_subsystem.i_nbdcache/i_miss_handler/_10019_ (net)
                  0.01    0.00    1.95 v i_cache_subsystem.i_nbdcache/i_miss_handler/_16302_/B1 (AOI22_X2)
     1    1.62    0.02    0.04    1.98 ^ i_cache_subsystem.i_nbdcache/i_miss_handler/_16302_/ZN (AOI22_X2)
                                         i_cache_subsystem.i_nbdcache/i_miss_handler/_01573_ (net)
                  0.02    0.00    1.98 ^ i_cache_subsystem.i_nbdcache/i_miss_handler/_16303_/B2 (OAI22_X1)
     4    4.69    0.02    0.03    2.01 v i_cache_subsystem.i_nbdcache/i_miss_handler/_16303_/ZN (OAI22_X1)
                                         i_cache_subsystem.i_nbdcache/i_miss_handler/_01574_ (net)
                  0.02    0.00    2.01 v i_cache_subsystem.i_nbdcache/i_miss_handler/_16483_/B (MUX2_X2)
     1    3.06    0.01    0.06    2.07 v i_cache_subsystem.i_nbdcache/i_miss_handler/_16483_/Z (MUX2_X2)
                                         i_cache_subsystem.i_nbdcache/i_miss_handler/_01738_ (net)
                  0.01    0.00    2.07 v i_cache_subsystem.i_nbdcache/i_miss_handler/_16484_/B2 (AOI222_X2)
     1    1.63    0.04    0.08    2.15 ^ i_cache_subsystem.i_nbdcache/i_miss_handler/_16484_/ZN (AOI222_X2)
                                         i_cache_subsystem.i_nbdcache/i_miss_handler/_01739_ (net)
                  0.04    0.00    2.15 ^ i_cache_subsystem.i_nbdcache/i_miss_handler/_16490_/A (OAI221_X1)
     1    1.52    0.02    0.04    2.19 v i_cache_subsystem.i_nbdcache/i_miss_handler/_16490_/ZN (OAI221_X1)
                                         i_cache_subsystem.axi_req_data[141] (net)
                  0.02    0.00    2.19 v _08264_/B2 (AOI22_X1)
     1    1.70    0.02    0.05    2.24 ^ _08264_/ZN (AOI22_X1)
                                         _02723_ (net)
                  0.02    0.00    2.24 ^ _08265_/A (INV_X1)
     1    0.00    0.01    0.00    2.24 v _08265_/ZN (INV_X1)
                                         axi_req_o[141] (net)
                  0.01    0.00    2.24 v axi_req_o[141] (out)
                                  2.24   data arrival time

                  0.00    2.50    2.50   clock vclk_core_clock (rise edge)
                          0.54    3.04   clock network delay (ideal)
                          0.00    3.04   clock reconvergence pessimism
                         -0.50    2.54   output external delay
                                  2.54   data required time
-----------------------------------------------------------------------------
                                  2.54   data required time
                                 -2.24   data arrival time
-----------------------------------------------------------------------------
                                  0.29   slack (MET)



==========================================================================
floorplan final report_power
--------------------------------------------------------------------------
Group                  Internal  Switching    Leakage      Total
                          Power      Power      Power      Power (Watts)
----------------------------------------------------------------
Sequential             6.09e-02   8.39e-04   1.65e-03   6.34e-02  25.5%
Combinational          7.69e-03   6.62e-03   4.10e-03   1.84e-02   7.4%
Clock                  0.00e+00   0.00e+00   0.00e+00   0.00e+00   0.0%
Macro                  1.44e-01   0.00e+00   2.24e-02   1.67e-01  67.1%
Pad                    0.00e+00   0.00e+00   0.00e+00   0.00e+00   0.0%
----------------------------------------------------------------
Total                  2.13e-01   7.46e-03   2.82e-02   2.49e-01 100.0%
                          85.7%       3.0%      11.3%
