
==========================================================================
global place report_tns
--------------------------------------------------------------------------
tns max -4595.18

==========================================================================
global place report_wns
--------------------------------------------------------------------------
wns max -1.59

==========================================================================
global place report_worst_slack
--------------------------------------------------------------------------
worst slack max -1.59

==========================================================================
global place report_clock_min_period
--------------------------------------------------------------------------
core_clock period_min = 4.09 fmax = 244.29
vclk_core_clock period_min = 1.22 fmax = 821.14

==========================================================================
global place report_checks -path_delay min
--------------------------------------------------------------------------
Startpoint: rst_ni (input port clocked by vclk_core_clock)
Endpoint: csr_regfile_i/cycle_q[8]$_DFF_PN0_
          (removal check against rising-edge clock core_clock)
Path Group: asynchronous
Path Type: min

Fanout     Cap    Slew   Delay    Time   Description
-----------------------------------------------------------------------------
                  0.00    0.00    0.00   clock vclk_core_clock (rise edge)
                          0.54    0.54   clock network delay (ideal)
                          0.50    1.03 ^ input external delay
     1    3.42    0.00    0.00    1.03 ^ rst_ni (in)
                                         rst_ni (net)
                  0.00    0.00    1.04 ^ input3253/A (CLKBUF_X3)
     2   25.67    0.02    0.04    1.08 ^ input3253/Z (CLKBUF_X3)
                                         net3252 (net)
                  0.02    0.01    1.09 ^ place54288/A (BUF_X4)
     4   49.31    0.02    0.04    1.12 ^ place54288/Z (BUF_X4)
                                         net54287 (net)
                  0.02    0.01    1.13 ^ csr_regfile_i/place53784/A (BUF_X1)
     4   10.09    0.03    0.05    1.17 ^ csr_regfile_i/place53784/Z (BUF_X1)
                                         csr_regfile_i/net53783 (net)
                  0.03    0.00    1.17 ^ csr_regfile_i/cycle_q[8]$_DFF_PN0_/RN (DFFR_X1)
                                  1.17   data arrival time

                  0.00    0.00    0.00   clock core_clock (rise edge)
                          0.54    0.54   clock network delay (ideal)
                          0.00    0.54   clock reconvergence pessimism
                                  0.54 ^ csr_regfile_i/cycle_q[8]$_DFF_PN0_/CK (DFFR_X1)
                          0.21    0.75   library removal time
                                  0.75   data required time
-----------------------------------------------------------------------------
                                  0.75   data required time
                                 -1.17   data arrival time
-----------------------------------------------------------------------------
                                  0.43   slack (MET)


Startpoint: ex_stage_i/lsu_i.i_store_unit.store_buffer_i.speculative_queue_q_0__valid_$_DFF_PN0_
            (rising edge-triggered flip-flop clocked by core_clock)
Endpoint: ex_stage_i/lsu_i.i_store_unit.store_buffer_i.speculative_queue_q_0__valid_$_DFF_PN0_
          (rising edge-triggered flip-flop clocked by core_clock)
Path Group: core_clock
Path Type: min

Fanout     Cap    Slew   Delay    Time   Description
-----------------------------------------------------------------------------
                  0.00    0.00    0.00   clock core_clock (rise edge)
                          0.54    0.54   clock network delay (ideal)
                  0.00    0.00    0.54 ^ ex_stage_i/lsu_i.i_store_unit.store_buffer_i.speculative_queue_q_0__valid_$_DFF_PN0_/CK (DFFR_X1)
     1    1.86    0.01    0.07    0.60 ^ ex_stage_i/lsu_i.i_store_unit.store_buffer_i.speculative_queue_q_0__valid_$_DFF_PN0_/QN (DFFR_X1)
                                         ex_stage_i/_00021_ (net)
                  0.01    0.00    0.60 ^ ex_stage_i/_26476_/C1 (AOI221_X1)
     1    1.15    0.01    0.01    0.61 v ex_stage_i/_26476_/ZN (AOI221_X1)
                                         ex_stage_i/lsu_i.i_store_unit.store_buffer_i.speculative_queue_n_0__valid_ (net)
                  0.01    0.00    0.61 v ex_stage_i/lsu_i.i_store_unit.store_buffer_i.speculative_queue_q_0__valid_$_DFF_PN0_/D (DFFR_X1)
                                  0.61   data arrival time

                  0.00    0.00    0.00   clock core_clock (rise edge)
                          0.54    0.54   clock network delay (ideal)
                          0.00    0.54   clock reconvergence pessimism
                                  0.54 ^ ex_stage_i/lsu_i.i_store_unit.store_buffer_i.speculative_queue_q_0__valid_$_DFF_PN0_/CK (DFFR_X1)
                          0.00    0.54   library hold time
                                  0.54   data required time
-----------------------------------------------------------------------------
                                  0.54   data required time
                                 -0.61   data arrival time
-----------------------------------------------------------------------------
                                  0.08   slack (MET)


Startpoint: i_cache_subsystem.i_nbdcache/i_miss_handler/mshr_q_addr__24_$_DFFE_PN0P_
            (rising edge-triggered flip-flop clocked by core_clock)
Endpoint: axi_req_o[234] (output port clocked by vclk_core_clock)
Path Group: vclk_core_clock
Path Type: min

Fanout     Cap    Slew   Delay    Time   Description
-----------------------------------------------------------------------------
                  0.00    0.00    0.00   clock core_clock (rise edge)
                          0.54    0.54   clock network delay (ideal)
                  0.00    0.00    0.54 ^ i_cache_subsystem.i_nbdcache/i_miss_handler/mshr_q_addr__24_$_DFFE_PN0P_/CK (DFFR_X1)
     2    4.00    0.01    0.07    0.61 ^ i_cache_subsystem.i_nbdcache/i_miss_handler/mshr_q_addr__24_$_DFFE_PN0P_/QN (DFFR_X1)
                                         i_cache_subsystem.i_nbdcache/i_miss_handler/_00102_ (net)
                  0.01    0.00    0.61 ^ i_cache_subsystem.i_nbdcache/i_miss_handler/_13502_/A1 (OAI22_X1)
     2    8.89    0.01    0.03    0.63 v i_cache_subsystem.i_nbdcache/i_miss_handler/_13502_/ZN (OAI22_X1)
                                         i_cache_subsystem.axi_req_data[55] (net)
                  0.01    0.00    0.63 v _07972_/A1 (NAND3_X1)
     1    1.94    0.01    0.02    0.65 ^ _07972_/ZN (NAND3_X1)
                                         _02534_ (net)
                  0.01    0.00    0.65 ^ _07975_/A (OAI21_X1)
     1    1.37    0.01    0.01    0.67 v _07975_/ZN (OAI21_X1)
                                         net3364 (net)
                  0.01    0.00    0.67 v output3365/A (BUF_X1)
     1    2.95    0.01    0.03    0.69 v output3365/Z (BUF_X1)
                                         axi_req_o[234] (net)
                  0.01    0.00    0.69 v axi_req_o[234] (out)
                                  0.69   data arrival time

                  0.00    0.00    0.00   clock vclk_core_clock (rise edge)
                          0.54    0.54   clock network delay (ideal)
                          0.00    0.54   clock reconvergence pessimism
                         -0.50    0.04   output external delay
                                  0.04   data required time
-----------------------------------------------------------------------------
                                  0.04   data required time
                                 -0.69   data arrival time
-----------------------------------------------------------------------------
                                  0.66   slack (MET)



==========================================================================
global place report_checks -path_delay max
--------------------------------------------------------------------------
Startpoint: rst_ni (input port clocked by vclk_core_clock)
Endpoint: ex_stage_i/lsu_i.lsu_bypass_i.mem_q[249]$_DFFE_PN0N_
          (recovery check against rising-edge clock core_clock)
Path Group: asynchronous
Path Type: max

Fanout     Cap    Slew   Delay    Time   Description
-----------------------------------------------------------------------------
                  0.00    0.00    0.00   clock vclk_core_clock (rise edge)
                          0.54    0.54   clock network delay (ideal)
                          0.50    1.03 ^ input external delay
     1    3.42    0.00    0.00    1.03 ^ rst_ni (in)
                                         rst_ni (net)
                  0.00    0.00    1.04 ^ input3253/A (CLKBUF_X3)
     2   25.67    0.02    0.04    1.08 ^ input3253/Z (CLKBUF_X3)
                                         net3252 (net)
                  0.02    0.01    1.09 ^ place53783/A (BUF_X4)
     7   58.65    0.03    0.05    1.14 ^ place53783/Z (BUF_X4)
                                         net53782 (net)
                  0.04    0.02    1.15 ^ place53672/A (BUF_X2)
     7   64.13    0.07    0.08    1.24 ^ place53672/Z (BUF_X2)
                                         net53671 (net)
                  0.08    0.04    1.28 ^ place53671/A (BUF_X2)
     5   44.60    0.05    0.08    1.35 ^ place53671/Z (BUF_X2)
                                         net53670 (net)
                  0.05    0.01    1.36 ^ place53615/A (BUF_X2)
    24   64.35    0.07    0.09    1.45 ^ place53615/Z (BUF_X2)
                                         net53614 (net)
                  0.07    0.00    1.46 ^ place53614/A (BUF_X1)
    18   51.29    0.11    0.15    1.60 ^ place53614/Z (BUF_X1)
                                         net53613 (net)
                  0.11    0.01    1.61 ^ ex_stage_i/place53613/A (BUF_X2)
    23   61.13    0.07    0.09    1.70 ^ ex_stage_i/place53613/Z (BUF_X2)
                                         ex_stage_i/net53612 (net)
                  0.07    0.01    1.71 ^ ex_stage_i/place53609/A (BUF_X2)
    28   70.28    0.08    0.11    1.82 ^ ex_stage_i/place53609/Z (BUF_X2)
                                         ex_stage_i/net53608 (net)
                  0.08    0.01    1.83 ^ ex_stage_i/place53608/A (BUF_X1)
    20   49.46    0.11    0.14    1.97 ^ ex_stage_i/place53608/Z (BUF_X1)
                                         ex_stage_i/net53607 (net)
                  0.11    0.01    1.98 ^ ex_stage_i/lsu_i.lsu_bypass_i.mem_q[249]$_DFFE_PN0N_/RN (DFFR_X1)
                                  1.98   data arrival time

                  0.00    2.50    2.50   clock core_clock (rise edge)
                          0.54    3.04   clock network delay (ideal)
                          0.00    3.04   clock reconvergence pessimism
                                  3.04 ^ ex_stage_i/lsu_i.lsu_bypass_i.mem_q[249]$_DFFE_PN0N_/CK (DFFR_X1)
                          0.03    3.07   library recovery time
                                  3.07   data required time
-----------------------------------------------------------------------------
                                  3.07   data required time
                                 -1.98   data arrival time
-----------------------------------------------------------------------------
                                  1.09   slack (MET)


Startpoint: issue_stage_i.i_scoreboard/commit_pointer_q[1]$_DFF_PN0_
            (rising edge-triggered flip-flop clocked by core_clock)
Endpoint: issue_stage_i.i_scoreboard/mem_q[897]$_DFF_PN0_
          (rising edge-triggered flip-flop clocked by core_clock)
Path Group: core_clock
Path Type: max

Fanout     Cap    Slew   Delay    Time   Description
-----------------------------------------------------------------------------
                  0.00    0.00    0.00   clock core_clock (rise edge)
                          0.54    0.54   clock network delay (ideal)
                  0.00    0.00    0.54 ^ issue_stage_i.i_scoreboard/commit_pointer_q[1]$_DFF_PN0_/CK (DFFR_X1)
     3    8.09    0.02    0.11    0.65 ^ issue_stage_i.i_scoreboard/commit_pointer_q[1]$_DFF_PN0_/Q (DFFR_X1)
                                         issue_stage_i.i_scoreboard/commit_pointer_q[1] (net)
                  0.02    0.00    0.65 ^ issue_stage_i.i_scoreboard/_59744_/A (HA_X1)
     3   12.10    0.03    0.06    0.71 ^ issue_stage_i.i_scoreboard/_59744_/CO (HA_X1)
                                         issue_stage_i.i_scoreboard/_00110_ (net)
                  0.03    0.00    0.71 ^ issue_stage_i.i_scoreboard/_33259_/A2 (AND2_X4)
     4   17.31    0.01    0.04    0.75 ^ issue_stage_i.i_scoreboard/_33259_/ZN (AND2_X4)
                                         issue_stage_i.i_scoreboard/_02605_ (net)
                  0.01    0.00    0.75 ^ issue_stage_i.i_scoreboard/_51694_/A3 (NOR3_X1)
     1    2.64    0.01    0.01    0.77 v issue_stage_i.i_scoreboard/_51694_/ZN (NOR3_X1)
                                         issue_stage_i.i_scoreboard/_18731_ (net)
                  0.01    0.00    0.77 v issue_stage_i.i_scoreboard/_51697_/A (AOI221_X1)
     1    1.91    0.04    0.07    0.84 ^ issue_stage_i.i_scoreboard/_51697_/ZN (AOI221_X1)
                                         issue_stage_i.i_scoreboard/_18734_ (net)
                  0.04    0.00    0.84 ^ issue_stage_i.i_scoreboard/_51698_/A3 (NOR3_X1)
     1    2.68    0.01    0.02    0.86 v issue_stage_i.i_scoreboard/_51698_/ZN (NOR3_X1)
                                         issue_stage_i.i_scoreboard/_18735_ (net)
                  0.01    0.00    0.86 v issue_stage_i.i_scoreboard/_51699_/A (AOI21_X1)
     1    2.63    0.03    0.05    0.91 ^ issue_stage_i.i_scoreboard/_51699_/ZN (AOI21_X1)
                                         issue_stage_i.i_scoreboard/_18736_ (net)
                  0.03    0.00    0.91 ^ issue_stage_i.i_scoreboard/_51700_/B1 (OAI21_X1)
     1    1.28    0.01    0.02    0.92 v issue_stage_i.i_scoreboard/_51700_/ZN (OAI21_X1)
                                         issue_stage_i.i_scoreboard/_18737_ (net)
                  0.01    0.00    0.92 v issue_stage_i.i_scoreboard/_51701_/B (MUX2_X1)
     1    1.33    0.01    0.06    0.98 v issue_stage_i.i_scoreboard/_51701_/Z (MUX2_X1)
                                         issue_stage_i.i_scoreboard/_18738_ (net)
                  0.01    0.00    0.98 v issue_stage_i.i_scoreboard/_51702_/B (MUX2_X1)
     1    1.38    0.01    0.06    1.04 v issue_stage_i.i_scoreboard/_51702_/Z (MUX2_X1)
                                         issue_stage_i.i_scoreboard/_18739_ (net)
                  0.01    0.00    1.04 v issue_stage_i.i_scoreboard/_51703_/B (MUX2_X1)
     2    6.08    0.01    0.07    1.11 v issue_stage_i.i_scoreboard/_51703_/Z (MUX2_X1)
                                         commit_instr_id_commit[294] (net)
                  0.01    0.00    1.11 v _05366_/A1 (NOR2_X1)
     1   19.68    0.09    0.11    1.22 ^ _05366_/ZN (NOR2_X1)
                                         _00591_ (net)
                  0.09    0.01    1.23 ^ place39778/A (BUF_X4)
     2    3.69    0.01    0.03    1.25 ^ place39778/Z (BUF_X4)
                                         net39777 (net)
                  0.01    0.00    1.25 ^ _05829_/A2 (NAND2_X1)
     2    3.63    0.02    0.02    1.27 v _05829_/ZN (NAND2_X1)
                                         _00922_ (net)
                  0.02    0.00    1.27 v _05830_/A2 (NOR2_X1)
     1    8.08    0.04    0.06    1.34 ^ _05830_/ZN (NOR2_X1)
                                         _00923_ (net)
                  0.04    0.00    1.34 ^ place39420/A (BUF_X2)
     1    6.50    0.01    0.03    1.37 ^ place39420/Z (BUF_X2)
                                         net39419 (net)
                  0.01    0.00    1.37 ^ _05831_/A1 (NAND2_X4)
     6   20.55    0.01    0.02    1.39 v _05831_/ZN (NAND2_X4)
                                         _00924_ (net)
                  0.01    0.00    1.39 v _05832_/A (INV_X2)
     4    7.92    0.01    0.02    1.41 ^ _05832_/ZN (INV_X2)
                                         _00925_ (net)
                  0.01    0.00    1.41 ^ _06073_/A2 (AND2_X4)
     3   12.40    0.01    0.03    1.45 ^ _06073_/ZN (AND2_X4)
                                         commit_stage_i.csr_op_o[5] (net)
                  0.01    0.00    1.45 ^ csr_regfile_i/_07758_/A (INV_X2)
     2    7.70    0.01    0.01    1.46 v csr_regfile_i/_07758_/ZN (INV_X2)
                                         csr_regfile_i/_02546_ (net)
                  0.01    0.00    1.46 v csr_regfile_i/_07762_/A3 (NOR3_X4)
     2    9.01    0.03    0.06    1.51 ^ csr_regfile_i/_07762_/ZN (NOR3_X4)
                                         csr_regfile_i/_02550_ (net)
                  0.03    0.00    1.51 ^ csr_regfile_i/_07768_/A (AOI21_X4)
     2    7.65    0.01    0.02    1.53 v csr_regfile_i/_07768_/ZN (AOI21_X4)
                                         csr_regfile_i/_02556_ (net)
                  0.01    0.00    1.53 v csr_regfile_i/_07769_/A1 (NOR2_X4)
     2   28.54    0.04    0.05    1.58 ^ csr_regfile_i/_07769_/ZN (NOR2_X4)
                                         csr_regfile_i/_02557_ (net)
                  0.04    0.01    1.59 ^ csr_regfile_i/_07883_/A1 (NAND4_X4)
     2    4.83    0.02    0.03    1.62 v csr_regfile_i/_07883_/ZN (NAND4_X4)
                                         csr_regfile_i/_02671_ (net)
                  0.02    0.00    1.62 v csr_regfile_i/_07956_/A1 (AND4_X4)
     2   26.87    0.01    0.04    1.66 v csr_regfile_i/_07956_/ZN (AND4_X4)
                                         csr_regfile_i/_02744_ (net)
                  0.02    0.01    1.67 v csr_regfile_i/_07991_/A2 (NOR2_X4)
     4   13.98    0.02    0.04    1.71 ^ csr_regfile_i/_07991_/ZN (NOR2_X4)
                                         csr_regfile_i/_02778_ (net)
                  0.02    0.00    1.71 ^ csr_regfile_i/_08013_/A2 (OR2_X4)
     2   24.84    0.02    0.04    1.75 ^ csr_regfile_i/_08013_/ZN (OR2_X4)
                                         commit_stage_i.csr_exception_i[0] (net)
                  0.02    0.01    1.76 ^ _05368_/A1 (NAND3_X4)
     3   20.85    0.02    0.03    1.79 v _05368_/ZN (NAND3_X4)
                                         _00593_ (net)
                  0.02    0.00    1.79 v place36586/A (BUF_X8)
    16   41.20    0.01    0.03    1.82 v place36586/Z (BUF_X8)
                                         net36585 (net)
                  0.02    0.01    1.83 v _05548_/A3 (NAND3_X1)
     1    1.74    0.01    0.02    1.86 ^ _05548_/ZN (NAND3_X1)
                                         _00743_ (net)
                  0.01    0.00    1.86 ^ _05549_/B2 (AOI21_X1)
     1    2.50    0.01    0.02    1.88 v _05549_/ZN (AOI21_X1)
                                         _00744_ (net)
                  0.01    0.00    1.88 v _05550_/A (AOI21_X1)
     1    2.09    0.02    0.04    1.92 ^ _05550_/ZN (AOI21_X1)
                                         _00745_ (net)
                  0.02    0.00    1.92 ^ _05551_/A2 (NOR2_X1)
     2    3.55    0.02    0.02    1.93 v _05551_/ZN (NOR2_X1)
                                         commit_stage_i.exception_o[101] (net)
                  0.02    0.00    1.93 v csr_regfile_i/_08852_/A4 (NOR4_X1)
     1    6.65    0.09    0.13    2.07 ^ csr_regfile_i/_08852_/ZN (NOR4_X1)
                                         csr_regfile_i/_03615_ (net)
                  0.09    0.00    2.07 ^ csr_regfile_i/place34273/A (BUF_X1)
     1    2.36    0.01    0.04    2.11 ^ csr_regfile_i/place34273/Z (BUF_X1)
                                         csr_regfile_i/net34272 (net)
                  0.01    0.00    2.11 ^ csr_regfile_i/_08856_/A2 (NAND4_X1)
     1   12.84    0.05    0.07    2.18 v csr_regfile_i/_08856_/ZN (NAND4_X1)
                                         csr_regfile_i/_03619_ (net)
                  0.05    0.00    2.18 v csr_regfile_i/place34247/A (BUF_X2)
     2    6.75    0.01    0.05    2.22 v csr_regfile_i/place34247/Z (BUF_X2)
                                         csr_regfile_i/net34246 (net)
                  0.01    0.00    2.23 v csr_regfile_i/_09159_/A3 (NOR3_X1)
     1    2.72    0.03    0.06    2.28 ^ csr_regfile_i/_09159_/ZN (NOR3_X1)
                                         csr_regfile_i/_03901_ (net)
                  0.03    0.00    2.28 ^ csr_regfile_i/_09160_/A3 (NAND3_X1)
     1   12.93    0.04    0.06    2.34 v csr_regfile_i/_09160_/ZN (NAND3_X1)
                                         csr_regfile_i/_03902_ (net)
                  0.04    0.00    2.34 v csr_regfile_i/place34126/A (BUF_X4)
     2   15.96    0.01    0.04    2.38 v csr_regfile_i/place34126/Z (BUF_X4)
                                         csr_regfile_i/net34125 (net)
                  0.01    0.00    2.39 v csr_regfile_i/_13887_/B1 (OAI21_X4)
     2    8.65    0.02    0.03    2.42 ^ csr_regfile_i/_13887_/ZN (OAI21_X4)
                                         controller_i.set_debug_pc_i (net)
                  0.02    0.00    2.42 ^ _05388_/A1 (NOR3_X4)
     1    6.27    0.02    0.01    2.43 v _05388_/ZN (NOR3_X4)
                                         _00612_ (net)
                  0.02    0.00    2.43 v _05389_/A1 (NAND2_X4)
     3   38.57    0.02    0.03    2.46 ^ _05389_/ZN (NAND2_X4)
                                         controller_i.flush_ex_o (net)
                  0.03    0.02    2.48 ^ ex_stage_i/place33396/A (BUF_X16)
     2   41.31    0.01    0.03    2.50 ^ ex_stage_i/place33396/Z (BUF_X16)
                                         ex_stage_i/net33395 (net)
                  0.03    0.02    2.52 ^ ex_stage_i/place33395/A (BUF_X8)
     2   39.77    0.01    0.03    2.55 ^ ex_stage_i/place33395/Z (BUF_X8)
                                         ex_stage_i/net33394 (net)
                  0.02    0.01    2.56 ^ ex_stage_i/_24918_/A (INV_X16)
     3    7.96    0.00    0.01    2.57 v ex_stage_i/_24918_/ZN (INV_X16)
                                         ex_stage_i/_06613_ (net)
                  0.00    0.00    2.57 v ex_stage_i/_27495_/B1 (AOI21_X4)
     2    9.65    0.03    0.03    2.60 ^ ex_stage_i/_27495_/ZN (AOI21_X4)
                                         ex_stage_i/_08770_ (net)
                  0.03    0.00    2.60 ^ ex_stage_i/_27496_/A1 (NOR2_X4)
     2   21.35    0.02    0.02    2.61 v ex_stage_i/_27496_/ZN (NOR2_X4)
                                         ex_stage_i/_08771_ (net)
                  0.02    0.01    2.62 v ex_stage_i/place33067/A (BUF_X8)
     3   35.06    0.01    0.03    2.65 v ex_stage_i/place33067/Z (BUF_X8)
                                         ex_stage_i/net33066 (net)
                  0.02    0.02    2.67 v ex_stage_i/_31310_/S (MUX2_X2)
    11   29.90    0.04    0.10    2.76 ^ ex_stage_i/_31310_/Z (MUX2_X2)
                                         flu_trans_id_ex_id[2] (net)
                  0.04    0.00    2.77 ^ issue_stage_i.i_scoreboard/place32924/A (BUF_X1)
     2    4.38    0.01    0.04    2.80 ^ issue_stage_i.i_scoreboard/place32924/Z (BUF_X1)
                                         issue_stage_i.i_scoreboard/net32923 (net)
                  0.01    0.00    2.80 ^ issue_stage_i.i_scoreboard/place32923/A (BUF_X1)
    10   35.56    0.08    0.10    2.91 ^ issue_stage_i.i_scoreboard/place32923/Z (BUF_X1)
                                         issue_stage_i.i_scoreboard/net32922 (net)
                  0.08    0.00    2.91 ^ issue_stage_i.i_scoreboard/_33283_/A3 (NAND3_X1)
     2    4.42    0.02    0.04    2.95 v issue_stage_i.i_scoreboard/_33283_/ZN (NAND3_X1)
                                         issue_stage_i.i_scoreboard/_02628_ (net)
                  0.02    0.00    2.95 v issue_stage_i.i_scoreboard/_48184_/C1 (OAI221_X1)
     1    4.30    0.05    0.05    2.99 ^ issue_stage_i.i_scoreboard/_48184_/ZN (OAI221_X1)
                                         issue_stage_i.i_scoreboard/_15427_ (net)
                  0.05    0.00    2.99 ^ issue_stage_i.i_scoreboard/_48185_/B2 (AOI21_X1)
     1    2.25    0.02    0.02    3.02 v issue_stage_i.i_scoreboard/_48185_/ZN (AOI21_X1)
                                         issue_stage_i.i_scoreboard/_15428_ (net)
                  0.02    0.00    3.02 v issue_stage_i.i_scoreboard/_48293_/C2 (AOI221_X1)
     2    4.06    0.06    0.07    3.09 ^ issue_stage_i.i_scoreboard/_48293_/ZN (AOI221_X1)
                                         issue_stage_i.i_scoreboard/_15536_ (net)
                  0.06    0.00    3.09 ^ issue_stage_i.i_scoreboard/_49557_/A1 (NAND4_X1)
     1   12.75    0.05    0.08    3.17 v issue_stage_i.i_scoreboard/_49557_/ZN (NAND4_X1)
                                         issue_stage_i.i_scoreboard/_16736_ (net)
                  0.05    0.00    3.18 v issue_stage_i.i_scoreboard/place32460/A (BUF_X2)
     2    5.87    0.01    0.05    3.22 v issue_stage_i.i_scoreboard/place32460/Z (BUF_X2)
                                         issue_stage_i.i_scoreboard/net32459 (net)
                  0.01    0.00    3.22 v issue_stage_i.i_scoreboard/_49558_/A2 (NOR3_X2)
     1   14.26    0.06    0.09    3.31 ^ issue_stage_i.i_scoreboard/_49558_/ZN (NOR3_X2)
                                         issue_stage_i.i_scoreboard/_16737_ (net)
                  0.06    0.00    3.31 ^ issue_stage_i.i_scoreboard/place32422/A (BUF_X4)
     2    6.83    0.01    0.03    3.34 ^ issue_stage_i.i_scoreboard/place32422/Z (BUF_X4)
                                         issue_stage_i.i_scoreboard/net32421 (net)
                  0.01    0.00    3.34 ^ issue_stage_i.i_scoreboard/_49559_/A2 (NOR2_X1)
     2    3.79    0.02    0.01    3.36 v issue_stage_i.i_scoreboard/_49559_/ZN (NOR2_X1)
                                         issue_stage_i.i_scoreboard/_16738_ (net)
                  0.02    0.00    3.36 v issue_stage_i.i_scoreboard/_49560_/B2 (OAI21_X1)
     1    4.02    0.12    0.05    3.40 ^ issue_stage_i.i_scoreboard/_49560_/ZN (OAI21_X1)
                                         issue_stage_i.i_scoreboard/_16739_ (net)
                  0.12    0.00    3.40 ^ issue_stage_i.i_scoreboard/_49561_/B2 (OAI21_X2)
     2    7.78    0.08    0.04    3.44 v issue_stage_i.i_scoreboard/_49561_/ZN (OAI21_X2)
                                         issue_stage_i.i_scoreboard/_16740_ (net)
                  0.08    0.00    3.44 v issue_stage_i.i_scoreboard/_50928_/B2 (AOI22_X4)
     5   10.82    0.03    0.08    3.52 ^ issue_stage_i.i_scoreboard/_50928_/ZN (AOI22_X4)
                                         issue_stage_i.rs2_valid_iro_sb (net)
                  0.03    0.00    3.52 ^ issue_stage_i.i_issue_read_operands/_14916_/A (AOI21_X1)
     1    3.47    0.02    0.02    3.54 v issue_stage_i.i_issue_read_operands/_14916_/ZN (AOI21_X1)
                                         issue_stage_i.i_issue_read_operands/_11380_ (net)
                  0.02    0.00    3.54 v issue_stage_i.i_issue_read_operands/_14948_/A (AOI221_X2)
     1    4.51    0.05    0.08    3.62 ^ issue_stage_i.i_issue_read_operands/_14948_/ZN (AOI221_X2)
                                         issue_stage_i.i_issue_read_operands/_11412_ (net)
                  0.05    0.00    3.62 ^ issue_stage_i.i_issue_read_operands/place32184/A (BUF_X4)
     1   11.55    0.01    0.03    3.65 ^ issue_stage_i.i_issue_read_operands/place32184/Z (BUF_X4)
                                         issue_stage_i.i_issue_read_operands/net32183 (net)
                  0.01    0.00    3.66 ^ issue_stage_i.i_issue_read_operands/_14949_/B2 (AOI21_X2)
     2   14.52    0.02    0.03    3.68 v issue_stage_i.i_issue_read_operands/_14949_/ZN (AOI21_X2)
                                         issue_stage_i.i_issue_read_operands/_11413_ (net)
                  0.02    0.00    3.68 v issue_stage_i.i_issue_read_operands/_15689_/A2 (NOR2_X4)
     2   19.40    0.03    0.05    3.73 ^ issue_stage_i.i_issue_read_operands/_15689_/ZN (NOR2_X4)
                                         issue_stage_i.issue_ack_iro_sb (net)
                  0.03    0.01    3.74 ^ issue_stage_i.i_scoreboard/_33060_/A1 (AND2_X4)
     3   16.21    0.01    0.04    3.78 ^ issue_stage_i.i_scoreboard/_33060_/ZN (AND2_X4)
                                         issue_stage_i.i_scoreboard/_02408_ (net)
                  0.01    0.00    3.78 ^ issue_stage_i.i_scoreboard/place32109/A (BUF_X2)
     1    4.46    0.01    0.02    3.80 ^ issue_stage_i.i_scoreboard/place32109/Z (BUF_X2)
                                         issue_stage_i.i_scoreboard/net32108 (net)
                  0.01    0.00    3.80 ^ issue_stage_i.i_scoreboard/_33643_/A4 (AND4_X4)
     3    5.98    0.01    0.05    3.86 ^ issue_stage_i.i_scoreboard/_33643_/ZN (AND4_X4)
                                         issue_stage_i.i_scoreboard/_02965_ (net)
                  0.01    0.00    3.86 ^ issue_stage_i.i_scoreboard/place32049/A (BUF_X2)
     2    8.19    0.01    0.03    3.88 ^ issue_stage_i.i_scoreboard/place32049/Z (BUF_X2)
                                         issue_stage_i.i_scoreboard/net32048 (net)
                  0.01    0.00    3.88 ^ issue_stage_i.i_scoreboard/_34844_/S (MUX2_X1)
     1    2.74    0.01    0.06    3.95 v issue_stage_i.i_scoreboard/_34844_/Z (MUX2_X1)
                                         issue_stage_i.i_scoreboard/_04071_ (net)
                  0.01    0.00    3.95 v issue_stage_i.i_scoreboard/_34845_/A4 (NOR4_X1)
     1    2.01    0.04    0.08    4.03 ^ issue_stage_i.i_scoreboard/_34845_/ZN (NOR4_X1)
                                         issue_stage_i.i_scoreboard/_04072_ (net)
                  0.04    0.00    4.03 ^ issue_stage_i.i_scoreboard/_34846_/A4 (NAND4_X1)
     2    8.62    0.04    0.06    4.09 v issue_stage_i.i_scoreboard/_34846_/ZN (NAND4_X1)
                                         issue_stage_i.i_scoreboard/_04073_ (net)
                  0.04    0.00    4.09 v issue_stage_i.i_scoreboard/place31686/A (BUF_X1)
     1    3.82    0.01    0.04    4.14 v issue_stage_i.i_scoreboard/place31686/Z (BUF_X1)
                                         issue_stage_i.i_scoreboard/net31685 (net)
                  0.01    0.00    4.14 v issue_stage_i.i_scoreboard/_34856_/B1 (AOI22_X2)
     2    6.76    0.03    0.05    4.19 ^ issue_stage_i.i_scoreboard/_34856_/ZN (AOI22_X2)
                                         issue_stage_i.i_scoreboard/_04083_ (net)
                  0.03    0.00    4.19 ^ issue_stage_i.i_scoreboard/place31594/A (BUF_X1)
     1    1.91    0.01    0.03    4.22 ^ issue_stage_i.i_scoreboard/place31594/Z (BUF_X1)
                                         issue_stage_i.i_scoreboard/net31593 (net)
                  0.01    0.00    4.22 ^ issue_stage_i.i_scoreboard/_43425_/A2 (NAND2_X1)
     1    3.35    0.02    0.02    4.23 v issue_stage_i.i_scoreboard/_43425_/ZN (NAND2_X1)
                                         issue_stage_i.i_scoreboard/_11372_ (net)
                  0.02    0.00    4.23 v issue_stage_i.i_scoreboard/_43427_/B2 (OAI221_X2)
     1   35.64    0.11    0.13    4.36 ^ issue_stage_i.i_scoreboard/_43427_/ZN (OAI221_X2)
                                         issue_stage_i.i_scoreboard/_11374_ (net)
                  0.11    0.02    4.38 ^ issue_stage_i.i_scoreboard/place31135/A (BUF_X8)
     2   10.76    0.01    0.03    4.41 ^ issue_stage_i.i_scoreboard/place31135/Z (BUF_X8)
                                         issue_stage_i.i_scoreboard/net31134 (net)
                  0.01    0.00    4.41 ^ issue_stage_i.i_scoreboard/_43428_/A (AOI21_X4)
     4   26.46    0.02    0.02    4.43 v issue_stage_i.i_scoreboard/_43428_/ZN (AOI21_X4)
                                         issue_stage_i.i_scoreboard/_11375_ (net)
                  0.02    0.01    4.44 v issue_stage_i.i_scoreboard/place30934/A (BUF_X8)
    16   41.25    0.01    0.03    4.47 v issue_stage_i.i_scoreboard/place30934/Z (BUF_X8)
                                         issue_stage_i.i_scoreboard/net30933 (net)
                  0.01    0.01    4.48 v issue_stage_i.i_scoreboard/_43647_/B1 (AOI221_X1)
     1    2.52    0.05    0.08    4.56 ^ issue_stage_i.i_scoreboard/_43647_/ZN (AOI221_X1)
                                         issue_stage_i.i_scoreboard/_11568_ (net)
                  0.05    0.00    4.56 ^ issue_stage_i.i_scoreboard/_43649_/B1 (OAI22_X1)
     1    1.52    0.02    0.03    4.58 v issue_stage_i.i_scoreboard/_43649_/ZN (OAI22_X1)
                                         issue_stage_i.i_scoreboard/mem_n[897] (net)
                  0.02    0.00    4.58 v issue_stage_i.i_scoreboard/mem_q[897]$_DFF_PN0_/D (DFFR_X1)
                                  4.58   data arrival time

                  0.00    2.50    2.50   clock core_clock (rise edge)
                          0.54    3.04   clock network delay (ideal)
                          0.00    3.04   clock reconvergence pessimism
                                  3.04 ^ issue_stage_i.i_scoreboard/mem_q[897]$_DFF_PN0_/CK (DFFR_X1)
                         -0.04    2.99   library setup time
                                  2.99   data required time
-----------------------------------------------------------------------------
                                  2.99   data required time
                                 -4.58   data arrival time
-----------------------------------------------------------------------------
                                 -1.59   slack (VIOLATED)


Startpoint: i_cache_subsystem.i_nbdcache/i_miss_handler/state_q[2]$_DFFE_PN0P_
            (rising edge-triggered flip-flop clocked by core_clock)
Endpoint: axi_req_o[134] (output port clocked by vclk_core_clock)
Path Group: vclk_core_clock
Path Type: max

Fanout     Cap    Slew   Delay    Time   Description
-----------------------------------------------------------------------------
                  0.00    0.00    0.00   clock core_clock (rise edge)
                          0.54    0.54   clock network delay (ideal)
                  0.00    0.00    0.54 ^ i_cache_subsystem.i_nbdcache/i_miss_handler/state_q[2]$_DFFE_PN0P_/CK (DFFR_X1)
     2    4.15    0.01    0.09    0.62 v i_cache_subsystem.i_nbdcache/i_miss_handler/state_q[2]$_DFFE_PN0P_/Q (DFFR_X1)
                                         i_cache_subsystem.i_nbdcache/i_miss_handler/state_q[2] (net)
                  0.01    0.00    0.62 v i_cache_subsystem.i_nbdcache/i_miss_handler/_11607_/A2 (NAND2_X2)
     2    4.90    0.01    0.02    0.64 ^ i_cache_subsystem.i_nbdcache/i_miss_handler/_11607_/ZN (NAND2_X2)
                                         i_cache_subsystem.i_nbdcache/i_miss_handler/_07265_ (net)
                  0.01    0.00    0.64 ^ i_cache_subsystem.i_nbdcache/i_miss_handler/_11608_/A3 (OR3_X4)
     2   37.44    0.02    0.04    0.68 ^ i_cache_subsystem.i_nbdcache/i_miss_handler/_11608_/ZN (OR3_X4)
                                         i_cache_subsystem.i_nbdcache/i_miss_handler/_07266_ (net)
                  0.03    0.02    0.69 ^ i_cache_subsystem.i_nbdcache/i_miss_handler/place46489/A (BUF_X1)
     5   16.30    0.04    0.06    0.76 ^ i_cache_subsystem.i_nbdcache/i_miss_handler/place46489/Z (BUF_X1)
                                         i_cache_subsystem.i_nbdcache/i_miss_handler/net46488 (net)
                  0.04    0.00    0.76 ^ i_cache_subsystem.i_nbdcache/i_miss_handler/place46487/A (BUF_X2)
     7   49.90    0.05    0.08    0.83 ^ i_cache_subsystem.i_nbdcache/i_miss_handler/place46487/Z (BUF_X2)
                                         i_cache_subsystem.i_nbdcache/i_miss_handler/net46486 (net)
                  0.06    0.01    0.84 ^ i_cache_subsystem.i_nbdcache/i_miss_handler/place46486/A (BUF_X2)
    36   76.65    0.09    0.11    0.95 ^ i_cache_subsystem.i_nbdcache/i_miss_handler/place46486/Z (BUF_X2)
                                         i_cache_subsystem.i_nbdcache/i_miss_handler/net46485 (net)
                  0.09    0.01    0.96 ^ i_cache_subsystem.i_nbdcache/i_miss_handler/_11678_/A (AOI21_X1)
     2    4.60    0.03    0.03    0.99 v i_cache_subsystem.i_nbdcache/i_miss_handler/_11678_/ZN (AOI21_X1)
                                         i_cache_subsystem.i_nbdcache/i_miss_handler/_07332_ (net)
                  0.03    0.00    0.99 v i_cache_subsystem.i_nbdcache/i_miss_handler/_11684_/A2 (NOR3_X2)
     3    9.50    0.05    0.08    1.07 ^ i_cache_subsystem.i_nbdcache/i_miss_handler/_11684_/ZN (NOR3_X2)
                                         i_cache_subsystem.i_nbdcache/i_miss_handler/_07338_ (net)
                  0.05    0.00    1.07 ^ i_cache_subsystem.i_nbdcache/i_miss_handler/_11690_/A2 (AND3_X1)
     2    3.69    0.01    0.06    1.13 ^ i_cache_subsystem.i_nbdcache/i_miss_handler/_11690_/ZN (AND3_X1)
                                         i_cache_subsystem.i_nbdcache/i_miss_handler/_07342_ (net)
                  0.01    0.00    1.13 ^ i_cache_subsystem.i_nbdcache/i_miss_handler/_11705_/A1 (NAND3_X1)
     2    6.65    0.02    0.03    1.16 v i_cache_subsystem.i_nbdcache/i_miss_handler/_11705_/ZN (NAND3_X1)
                                         i_cache_subsystem.i_nbdcache/i_miss_handler/_07350_ (net)
                  0.02    0.00    1.16 v i_cache_subsystem.i_nbdcache/i_miss_handler/_11711_/A1 (OR3_X1)
     2    2.01    0.01    0.07    1.23 v i_cache_subsystem.i_nbdcache/i_miss_handler/_11711_/ZN (OR3_X1)
                                         i_cache_subsystem.i_nbdcache/i_miss_handler/_07354_ (net)
                  0.01    0.00    1.23 v i_cache_subsystem.i_nbdcache/i_miss_handler/_11716_/A1 (OR3_X1)
     2    2.48    0.01    0.07    1.30 v i_cache_subsystem.i_nbdcache/i_miss_handler/_11716_/ZN (OR3_X1)
                                         i_cache_subsystem.i_nbdcache/i_miss_handler/_07357_ (net)
                  0.01    0.00    1.30 v i_cache_subsystem.i_nbdcache/i_miss_handler/_11721_/A1 (OR3_X1)
     2    3.27    0.01    0.07    1.37 v i_cache_subsystem.i_nbdcache/i_miss_handler/_11721_/ZN (OR3_X1)
                                         i_cache_subsystem.i_nbdcache/i_miss_handler/_07360_ (net)
                  0.01    0.00    1.37 v i_cache_subsystem.i_nbdcache/i_miss_handler/_11722_/A2 (NOR2_X1)
     2    5.14    0.03    0.05    1.42 ^ i_cache_subsystem.i_nbdcache/i_miss_handler/_11722_/ZN (NOR2_X1)
                                         i_cache_subsystem.i_nbdcache/i_miss_handler/_07361_ (net)
                  0.03    0.00    1.42 ^ i_cache_subsystem.i_nbdcache/i_miss_handler/place39832/A (BUF_X1)
     3   10.09    0.03    0.05    1.47 ^ i_cache_subsystem.i_nbdcache/i_miss_handler/place39832/Z (BUF_X1)
                                         i_cache_subsystem.i_nbdcache/i_miss_handler/net39831 (net)
                  0.03    0.00    1.47 ^ i_cache_subsystem.i_nbdcache/i_miss_handler/_11730_/A1 (NAND2_X1)
     2    3.21    0.01    0.02    1.49 v i_cache_subsystem.i_nbdcache/i_miss_handler/_11730_/ZN (NAND2_X1)
                                         i_cache_subsystem.i_nbdcache/i_miss_handler/_07368_ (net)
                  0.01    0.00    1.49 v i_cache_subsystem.i_nbdcache/i_miss_handler/_11738_/B1 (OAI21_X1)
     1    3.83    0.03    0.04    1.53 ^ i_cache_subsystem.i_nbdcache/i_miss_handler/_11738_/ZN (OAI21_X1)
                                         i_cache_subsystem.i_nbdcache/i_miss_handler/_07376_ (net)
                  0.03    0.00    1.53 ^ i_cache_subsystem.i_nbdcache/i_miss_handler/_11739_/B (XNOR2_X1)
     1    6.76    0.04    0.06    1.59 ^ i_cache_subsystem.i_nbdcache/i_miss_handler/_11739_/ZN (XNOR2_X1)
                                         i_cache_subsystem.i_nbdcache/i_miss_handler/_00392_ (net)
                  0.04    0.00    1.59 ^ i_cache_subsystem.i_nbdcache/i_miss_handler/_22896_/A (HA_X1)
     2    3.75    0.03    0.06    1.65 ^ i_cache_subsystem.i_nbdcache/i_miss_handler/_22896_/S (HA_X1)
                                         i_cache_subsystem.i_nbdcache/i_miss_handler/_00395_ (net)
                  0.03    0.00    1.65 ^ i_cache_subsystem.i_nbdcache/i_miss_handler/_14702_/A1 (NAND2_X1)
     2    3.19    0.02    0.02    1.67 v i_cache_subsystem.i_nbdcache/i_miss_handler/_14702_/ZN (NAND2_X1)
                                         i_cache_subsystem.i_nbdcache/i_miss_handler/_09378_ (net)
                  0.02    0.00    1.67 v i_cache_subsystem.i_nbdcache/i_miss_handler/_14703_/A3 (NOR3_X1)
     2    4.02    0.04    0.07    1.74 ^ i_cache_subsystem.i_nbdcache/i_miss_handler/_14703_/ZN (NOR3_X1)
                                         i_cache_subsystem.i_nbdcache/i_miss_handler/_09379_ (net)
                  0.04    0.00    1.74 ^ i_cache_subsystem.i_nbdcache/i_miss_handler/_14718_/A1 (NAND2_X1)
     2    3.36    0.02    0.02    1.77 v i_cache_subsystem.i_nbdcache/i_miss_handler/_14718_/ZN (NAND2_X1)
                                         i_cache_subsystem.i_nbdcache/i_miss_handler/_09394_ (net)
                  0.02    0.00    1.77 v i_cache_subsystem.i_nbdcache/i_miss_handler/_14737_/B1 (OAI21_X1)
     2    7.50    0.04    0.06    1.83 ^ i_cache_subsystem.i_nbdcache/i_miss_handler/_14737_/ZN (OAI21_X1)
                                         i_cache_subsystem.i_nbdcache/i_miss_handler/_09413_ (net)
                  0.04    0.00    1.83 ^ i_cache_subsystem.i_nbdcache/i_miss_handler/_14879_/A (AOI21_X4)
     4   13.39    0.02    0.02    1.85 v i_cache_subsystem.i_nbdcache/i_miss_handler/_14879_/ZN (AOI21_X4)
                                         i_cache_subsystem.i_nbdcache/i_miss_handler/_09555_ (net)
                  0.02    0.00    1.85 v i_cache_subsystem.i_nbdcache/i_miss_handler/place38212/A (BUF_X2)
     1    4.56    0.01    0.03    1.88 v i_cache_subsystem.i_nbdcache/i_miss_handler/place38212/Z (BUF_X2)
                                         i_cache_subsystem.i_nbdcache/i_miss_handler/net38211 (net)
                  0.01    0.00    1.88 v i_cache_subsystem.i_nbdcache/i_miss_handler/_14880_/B (XNOR2_X2)
     4   11.46    0.03    0.04    1.93 v i_cache_subsystem.i_nbdcache/i_miss_handler/_14880_/ZN (XNOR2_X2)
                                         i_cache_subsystem.i_nbdcache/i_miss_handler/_09556_ (net)
                  0.03    0.00    1.93 v i_cache_subsystem.i_nbdcache/i_miss_handler/_15138_/S (MUX2_X1)
     4   22.24    0.05    0.11    2.03 ^ i_cache_subsystem.i_nbdcache/i_miss_handler/_15138_/Z (MUX2_X1)
                                         i_cache_subsystem.i_nbdcache/i_miss_handler/_09814_ (net)
                  0.05    0.00    2.03 ^ i_cache_subsystem.i_nbdcache/i_miss_handler/place37667/A (BUF_X4)
     5   15.40    0.01    0.03    2.07 ^ i_cache_subsystem.i_nbdcache/i_miss_handler/place37667/Z (BUF_X4)
                                         i_cache_subsystem.i_nbdcache/i_miss_handler/net37666 (net)
                  0.01    0.00    2.07 ^ i_cache_subsystem.i_nbdcache/i_miss_handler/_16113_/C2 (AOI221_X1)
     1    1.63    0.02    0.02    2.09 v i_cache_subsystem.i_nbdcache/i_miss_handler/_16113_/ZN (AOI221_X1)
                                         i_cache_subsystem.i_nbdcache/i_miss_handler/_10772_ (net)
                  0.02    0.00    2.09 v i_cache_subsystem.i_nbdcache/i_miss_handler/_16117_/A (AOI221_X1)
     1   13.40    0.12    0.17    2.25 ^ i_cache_subsystem.i_nbdcache/i_miss_handler/_16117_/ZN (AOI221_X1)
                                         i_cache_subsystem.i_nbdcache/i_miss_handler/_10776_ (net)
                  0.12    0.00    2.25 ^ i_cache_subsystem.i_nbdcache/i_miss_handler/place37133/A (BUF_X8)
     4   20.91    0.01    0.03    2.29 ^ i_cache_subsystem.i_nbdcache/i_miss_handler/place37133/Z (BUF_X8)
                                         i_cache_subsystem.i_nbdcache/i_miss_handler/net37132 (net)
                  0.01    0.01    2.29 ^ i_cache_subsystem.i_nbdcache/i_miss_handler/_16118_/A (INV_X1)
     2    4.13    0.01    0.01    2.31 v i_cache_subsystem.i_nbdcache/i_miss_handler/_16118_/ZN (INV_X1)
                                         i_cache_subsystem.i_nbdcache/i_miss_handler/_10777_ (net)
                  0.01    0.00    2.31 v i_cache_subsystem.i_nbdcache/i_miss_handler/_16550_/B1 (AOI221_X1)
     1    1.74    0.04    0.07    2.37 ^ i_cache_subsystem.i_nbdcache/i_miss_handler/_16550_/ZN (AOI221_X1)
                                         i_cache_subsystem.i_nbdcache/i_miss_handler/_01798_ (net)
                  0.04    0.00    2.37 ^ i_cache_subsystem.i_nbdcache/i_miss_handler/_16552_/A2 (OAI22_X1)
     1    1.61    0.02    0.03    2.40 v i_cache_subsystem.i_nbdcache/i_miss_handler/_16552_/ZN (OAI22_X1)
                                         i_cache_subsystem.i_nbdcache/i_miss_handler/_01800_ (net)
                  0.02    0.00    2.40 v i_cache_subsystem.i_nbdcache/i_miss_handler/_16555_/B1 (OAI21_X1)
     1    9.76    0.05    0.07    2.47 ^ i_cache_subsystem.i_nbdcache/i_miss_handler/_16555_/ZN (OAI21_X1)
                                         i_cache_subsystem.axi_req_data[134] (net)
                  0.05    0.00    2.48 ^ place35918/A (BUF_X4)
     1    9.47    0.01    0.03    2.51 ^ place35918/Z (BUF_X4)
                                         net35917 (net)
                  0.01    0.00    2.51 ^ _08279_/B2 (AOI22_X1)
     1    7.81    0.03    0.03    2.54 v _08279_/ZN (AOI22_X1)
                                         _02731_ (net)
                  0.03    0.00    2.54 v place35842/A (BUF_X4)
     1   21.06    0.01    0.04    2.58 v place35842/Z (BUF_X4)
                                         net35841 (net)
                  0.01    0.01    2.59 v _08280_/A (INV_X1)
     1    1.46    0.01    0.01    2.60 ^ _08280_/ZN (INV_X1)
                                         net3291 (net)
                  0.01    0.00    2.60 ^ output3292/A (BUF_X1)
     1    4.94    0.01    0.03    2.63 ^ output3292/Z (BUF_X1)
                                         axi_req_o[134] (net)
                  0.01    0.00    2.63 ^ axi_req_o[134] (out)
                                  2.63   data arrival time

                  0.00    2.50    2.50   clock vclk_core_clock (rise edge)
                          0.54    3.04   clock network delay (ideal)
                          0.00    3.04   clock reconvergence pessimism
                         -0.50    2.54   output external delay
                                  2.54   data required time
-----------------------------------------------------------------------------
                                  2.54   data required time
                                 -2.63   data arrival time
-----------------------------------------------------------------------------
                                 -0.10   slack (VIOLATED)



==========================================================================
global place report_checks -unconstrained
--------------------------------------------------------------------------
Startpoint: rst_ni (input port clocked by vclk_core_clock)
Endpoint: ex_stage_i/lsu_i.lsu_bypass_i.mem_q[249]$_DFFE_PN0N_
          (recovery check against rising-edge clock core_clock)
Path Group: asynchronous
Path Type: max

Fanout     Cap    Slew   Delay    Time   Description
-----------------------------------------------------------------------------
                  0.00    0.00    0.00   clock vclk_core_clock (rise edge)
                          0.54    0.54   clock network delay (ideal)
                          0.50    1.03 ^ input external delay
     1    3.42    0.00    0.00    1.03 ^ rst_ni (in)
                                         rst_ni (net)
                  0.00    0.00    1.04 ^ input3253/A (CLKBUF_X3)
     2   25.67    0.02    0.04    1.08 ^ input3253/Z (CLKBUF_X3)
                                         net3252 (net)
                  0.02    0.01    1.09 ^ place53783/A (BUF_X4)
     7   58.65    0.03    0.05    1.14 ^ place53783/Z (BUF_X4)
                                         net53782 (net)
                  0.04    0.02    1.15 ^ place53672/A (BUF_X2)
     7   64.13    0.07    0.08    1.24 ^ place53672/Z (BUF_X2)
                                         net53671 (net)
                  0.08    0.04    1.28 ^ place53671/A (BUF_X2)
     5   44.60    0.05    0.08    1.35 ^ place53671/Z (BUF_X2)
                                         net53670 (net)
                  0.05    0.01    1.36 ^ place53615/A (BUF_X2)
    24   64.35    0.07    0.09    1.45 ^ place53615/Z (BUF_X2)
                                         net53614 (net)
                  0.07    0.00    1.46 ^ place53614/A (BUF_X1)
    18   51.29    0.11    0.15    1.60 ^ place53614/Z (BUF_X1)
                                         net53613 (net)
                  0.11    0.01    1.61 ^ ex_stage_i/place53613/A (BUF_X2)
    23   61.13    0.07    0.09    1.70 ^ ex_stage_i/place53613/Z (BUF_X2)
                                         ex_stage_i/net53612 (net)
                  0.07    0.01    1.71 ^ ex_stage_i/place53609/A (BUF_X2)
    28   70.28    0.08    0.11    1.82 ^ ex_stage_i/place53609/Z (BUF_X2)
                                         ex_stage_i/net53608 (net)
                  0.08    0.01    1.83 ^ ex_stage_i/place53608/A (BUF_X1)
    20   49.46    0.11    0.14    1.97 ^ ex_stage_i/place53608/Z (BUF_X1)
                                         ex_stage_i/net53607 (net)
                  0.11    0.01    1.98 ^ ex_stage_i/lsu_i.lsu_bypass_i.mem_q[249]$_DFFE_PN0N_/RN (DFFR_X1)
                                  1.98   data arrival time

                  0.00    2.50    2.50   clock core_clock (rise edge)
                          0.54    3.04   clock network delay (ideal)
                          0.00    3.04   clock reconvergence pessimism
                                  3.04 ^ ex_stage_i/lsu_i.lsu_bypass_i.mem_q[249]$_DFFE_PN0N_/CK (DFFR_X1)
                          0.03    3.07   library recovery time
                                  3.07   data required time
-----------------------------------------------------------------------------
                                  3.07   data required time
                                 -1.98   data arrival time
-----------------------------------------------------------------------------
                                  1.09   slack (MET)


Startpoint: issue_stage_i.i_scoreboard/commit_pointer_q[1]$_DFF_PN0_
            (rising edge-triggered flip-flop clocked by core_clock)
Endpoint: issue_stage_i.i_scoreboard/mem_q[897]$_DFF_PN0_
          (rising edge-triggered flip-flop clocked by core_clock)
Path Group: core_clock
Path Type: max

Fanout     Cap    Slew   Delay    Time   Description
-----------------------------------------------------------------------------
                  0.00    0.00    0.00   clock core_clock (rise edge)
                          0.54    0.54   clock network delay (ideal)
                  0.00    0.00    0.54 ^ issue_stage_i.i_scoreboard/commit_pointer_q[1]$_DFF_PN0_/CK (DFFR_X1)
     3    8.09    0.02    0.11    0.65 ^ issue_stage_i.i_scoreboard/commit_pointer_q[1]$_DFF_PN0_/Q (DFFR_X1)
                                         issue_stage_i.i_scoreboard/commit_pointer_q[1] (net)
                  0.02    0.00    0.65 ^ issue_stage_i.i_scoreboard/_59744_/A (HA_X1)
     3   12.10    0.03    0.06    0.71 ^ issue_stage_i.i_scoreboard/_59744_/CO (HA_X1)
                                         issue_stage_i.i_scoreboard/_00110_ (net)
                  0.03    0.00    0.71 ^ issue_stage_i.i_scoreboard/_33259_/A2 (AND2_X4)
     4   17.31    0.01    0.04    0.75 ^ issue_stage_i.i_scoreboard/_33259_/ZN (AND2_X4)
                                         issue_stage_i.i_scoreboard/_02605_ (net)
                  0.01    0.00    0.75 ^ issue_stage_i.i_scoreboard/_51694_/A3 (NOR3_X1)
     1    2.64    0.01    0.01    0.77 v issue_stage_i.i_scoreboard/_51694_/ZN (NOR3_X1)
                                         issue_stage_i.i_scoreboard/_18731_ (net)
                  0.01    0.00    0.77 v issue_stage_i.i_scoreboard/_51697_/A (AOI221_X1)
     1    1.91    0.04    0.07    0.84 ^ issue_stage_i.i_scoreboard/_51697_/ZN (AOI221_X1)
                                         issue_stage_i.i_scoreboard/_18734_ (net)
                  0.04    0.00    0.84 ^ issue_stage_i.i_scoreboard/_51698_/A3 (NOR3_X1)
     1    2.68    0.01    0.02    0.86 v issue_stage_i.i_scoreboard/_51698_/ZN (NOR3_X1)
                                         issue_stage_i.i_scoreboard/_18735_ (net)
                  0.01    0.00    0.86 v issue_stage_i.i_scoreboard/_51699_/A (AOI21_X1)
     1    2.63    0.03    0.05    0.91 ^ issue_stage_i.i_scoreboard/_51699_/ZN (AOI21_X1)
                                         issue_stage_i.i_scoreboard/_18736_ (net)
                  0.03    0.00    0.91 ^ issue_stage_i.i_scoreboard/_51700_/B1 (OAI21_X1)
     1    1.28    0.01    0.02    0.92 v issue_stage_i.i_scoreboard/_51700_/ZN (OAI21_X1)
                                         issue_stage_i.i_scoreboard/_18737_ (net)
                  0.01    0.00    0.92 v issue_stage_i.i_scoreboard/_51701_/B (MUX2_X1)
     1    1.33    0.01    0.06    0.98 v issue_stage_i.i_scoreboard/_51701_/Z (MUX2_X1)
                                         issue_stage_i.i_scoreboard/_18738_ (net)
                  0.01    0.00    0.98 v issue_stage_i.i_scoreboard/_51702_/B (MUX2_X1)
     1    1.38    0.01    0.06    1.04 v issue_stage_i.i_scoreboard/_51702_/Z (MUX2_X1)
                                         issue_stage_i.i_scoreboard/_18739_ (net)
                  0.01    0.00    1.04 v issue_stage_i.i_scoreboard/_51703_/B (MUX2_X1)
     2    6.08    0.01    0.07    1.11 v issue_stage_i.i_scoreboard/_51703_/Z (MUX2_X1)
                                         commit_instr_id_commit[294] (net)
                  0.01    0.00    1.11 v _05366_/A1 (NOR2_X1)
     1   19.68    0.09    0.11    1.22 ^ _05366_/ZN (NOR2_X1)
                                         _00591_ (net)
                  0.09    0.01    1.23 ^ place39778/A (BUF_X4)
     2    3.69    0.01    0.03    1.25 ^ place39778/Z (BUF_X4)
                                         net39777 (net)
                  0.01    0.00    1.25 ^ _05829_/A2 (NAND2_X1)
     2    3.63    0.02    0.02    1.27 v _05829_/ZN (NAND2_X1)
                                         _00922_ (net)
                  0.02    0.00    1.27 v _05830_/A2 (NOR2_X1)
     1    8.08    0.04    0.06    1.34 ^ _05830_/ZN (NOR2_X1)
                                         _00923_ (net)
                  0.04    0.00    1.34 ^ place39420/A (BUF_X2)
     1    6.50    0.01    0.03    1.37 ^ place39420/Z (BUF_X2)
                                         net39419 (net)
                  0.01    0.00    1.37 ^ _05831_/A1 (NAND2_X4)
     6   20.55    0.01    0.02    1.39 v _05831_/ZN (NAND2_X4)
                                         _00924_ (net)
                  0.01    0.00    1.39 v _05832_/A (INV_X2)
     4    7.92    0.01    0.02    1.41 ^ _05832_/ZN (INV_X2)
                                         _00925_ (net)
                  0.01    0.00    1.41 ^ _06073_/A2 (AND2_X4)
     3   12.40    0.01    0.03    1.45 ^ _06073_/ZN (AND2_X4)
                                         commit_stage_i.csr_op_o[5] (net)
                  0.01    0.00    1.45 ^ csr_regfile_i/_07758_/A (INV_X2)
     2    7.70    0.01    0.01    1.46 v csr_regfile_i/_07758_/ZN (INV_X2)
                                         csr_regfile_i/_02546_ (net)
                  0.01    0.00    1.46 v csr_regfile_i/_07762_/A3 (NOR3_X4)
     2    9.01    0.03    0.06    1.51 ^ csr_regfile_i/_07762_/ZN (NOR3_X4)
                                         csr_regfile_i/_02550_ (net)
                  0.03    0.00    1.51 ^ csr_regfile_i/_07768_/A (AOI21_X4)
     2    7.65    0.01    0.02    1.53 v csr_regfile_i/_07768_/ZN (AOI21_X4)
                                         csr_regfile_i/_02556_ (net)
                  0.01    0.00    1.53 v csr_regfile_i/_07769_/A1 (NOR2_X4)
     2   28.54    0.04    0.05    1.58 ^ csr_regfile_i/_07769_/ZN (NOR2_X4)
                                         csr_regfile_i/_02557_ (net)
                  0.04    0.01    1.59 ^ csr_regfile_i/_07883_/A1 (NAND4_X4)
     2    4.83    0.02    0.03    1.62 v csr_regfile_i/_07883_/ZN (NAND4_X4)
                                         csr_regfile_i/_02671_ (net)
                  0.02    0.00    1.62 v csr_regfile_i/_07956_/A1 (AND4_X4)
     2   26.87    0.01    0.04    1.66 v csr_regfile_i/_07956_/ZN (AND4_X4)
                                         csr_regfile_i/_02744_ (net)
                  0.02    0.01    1.67 v csr_regfile_i/_07991_/A2 (NOR2_X4)
     4   13.98    0.02    0.04    1.71 ^ csr_regfile_i/_07991_/ZN (NOR2_X4)
                                         csr_regfile_i/_02778_ (net)
                  0.02    0.00    1.71 ^ csr_regfile_i/_08013_/A2 (OR2_X4)
     2   24.84    0.02    0.04    1.75 ^ csr_regfile_i/_08013_/ZN (OR2_X4)
                                         commit_stage_i.csr_exception_i[0] (net)
                  0.02    0.01    1.76 ^ _05368_/A1 (NAND3_X4)
     3   20.85    0.02    0.03    1.79 v _05368_/ZN (NAND3_X4)
                                         _00593_ (net)
                  0.02    0.00    1.79 v place36586/A (BUF_X8)
    16   41.20    0.01    0.03    1.82 v place36586/Z (BUF_X8)
                                         net36585 (net)
                  0.02    0.01    1.83 v _05548_/A3 (NAND3_X1)
     1    1.74    0.01    0.02    1.86 ^ _05548_/ZN (NAND3_X1)
                                         _00743_ (net)
                  0.01    0.00    1.86 ^ _05549_/B2 (AOI21_X1)
     1    2.50    0.01    0.02    1.88 v _05549_/ZN (AOI21_X1)
                                         _00744_ (net)
                  0.01    0.00    1.88 v _05550_/A (AOI21_X1)
     1    2.09    0.02    0.04    1.92 ^ _05550_/ZN (AOI21_X1)
                                         _00745_ (net)
                  0.02    0.00    1.92 ^ _05551_/A2 (NOR2_X1)
     2    3.55    0.02    0.02    1.93 v _05551_/ZN (NOR2_X1)
                                         commit_stage_i.exception_o[101] (net)
                  0.02    0.00    1.93 v csr_regfile_i/_08852_/A4 (NOR4_X1)
     1    6.65    0.09    0.13    2.07 ^ csr_regfile_i/_08852_/ZN (NOR4_X1)
                                         csr_regfile_i/_03615_ (net)
                  0.09    0.00    2.07 ^ csr_regfile_i/place34273/A (BUF_X1)
     1    2.36    0.01    0.04    2.11 ^ csr_regfile_i/place34273/Z (BUF_X1)
                                         csr_regfile_i/net34272 (net)
                  0.01    0.00    2.11 ^ csr_regfile_i/_08856_/A2 (NAND4_X1)
     1   12.84    0.05    0.07    2.18 v csr_regfile_i/_08856_/ZN (NAND4_X1)
                                         csr_regfile_i/_03619_ (net)
                  0.05    0.00    2.18 v csr_regfile_i/place34247/A (BUF_X2)
     2    6.75    0.01    0.05    2.22 v csr_regfile_i/place34247/Z (BUF_X2)
                                         csr_regfile_i/net34246 (net)
                  0.01    0.00    2.23 v csr_regfile_i/_09159_/A3 (NOR3_X1)
     1    2.72    0.03    0.06    2.28 ^ csr_regfile_i/_09159_/ZN (NOR3_X1)
                                         csr_regfile_i/_03901_ (net)
                  0.03    0.00    2.28 ^ csr_regfile_i/_09160_/A3 (NAND3_X1)
     1   12.93    0.04    0.06    2.34 v csr_regfile_i/_09160_/ZN (NAND3_X1)
                                         csr_regfile_i/_03902_ (net)
                  0.04    0.00    2.34 v csr_regfile_i/place34126/A (BUF_X4)
     2   15.96    0.01    0.04    2.38 v csr_regfile_i/place34126/Z (BUF_X4)
                                         csr_regfile_i/net34125 (net)
                  0.01    0.00    2.39 v csr_regfile_i/_13887_/B1 (OAI21_X4)
     2    8.65    0.02    0.03    2.42 ^ csr_regfile_i/_13887_/ZN (OAI21_X4)
                                         controller_i.set_debug_pc_i (net)
                  0.02    0.00    2.42 ^ _05388_/A1 (NOR3_X4)
     1    6.27    0.02    0.01    2.43 v _05388_/ZN (NOR3_X4)
                                         _00612_ (net)
                  0.02    0.00    2.43 v _05389_/A1 (NAND2_X4)
     3   38.57    0.02    0.03    2.46 ^ _05389_/ZN (NAND2_X4)
                                         controller_i.flush_ex_o (net)
                  0.03    0.02    2.48 ^ ex_stage_i/place33396/A (BUF_X16)
     2   41.31    0.01    0.03    2.50 ^ ex_stage_i/place33396/Z (BUF_X16)
                                         ex_stage_i/net33395 (net)
                  0.03    0.02    2.52 ^ ex_stage_i/place33395/A (BUF_X8)
     2   39.77    0.01    0.03    2.55 ^ ex_stage_i/place33395/Z (BUF_X8)
                                         ex_stage_i/net33394 (net)
                  0.02    0.01    2.56 ^ ex_stage_i/_24918_/A (INV_X16)
     3    7.96    0.00    0.01    2.57 v ex_stage_i/_24918_/ZN (INV_X16)
                                         ex_stage_i/_06613_ (net)
                  0.00    0.00    2.57 v ex_stage_i/_27495_/B1 (AOI21_X4)
     2    9.65    0.03    0.03    2.60 ^ ex_stage_i/_27495_/ZN (AOI21_X4)
                                         ex_stage_i/_08770_ (net)
                  0.03    0.00    2.60 ^ ex_stage_i/_27496_/A1 (NOR2_X4)
     2   21.35    0.02    0.02    2.61 v ex_stage_i/_27496_/ZN (NOR2_X4)
                                         ex_stage_i/_08771_ (net)
                  0.02    0.01    2.62 v ex_stage_i/place33067/A (BUF_X8)
     3   35.06    0.01    0.03    2.65 v ex_stage_i/place33067/Z (BUF_X8)
                                         ex_stage_i/net33066 (net)
                  0.02    0.02    2.67 v ex_stage_i/_31310_/S (MUX2_X2)
    11   29.90    0.04    0.10    2.76 ^ ex_stage_i/_31310_/Z (MUX2_X2)
                                         flu_trans_id_ex_id[2] (net)
                  0.04    0.00    2.77 ^ issue_stage_i.i_scoreboard/place32924/A (BUF_X1)
     2    4.38    0.01    0.04    2.80 ^ issue_stage_i.i_scoreboard/place32924/Z (BUF_X1)
                                         issue_stage_i.i_scoreboard/net32923 (net)
                  0.01    0.00    2.80 ^ issue_stage_i.i_scoreboard/place32923/A (BUF_X1)
    10   35.56    0.08    0.10    2.91 ^ issue_stage_i.i_scoreboard/place32923/Z (BUF_X1)
                                         issue_stage_i.i_scoreboard/net32922 (net)
                  0.08    0.00    2.91 ^ issue_stage_i.i_scoreboard/_33283_/A3 (NAND3_X1)
     2    4.42    0.02    0.04    2.95 v issue_stage_i.i_scoreboard/_33283_/ZN (NAND3_X1)
                                         issue_stage_i.i_scoreboard/_02628_ (net)
                  0.02    0.00    2.95 v issue_stage_i.i_scoreboard/_48184_/C1 (OAI221_X1)
     1    4.30    0.05    0.05    2.99 ^ issue_stage_i.i_scoreboard/_48184_/ZN (OAI221_X1)
                                         issue_stage_i.i_scoreboard/_15427_ (net)
                  0.05    0.00    2.99 ^ issue_stage_i.i_scoreboard/_48185_/B2 (AOI21_X1)
     1    2.25    0.02    0.02    3.02 v issue_stage_i.i_scoreboard/_48185_/ZN (AOI21_X1)
                                         issue_stage_i.i_scoreboard/_15428_ (net)
                  0.02    0.00    3.02 v issue_stage_i.i_scoreboard/_48293_/C2 (AOI221_X1)
     2    4.06    0.06    0.07    3.09 ^ issue_stage_i.i_scoreboard/_48293_/ZN (AOI221_X1)
                                         issue_stage_i.i_scoreboard/_15536_ (net)
                  0.06    0.00    3.09 ^ issue_stage_i.i_scoreboard/_49557_/A1 (NAND4_X1)
     1   12.75    0.05    0.08    3.17 v issue_stage_i.i_scoreboard/_49557_/ZN (NAND4_X1)
                                         issue_stage_i.i_scoreboard/_16736_ (net)
                  0.05    0.00    3.18 v issue_stage_i.i_scoreboard/place32460/A (BUF_X2)
     2    5.87    0.01    0.05    3.22 v issue_stage_i.i_scoreboard/place32460/Z (BUF_X2)
                                         issue_stage_i.i_scoreboard/net32459 (net)
                  0.01    0.00    3.22 v issue_stage_i.i_scoreboard/_49558_/A2 (NOR3_X2)
     1   14.26    0.06    0.09    3.31 ^ issue_stage_i.i_scoreboard/_49558_/ZN (NOR3_X2)
                                         issue_stage_i.i_scoreboard/_16737_ (net)
                  0.06    0.00    3.31 ^ issue_stage_i.i_scoreboard/place32422/A (BUF_X4)
     2    6.83    0.01    0.03    3.34 ^ issue_stage_i.i_scoreboard/place32422/Z (BUF_X4)
                                         issue_stage_i.i_scoreboard/net32421 (net)
                  0.01    0.00    3.34 ^ issue_stage_i.i_scoreboard/_49559_/A2 (NOR2_X1)
     2    3.79    0.02    0.01    3.36 v issue_stage_i.i_scoreboard/_49559_/ZN (NOR2_X1)
                                         issue_stage_i.i_scoreboard/_16738_ (net)
                  0.02    0.00    3.36 v issue_stage_i.i_scoreboard/_49560_/B2 (OAI21_X1)
     1    4.02    0.12    0.05    3.40 ^ issue_stage_i.i_scoreboard/_49560_/ZN (OAI21_X1)
                                         issue_stage_i.i_scoreboard/_16739_ (net)
                  0.12    0.00    3.40 ^ issue_stage_i.i_scoreboard/_49561_/B2 (OAI21_X2)
     2    7.78    0.08    0.04    3.44 v issue_stage_i.i_scoreboard/_49561_/ZN (OAI21_X2)
                                         issue_stage_i.i_scoreboard/_16740_ (net)
                  0.08    0.00    3.44 v issue_stage_i.i_scoreboard/_50928_/B2 (AOI22_X4)
     5   10.82    0.03    0.08    3.52 ^ issue_stage_i.i_scoreboard/_50928_/ZN (AOI22_X4)
                                         issue_stage_i.rs2_valid_iro_sb (net)
                  0.03    0.00    3.52 ^ issue_stage_i.i_issue_read_operands/_14916_/A (AOI21_X1)
     1    3.47    0.02    0.02    3.54 v issue_stage_i.i_issue_read_operands/_14916_/ZN (AOI21_X1)
                                         issue_stage_i.i_issue_read_operands/_11380_ (net)
                  0.02    0.00    3.54 v issue_stage_i.i_issue_read_operands/_14948_/A (AOI221_X2)
     1    4.51    0.05    0.08    3.62 ^ issue_stage_i.i_issue_read_operands/_14948_/ZN (AOI221_X2)
                                         issue_stage_i.i_issue_read_operands/_11412_ (net)
                  0.05    0.00    3.62 ^ issue_stage_i.i_issue_read_operands/place32184/A (BUF_X4)
     1   11.55    0.01    0.03    3.65 ^ issue_stage_i.i_issue_read_operands/place32184/Z (BUF_X4)
                                         issue_stage_i.i_issue_read_operands/net32183 (net)
                  0.01    0.00    3.66 ^ issue_stage_i.i_issue_read_operands/_14949_/B2 (AOI21_X2)
     2   14.52    0.02    0.03    3.68 v issue_stage_i.i_issue_read_operands/_14949_/ZN (AOI21_X2)
                                         issue_stage_i.i_issue_read_operands/_11413_ (net)
                  0.02    0.00    3.68 v issue_stage_i.i_issue_read_operands/_15689_/A2 (NOR2_X4)
     2   19.40    0.03    0.05    3.73 ^ issue_stage_i.i_issue_read_operands/_15689_/ZN (NOR2_X4)
                                         issue_stage_i.issue_ack_iro_sb (net)
                  0.03    0.01    3.74 ^ issue_stage_i.i_scoreboard/_33060_/A1 (AND2_X4)
     3   16.21    0.01    0.04    3.78 ^ issue_stage_i.i_scoreboard/_33060_/ZN (AND2_X4)
                                         issue_stage_i.i_scoreboard/_02408_ (net)
                  0.01    0.00    3.78 ^ issue_stage_i.i_scoreboard/place32109/A (BUF_X2)
     1    4.46    0.01    0.02    3.80 ^ issue_stage_i.i_scoreboard/place32109/Z (BUF_X2)
                                         issue_stage_i.i_scoreboard/net32108 (net)
                  0.01    0.00    3.80 ^ issue_stage_i.i_scoreboard/_33643_/A4 (AND4_X4)
     3    5.98    0.01    0.05    3.86 ^ issue_stage_i.i_scoreboard/_33643_/ZN (AND4_X4)
                                         issue_stage_i.i_scoreboard/_02965_ (net)
                  0.01    0.00    3.86 ^ issue_stage_i.i_scoreboard/place32049/A (BUF_X2)
     2    8.19    0.01    0.03    3.88 ^ issue_stage_i.i_scoreboard/place32049/Z (BUF_X2)
                                         issue_stage_i.i_scoreboard/net32048 (net)
                  0.01    0.00    3.88 ^ issue_stage_i.i_scoreboard/_34844_/S (MUX2_X1)
     1    2.74    0.01    0.06    3.95 v issue_stage_i.i_scoreboard/_34844_/Z (MUX2_X1)
                                         issue_stage_i.i_scoreboard/_04071_ (net)
                  0.01    0.00    3.95 v issue_stage_i.i_scoreboard/_34845_/A4 (NOR4_X1)
     1    2.01    0.04    0.08    4.03 ^ issue_stage_i.i_scoreboard/_34845_/ZN (NOR4_X1)
                                         issue_stage_i.i_scoreboard/_04072_ (net)
                  0.04    0.00    4.03 ^ issue_stage_i.i_scoreboard/_34846_/A4 (NAND4_X1)
     2    8.62    0.04    0.06    4.09 v issue_stage_i.i_scoreboard/_34846_/ZN (NAND4_X1)
                                         issue_stage_i.i_scoreboard/_04073_ (net)
                  0.04    0.00    4.09 v issue_stage_i.i_scoreboard/place31686/A (BUF_X1)
     1    3.82    0.01    0.04    4.14 v issue_stage_i.i_scoreboard/place31686/Z (BUF_X1)
                                         issue_stage_i.i_scoreboard/net31685 (net)
                  0.01    0.00    4.14 v issue_stage_i.i_scoreboard/_34856_/B1 (AOI22_X2)
     2    6.76    0.03    0.05    4.19 ^ issue_stage_i.i_scoreboard/_34856_/ZN (AOI22_X2)
                                         issue_stage_i.i_scoreboard/_04083_ (net)
                  0.03    0.00    4.19 ^ issue_stage_i.i_scoreboard/place31594/A (BUF_X1)
     1    1.91    0.01    0.03    4.22 ^ issue_stage_i.i_scoreboard/place31594/Z (BUF_X1)
                                         issue_stage_i.i_scoreboard/net31593 (net)
                  0.01    0.00    4.22 ^ issue_stage_i.i_scoreboard/_43425_/A2 (NAND2_X1)
     1    3.35    0.02    0.02    4.23 v issue_stage_i.i_scoreboard/_43425_/ZN (NAND2_X1)
                                         issue_stage_i.i_scoreboard/_11372_ (net)
                  0.02    0.00    4.23 v issue_stage_i.i_scoreboard/_43427_/B2 (OAI221_X2)
     1   35.64    0.11    0.13    4.36 ^ issue_stage_i.i_scoreboard/_43427_/ZN (OAI221_X2)
                                         issue_stage_i.i_scoreboard/_11374_ (net)
                  0.11    0.02    4.38 ^ issue_stage_i.i_scoreboard/place31135/A (BUF_X8)
     2   10.76    0.01    0.03    4.41 ^ issue_stage_i.i_scoreboard/place31135/Z (BUF_X8)
                                         issue_stage_i.i_scoreboard/net31134 (net)
                  0.01    0.00    4.41 ^ issue_stage_i.i_scoreboard/_43428_/A (AOI21_X4)
     4   26.46    0.02    0.02    4.43 v issue_stage_i.i_scoreboard/_43428_/ZN (AOI21_X4)
                                         issue_stage_i.i_scoreboard/_11375_ (net)
                  0.02    0.01    4.44 v issue_stage_i.i_scoreboard/place30934/A (BUF_X8)
    16   41.25    0.01    0.03    4.47 v issue_stage_i.i_scoreboard/place30934/Z (BUF_X8)
                                         issue_stage_i.i_scoreboard/net30933 (net)
                  0.01    0.01    4.48 v issue_stage_i.i_scoreboard/_43647_/B1 (AOI221_X1)
     1    2.52    0.05    0.08    4.56 ^ issue_stage_i.i_scoreboard/_43647_/ZN (AOI221_X1)
                                         issue_stage_i.i_scoreboard/_11568_ (net)
                  0.05    0.00    4.56 ^ issue_stage_i.i_scoreboard/_43649_/B1 (OAI22_X1)
     1    1.52    0.02    0.03    4.58 v issue_stage_i.i_scoreboard/_43649_/ZN (OAI22_X1)
                                         issue_stage_i.i_scoreboard/mem_n[897] (net)
                  0.02    0.00    4.58 v issue_stage_i.i_scoreboard/mem_q[897]$_DFF_PN0_/D (DFFR_X1)
                                  4.58   data arrival time

                  0.00    2.50    2.50   clock core_clock (rise edge)
                          0.54    3.04   clock network delay (ideal)
                          0.00    3.04   clock reconvergence pessimism
                                  3.04 ^ issue_stage_i.i_scoreboard/mem_q[897]$_DFF_PN0_/CK (DFFR_X1)
                         -0.04    2.99   library setup time
                                  2.99   data required time
-----------------------------------------------------------------------------
                                  2.99   data required time
                                 -4.58   data arrival time
-----------------------------------------------------------------------------
                                 -1.59   slack (VIOLATED)


Startpoint: i_cache_subsystem.i_nbdcache/i_miss_handler/state_q[2]$_DFFE_PN0P_
            (rising edge-triggered flip-flop clocked by core_clock)
Endpoint: axi_req_o[134] (output port clocked by vclk_core_clock)
Path Group: vclk_core_clock
Path Type: max

Fanout     Cap    Slew   Delay    Time   Description
-----------------------------------------------------------------------------
                  0.00    0.00    0.00   clock core_clock (rise edge)
                          0.54    0.54   clock network delay (ideal)
                  0.00    0.00    0.54 ^ i_cache_subsystem.i_nbdcache/i_miss_handler/state_q[2]$_DFFE_PN0P_/CK (DFFR_X1)
     2    4.15    0.01    0.09    0.62 v i_cache_subsystem.i_nbdcache/i_miss_handler/state_q[2]$_DFFE_PN0P_/Q (DFFR_X1)
                                         i_cache_subsystem.i_nbdcache/i_miss_handler/state_q[2] (net)
                  0.01    0.00    0.62 v i_cache_subsystem.i_nbdcache/i_miss_handler/_11607_/A2 (NAND2_X2)
     2    4.90    0.01    0.02    0.64 ^ i_cache_subsystem.i_nbdcache/i_miss_handler/_11607_/ZN (NAND2_X2)
                                         i_cache_subsystem.i_nbdcache/i_miss_handler/_07265_ (net)
                  0.01    0.00    0.64 ^ i_cache_subsystem.i_nbdcache/i_miss_handler/_11608_/A3 (OR3_X4)
     2   37.44    0.02    0.04    0.68 ^ i_cache_subsystem.i_nbdcache/i_miss_handler/_11608_/ZN (OR3_X4)
                                         i_cache_subsystem.i_nbdcache/i_miss_handler/_07266_ (net)
                  0.03    0.02    0.69 ^ i_cache_subsystem.i_nbdcache/i_miss_handler/place46489/A (BUF_X1)
     5   16.30    0.04    0.06    0.76 ^ i_cache_subsystem.i_nbdcache/i_miss_handler/place46489/Z (BUF_X1)
                                         i_cache_subsystem.i_nbdcache/i_miss_handler/net46488 (net)
                  0.04    0.00    0.76 ^ i_cache_subsystem.i_nbdcache/i_miss_handler/place46487/A (BUF_X2)
     7   49.90    0.05    0.08    0.83 ^ i_cache_subsystem.i_nbdcache/i_miss_handler/place46487/Z (BUF_X2)
                                         i_cache_subsystem.i_nbdcache/i_miss_handler/net46486 (net)
                  0.06    0.01    0.84 ^ i_cache_subsystem.i_nbdcache/i_miss_handler/place46486/A (BUF_X2)
    36   76.65    0.09    0.11    0.95 ^ i_cache_subsystem.i_nbdcache/i_miss_handler/place46486/Z (BUF_X2)
                                         i_cache_subsystem.i_nbdcache/i_miss_handler/net46485 (net)
                  0.09    0.01    0.96 ^ i_cache_subsystem.i_nbdcache/i_miss_handler/_11678_/A (AOI21_X1)
     2    4.60    0.03    0.03    0.99 v i_cache_subsystem.i_nbdcache/i_miss_handler/_11678_/ZN (AOI21_X1)
                                         i_cache_subsystem.i_nbdcache/i_miss_handler/_07332_ (net)
                  0.03    0.00    0.99 v i_cache_subsystem.i_nbdcache/i_miss_handler/_11684_/A2 (NOR3_X2)
     3    9.50    0.05    0.08    1.07 ^ i_cache_subsystem.i_nbdcache/i_miss_handler/_11684_/ZN (NOR3_X2)
                                         i_cache_subsystem.i_nbdcache/i_miss_handler/_07338_ (net)
                  0.05    0.00    1.07 ^ i_cache_subsystem.i_nbdcache/i_miss_handler/_11690_/A2 (AND3_X1)
     2    3.69    0.01    0.06    1.13 ^ i_cache_subsystem.i_nbdcache/i_miss_handler/_11690_/ZN (AND3_X1)
                                         i_cache_subsystem.i_nbdcache/i_miss_handler/_07342_ (net)
                  0.01    0.00    1.13 ^ i_cache_subsystem.i_nbdcache/i_miss_handler/_11705_/A1 (NAND3_X1)
     2    6.65    0.02    0.03    1.16 v i_cache_subsystem.i_nbdcache/i_miss_handler/_11705_/ZN (NAND3_X1)
                                         i_cache_subsystem.i_nbdcache/i_miss_handler/_07350_ (net)
                  0.02    0.00    1.16 v i_cache_subsystem.i_nbdcache/i_miss_handler/_11711_/A1 (OR3_X1)
     2    2.01    0.01    0.07    1.23 v i_cache_subsystem.i_nbdcache/i_miss_handler/_11711_/ZN (OR3_X1)
                                         i_cache_subsystem.i_nbdcache/i_miss_handler/_07354_ (net)
                  0.01    0.00    1.23 v i_cache_subsystem.i_nbdcache/i_miss_handler/_11716_/A1 (OR3_X1)
     2    2.48    0.01    0.07    1.30 v i_cache_subsystem.i_nbdcache/i_miss_handler/_11716_/ZN (OR3_X1)
                                         i_cache_subsystem.i_nbdcache/i_miss_handler/_07357_ (net)
                  0.01    0.00    1.30 v i_cache_subsystem.i_nbdcache/i_miss_handler/_11721_/A1 (OR3_X1)
     2    3.27    0.01    0.07    1.37 v i_cache_subsystem.i_nbdcache/i_miss_handler/_11721_/ZN (OR3_X1)
                                         i_cache_subsystem.i_nbdcache/i_miss_handler/_07360_ (net)
                  0.01    0.00    1.37 v i_cache_subsystem.i_nbdcache/i_miss_handler/_11722_/A2 (NOR2_X1)
     2    5.14    0.03    0.05    1.42 ^ i_cache_subsystem.i_nbdcache/i_miss_handler/_11722_/ZN (NOR2_X1)
                                         i_cache_subsystem.i_nbdcache/i_miss_handler/_07361_ (net)
                  0.03    0.00    1.42 ^ i_cache_subsystem.i_nbdcache/i_miss_handler/place39832/A (BUF_X1)
     3   10.09    0.03    0.05    1.47 ^ i_cache_subsystem.i_nbdcache/i_miss_handler/place39832/Z (BUF_X1)
                                         i_cache_subsystem.i_nbdcache/i_miss_handler/net39831 (net)
                  0.03    0.00    1.47 ^ i_cache_subsystem.i_nbdcache/i_miss_handler/_11730_/A1 (NAND2_X1)
     2    3.21    0.01    0.02    1.49 v i_cache_subsystem.i_nbdcache/i_miss_handler/_11730_/ZN (NAND2_X1)
                                         i_cache_subsystem.i_nbdcache/i_miss_handler/_07368_ (net)
                  0.01    0.00    1.49 v i_cache_subsystem.i_nbdcache/i_miss_handler/_11738_/B1 (OAI21_X1)
     1    3.83    0.03    0.04    1.53 ^ i_cache_subsystem.i_nbdcache/i_miss_handler/_11738_/ZN (OAI21_X1)
                                         i_cache_subsystem.i_nbdcache/i_miss_handler/_07376_ (net)
                  0.03    0.00    1.53 ^ i_cache_subsystem.i_nbdcache/i_miss_handler/_11739_/B (XNOR2_X1)
     1    6.76    0.04    0.06    1.59 ^ i_cache_subsystem.i_nbdcache/i_miss_handler/_11739_/ZN (XNOR2_X1)
                                         i_cache_subsystem.i_nbdcache/i_miss_handler/_00392_ (net)
                  0.04    0.00    1.59 ^ i_cache_subsystem.i_nbdcache/i_miss_handler/_22896_/A (HA_X1)
     2    3.75    0.03    0.06    1.65 ^ i_cache_subsystem.i_nbdcache/i_miss_handler/_22896_/S (HA_X1)
                                         i_cache_subsystem.i_nbdcache/i_miss_handler/_00395_ (net)
                  0.03    0.00    1.65 ^ i_cache_subsystem.i_nbdcache/i_miss_handler/_14702_/A1 (NAND2_X1)
     2    3.19    0.02    0.02    1.67 v i_cache_subsystem.i_nbdcache/i_miss_handler/_14702_/ZN (NAND2_X1)
                                         i_cache_subsystem.i_nbdcache/i_miss_handler/_09378_ (net)
                  0.02    0.00    1.67 v i_cache_subsystem.i_nbdcache/i_miss_handler/_14703_/A3 (NOR3_X1)
     2    4.02    0.04    0.07    1.74 ^ i_cache_subsystem.i_nbdcache/i_miss_handler/_14703_/ZN (NOR3_X1)
                                         i_cache_subsystem.i_nbdcache/i_miss_handler/_09379_ (net)
                  0.04    0.00    1.74 ^ i_cache_subsystem.i_nbdcache/i_miss_handler/_14718_/A1 (NAND2_X1)
     2    3.36    0.02    0.02    1.77 v i_cache_subsystem.i_nbdcache/i_miss_handler/_14718_/ZN (NAND2_X1)
                                         i_cache_subsystem.i_nbdcache/i_miss_handler/_09394_ (net)
                  0.02    0.00    1.77 v i_cache_subsystem.i_nbdcache/i_miss_handler/_14737_/B1 (OAI21_X1)
     2    7.50    0.04    0.06    1.83 ^ i_cache_subsystem.i_nbdcache/i_miss_handler/_14737_/ZN (OAI21_X1)
                                         i_cache_subsystem.i_nbdcache/i_miss_handler/_09413_ (net)
                  0.04    0.00    1.83 ^ i_cache_subsystem.i_nbdcache/i_miss_handler/_14879_/A (AOI21_X4)
     4   13.39    0.02    0.02    1.85 v i_cache_subsystem.i_nbdcache/i_miss_handler/_14879_/ZN (AOI21_X4)
                                         i_cache_subsystem.i_nbdcache/i_miss_handler/_09555_ (net)
                  0.02    0.00    1.85 v i_cache_subsystem.i_nbdcache/i_miss_handler/place38212/A (BUF_X2)
     1    4.56    0.01    0.03    1.88 v i_cache_subsystem.i_nbdcache/i_miss_handler/place38212/Z (BUF_X2)
                                         i_cache_subsystem.i_nbdcache/i_miss_handler/net38211 (net)
                  0.01    0.00    1.88 v i_cache_subsystem.i_nbdcache/i_miss_handler/_14880_/B (XNOR2_X2)
     4   11.46    0.03    0.04    1.93 v i_cache_subsystem.i_nbdcache/i_miss_handler/_14880_/ZN (XNOR2_X2)
                                         i_cache_subsystem.i_nbdcache/i_miss_handler/_09556_ (net)
                  0.03    0.00    1.93 v i_cache_subsystem.i_nbdcache/i_miss_handler/_15138_/S (MUX2_X1)
     4   22.24    0.05    0.11    2.03 ^ i_cache_subsystem.i_nbdcache/i_miss_handler/_15138_/Z (MUX2_X1)
                                         i_cache_subsystem.i_nbdcache/i_miss_handler/_09814_ (net)
                  0.05    0.00    2.03 ^ i_cache_subsystem.i_nbdcache/i_miss_handler/place37667/A (BUF_X4)
     5   15.40    0.01    0.03    2.07 ^ i_cache_subsystem.i_nbdcache/i_miss_handler/place37667/Z (BUF_X4)
                                         i_cache_subsystem.i_nbdcache/i_miss_handler/net37666 (net)
                  0.01    0.00    2.07 ^ i_cache_subsystem.i_nbdcache/i_miss_handler/_16113_/C2 (AOI221_X1)
     1    1.63    0.02    0.02    2.09 v i_cache_subsystem.i_nbdcache/i_miss_handler/_16113_/ZN (AOI221_X1)
                                         i_cache_subsystem.i_nbdcache/i_miss_handler/_10772_ (net)
                  0.02    0.00    2.09 v i_cache_subsystem.i_nbdcache/i_miss_handler/_16117_/A (AOI221_X1)
     1   13.40    0.12    0.17    2.25 ^ i_cache_subsystem.i_nbdcache/i_miss_handler/_16117_/ZN (AOI221_X1)
                                         i_cache_subsystem.i_nbdcache/i_miss_handler/_10776_ (net)
                  0.12    0.00    2.25 ^ i_cache_subsystem.i_nbdcache/i_miss_handler/place37133/A (BUF_X8)
     4   20.91    0.01    0.03    2.29 ^ i_cache_subsystem.i_nbdcache/i_miss_handler/place37133/Z (BUF_X8)
                                         i_cache_subsystem.i_nbdcache/i_miss_handler/net37132 (net)
                  0.01    0.01    2.29 ^ i_cache_subsystem.i_nbdcache/i_miss_handler/_16118_/A (INV_X1)
     2    4.13    0.01    0.01    2.31 v i_cache_subsystem.i_nbdcache/i_miss_handler/_16118_/ZN (INV_X1)
                                         i_cache_subsystem.i_nbdcache/i_miss_handler/_10777_ (net)
                  0.01    0.00    2.31 v i_cache_subsystem.i_nbdcache/i_miss_handler/_16550_/B1 (AOI221_X1)
     1    1.74    0.04    0.07    2.37 ^ i_cache_subsystem.i_nbdcache/i_miss_handler/_16550_/ZN (AOI221_X1)
                                         i_cache_subsystem.i_nbdcache/i_miss_handler/_01798_ (net)
                  0.04    0.00    2.37 ^ i_cache_subsystem.i_nbdcache/i_miss_handler/_16552_/A2 (OAI22_X1)
     1    1.61    0.02    0.03    2.40 v i_cache_subsystem.i_nbdcache/i_miss_handler/_16552_/ZN (OAI22_X1)
                                         i_cache_subsystem.i_nbdcache/i_miss_handler/_01800_ (net)
                  0.02    0.00    2.40 v i_cache_subsystem.i_nbdcache/i_miss_handler/_16555_/B1 (OAI21_X1)
     1    9.76    0.05    0.07    2.47 ^ i_cache_subsystem.i_nbdcache/i_miss_handler/_16555_/ZN (OAI21_X1)
                                         i_cache_subsystem.axi_req_data[134] (net)
                  0.05    0.00    2.48 ^ place35918/A (BUF_X4)
     1    9.47    0.01    0.03    2.51 ^ place35918/Z (BUF_X4)
                                         net35917 (net)
                  0.01    0.00    2.51 ^ _08279_/B2 (AOI22_X1)
     1    7.81    0.03    0.03    2.54 v _08279_/ZN (AOI22_X1)
                                         _02731_ (net)
                  0.03    0.00    2.54 v place35842/A (BUF_X4)
     1   21.06    0.01    0.04    2.58 v place35842/Z (BUF_X4)
                                         net35841 (net)
                  0.01    0.01    2.59 v _08280_/A (INV_X1)
     1    1.46    0.01    0.01    2.60 ^ _08280_/ZN (INV_X1)
                                         net3291 (net)
                  0.01    0.00    2.60 ^ output3292/A (BUF_X1)
     1    4.94    0.01    0.03    2.63 ^ output3292/Z (BUF_X1)
                                         axi_req_o[134] (net)
                  0.01    0.00    2.63 ^ axi_req_o[134] (out)
                                  2.63   data arrival time

                  0.00    2.50    2.50   clock vclk_core_clock (rise edge)
                          0.54    3.04   clock network delay (ideal)
                          0.00    3.04   clock reconvergence pessimism
                         -0.50    2.54   output external delay
                                  2.54   data required time
-----------------------------------------------------------------------------
                                  2.54   data required time
                                 -2.63   data arrival time
-----------------------------------------------------------------------------
                                 -0.10   slack (VIOLATED)



==========================================================================
global place report_power
--------------------------------------------------------------------------
Group                  Internal  Switching    Leakage      Total
                          Power      Power      Power      Power (Watts)
----------------------------------------------------------------
Sequential             6.10e-02   2.98e-03   1.66e-03   6.56e-02  25.1%
Combinational          8.77e-03   1.54e-02   4.87e-03   2.90e-02  11.1%
Clock                  0.00e+00   0.00e+00   0.00e+00   0.00e+00   0.0%
Macro                  1.44e-01   0.00e+00   2.24e-02   1.67e-01  63.8%
Pad                    0.00e+00   0.00e+00   0.00e+00   0.00e+00   0.0%
----------------------------------------------------------------
Total                  2.14e-01   1.84e-02   2.90e-02   2.61e-01 100.0%
                          81.9%       7.0%      11.1%
