
==========================================================================
global place report_tns
--------------------------------------------------------------------------
tns max -4971.37

==========================================================================
global place report_wns
--------------------------------------------------------------------------
wns max -1.60

==========================================================================
global place report_worst_slack
--------------------------------------------------------------------------
worst slack max -1.60

==========================================================================
global place report_clock_min_period
--------------------------------------------------------------------------
core_clock period_min = 3.82 fmax = 261.84
vclk_core_clock period_min = 1.13 fmax = 886.12

==========================================================================
global place report_checks -path_delay min
--------------------------------------------------------------------------
Startpoint: rst_ni (input port clocked by vclk_core_clock)
Endpoint: ex_stage_i/lsu_i.i_store_unit.store_buffer_i.commit_queue_q_4__address__31_$_DFFE_PN0N_
          (removal check against rising-edge clock core_clock)
Path Group: asynchronous
Path Type: min

Fanout     Cap    Slew   Delay    Time   Description
-----------------------------------------------------------------------------
                  0.00    0.00    0.00   clock vclk_core_clock (rise edge)
                          0.54    0.54   clock network delay (ideal)
                          0.44    0.98 ^ input external delay
     1    3.20    0.00    0.00    0.98 ^ rst_ni (in)
                                         rst_ni (net)
                  0.00    0.00    0.98 ^ input3253/A (CLKBUF_X3)
    17  105.57    0.07    0.09    1.07 ^ input3253/Z (CLKBUF_X3)
                                         net3252 (net)
                  0.07    0.00    1.07 ^ ex_stage_i/lsu_i.i_store_unit.store_buffer_i.commit_queue_q_4__address__31_$_DFFE_PN0N_/RN (DFFR_X1)
                                  1.07   data arrival time

                  0.00    0.00    0.00   clock core_clock (rise edge)
                          0.54    0.54   clock network delay (ideal)
                          0.00    0.54   clock reconvergence pessimism
                                  0.54 ^ ex_stage_i/lsu_i.i_store_unit.store_buffer_i.commit_queue_q_4__address__31_$_DFFE_PN0N_/CK (DFFR_X1)
                          0.27    0.81   library removal time
                                  0.81   data required time
-----------------------------------------------------------------------------
                                  0.81   data required time
                                 -1.07   data arrival time
-----------------------------------------------------------------------------
                                  0.27   slack (MET)


Startpoint: ex_stage_i/lsu_i.i_store_unit.store_buffer_i.speculative_queue_q_1__valid_$_DFF_PN0_
            (rising edge-triggered flip-flop clocked by core_clock)
Endpoint: ex_stage_i/lsu_i.i_store_unit.store_buffer_i.speculative_queue_q_1__valid_$_DFF_PN0_
          (rising edge-triggered flip-flop clocked by core_clock)
Path Group: core_clock
Path Type: min

Fanout     Cap    Slew   Delay    Time   Description
-----------------------------------------------------------------------------
                  0.00    0.00    0.00   clock core_clock (rise edge)
                          0.54    0.54   clock network delay (ideal)
                  0.00    0.00    0.54 ^ ex_stage_i/lsu_i.i_store_unit.store_buffer_i.speculative_queue_q_1__valid_$_DFF_PN0_/CK (DFFR_X1)
     1    1.83    0.01    0.07    0.60 ^ ex_stage_i/lsu_i.i_store_unit.store_buffer_i.speculative_queue_q_1__valid_$_DFF_PN0_/QN (DFFR_X1)
                                         ex_stage_i/_00020_ (net)
                  0.01    0.00    0.60 ^ ex_stage_i/_26473_/C1 (AOI221_X1)
     1    1.17    0.01    0.01    0.61 v ex_stage_i/_26473_/ZN (AOI221_X1)
                                         ex_stage_i/lsu_i.i_store_unit.store_buffer_i.speculative_queue_n_1__valid_ (net)
                  0.01    0.00    0.61 v ex_stage_i/lsu_i.i_store_unit.store_buffer_i.speculative_queue_q_1__valid_$_DFF_PN0_/D (DFFR_X1)
                                  0.61   data arrival time

                  0.00    0.00    0.00   clock core_clock (rise edge)
                          0.54    0.54   clock network delay (ideal)
                          0.00    0.54   clock reconvergence pessimism
                                  0.54 ^ ex_stage_i/lsu_i.i_store_unit.store_buffer_i.speculative_queue_q_1__valid_$_DFF_PN0_/CK (DFFR_X1)
                          0.00    0.54   library hold time
                                  0.54   data required time
-----------------------------------------------------------------------------
                                  0.54   data required time
                                 -0.61   data arrival time
-----------------------------------------------------------------------------
                                  0.08   slack (MET)


Startpoint: i_cache_subsystem.i_nbdcache/i_miss_handler/mshr_q_addr__1_$_DFFE_PN0P_
            (rising edge-triggered flip-flop clocked by core_clock)
Endpoint: axi_req_o[211] (output port clocked by vclk_core_clock)
Path Group: vclk_core_clock
Path Type: min

Fanout     Cap    Slew   Delay    Time   Description
-----------------------------------------------------------------------------
                  0.00    0.00    0.00   clock core_clock (rise edge)
                          0.54    0.54   clock network delay (ideal)
                  0.00    0.00    0.54 ^ i_cache_subsystem.i_nbdcache/i_miss_handler/mshr_q_addr__1_$_DFFE_PN0P_/CK (DFFR_X1)
     1    3.00    0.01    0.07    0.60 ^ i_cache_subsystem.i_nbdcache/i_miss_handler/mshr_q_addr__1_$_DFFE_PN0P_/QN (DFFR_X1)
                                         i_cache_subsystem.i_nbdcache/i_miss_handler/_00142_ (net)
                  0.01    0.00    0.60 ^ i_cache_subsystem.i_nbdcache/i_miss_handler/_13558_/B2 (OAI22_X1)
     1    2.64    0.01    0.02    0.62 v i_cache_subsystem.i_nbdcache/i_miss_handler/_13558_/ZN (OAI22_X1)
                                         i_cache_subsystem.axi_req_data[211] (net)
                  0.01    0.00    0.62 v _08049_/A1 (NAND3_X1)
     1    1.88    0.01    0.02    0.64 ^ _08049_/ZN (NAND3_X1)
                                         _02588_ (net)
                  0.01    0.00    0.64 ^ _08051_/A (OAI21_X1)
     1   20.75    0.03    0.04    0.68 v _08051_/ZN (OAI21_X1)
                                         net3340 (net)
                  0.03    0.01    0.69 v output3341/A (BUF_X1)
     1    1.92    0.01    0.04    0.73 v output3341/Z (BUF_X1)
                                         axi_req_o[211] (net)
                  0.01    0.00    0.73 v axi_req_o[211] (out)
                                  0.73   data arrival time

                  0.00    0.00    0.00   clock vclk_core_clock (rise edge)
                          0.54    0.54   clock network delay (ideal)
                          0.00    0.54   clock reconvergence pessimism
                         -0.44    0.09   output external delay
                                  0.09   data required time
-----------------------------------------------------------------------------
                                  0.09   data required time
                                 -0.73   data arrival time
-----------------------------------------------------------------------------
                                  0.64   slack (MET)



==========================================================================
global place report_checks -path_delay max
--------------------------------------------------------------------------
Startpoint: rst_ni (input port clocked by vclk_core_clock)
Endpoint: issue_stage_i.i_scoreboard/mem_q[163]$_DFF_PN0_
          (recovery check against rising-edge clock core_clock)
Path Group: asynchronous
Path Type: max

Fanout     Cap    Slew   Delay    Time   Description
-----------------------------------------------------------------------------
                  0.00    0.00    0.00   clock vclk_core_clock (rise edge)
                          0.54    0.54   clock network delay (ideal)
                          0.44    0.98 ^ input external delay
     1    3.20    0.00    0.00    0.98 ^ rst_ni (in)
                                         rst_ni (net)
                  0.00    0.00    0.98 ^ input3253/A (CLKBUF_X3)
    17  105.57    0.07    0.09    1.07 ^ input3253/Z (CLKBUF_X3)
                                         net3252 (net)
                  0.09    0.04    1.11 ^ place61841/A (BUF_X8)
     3   31.22    0.01    0.04    1.15 ^ place61841/Z (BUF_X8)
                                         net61840 (net)
                  0.01    0.01    1.16 ^ place61840/A (BUF_X8)
     5   84.17    0.01    0.03    1.18 ^ place61840/Z (BUF_X8)
                                         net61839 (net)
                  0.09    0.08    1.26 ^ place61765/A (BUF_X4)
    28  103.47    0.05    0.07    1.33 ^ place61765/Z (BUF_X4)
                                         net61764 (net)
                  0.07    0.03    1.36 ^ place61762/A (BUF_X2)
    10   44.06    0.05    0.08    1.43 ^ place61762/Z (BUF_X2)
                                         net61761 (net)
                  0.05    0.00    1.44 ^ place61743/A (BUF_X2)
    28   73.81    0.08    0.11    1.55 ^ place61743/Z (BUF_X2)
                                         net61742 (net)
                  0.08    0.00    1.55 ^ place61742/A (BUF_X2)
    30   82.38    0.09    0.12    1.67 ^ place61742/Z (BUF_X2)
                                         net61741 (net)
                  0.09    0.01    1.68 ^ place61741/A (BUF_X1)
    19   57.60    0.13    0.17    1.84 ^ place61741/Z (BUF_X1)
                                         net61740 (net)
                  0.13    0.01    1.85 ^ issue_stage_i.i_scoreboard/mem_q[163]$_DFF_PN0_/RN (DFFR_X1)
                                  1.85   data arrival time

                  0.00    2.22    2.22   clock core_clock (rise edge)
                          0.54    2.76   clock network delay (ideal)
                          0.00    2.76   clock reconvergence pessimism
                                  2.76 ^ issue_stage_i.i_scoreboard/mem_q[163]$_DFF_PN0_/CK (DFFR_X1)
                          0.03    2.79   library recovery time
                                  2.79   data required time
-----------------------------------------------------------------------------
                                  2.79   data required time
                                 -1.85   data arrival time
-----------------------------------------------------------------------------
                                  0.94   slack (MET)


Startpoint: issue_stage_i.i_scoreboard/commit_pointer_q[2]$_DFF_PN0_
            (rising edge-triggered flip-flop clocked by core_clock)
Endpoint: issue_stage_i.i_scoreboard/mem_q[1223]$_DFF_PN0_
          (rising edge-triggered flip-flop clocked by core_clock)
Path Group: core_clock
Path Type: max

Fanout     Cap    Slew   Delay    Time   Description
-----------------------------------------------------------------------------
                  0.00    0.00    0.00   clock core_clock (rise edge)
                          0.54    0.54   clock network delay (ideal)
                  0.00    0.00    0.54 ^ issue_stage_i.i_scoreboard/commit_pointer_q[2]$_DFF_PN0_/CK (DFFR_X2)
     6   22.10    0.03    0.15    0.68 ^ issue_stage_i.i_scoreboard/commit_pointer_q[2]$_DFF_PN0_/Q (DFFR_X2)
                                         issue_stage_i.i_scoreboard/commit_pointer_q[2] (net)
                  0.03    0.00    0.68 ^ issue_stage_i.i_scoreboard/place56852/A (BUF_X1)
     3   21.02    0.05    0.07    0.75 ^ issue_stage_i.i_scoreboard/place56852/Z (BUF_X1)
                                         issue_stage_i.i_scoreboard/net56851 (net)
                  0.05    0.00    0.75 ^ issue_stage_i.i_scoreboard/_33376_/A2 (AND2_X2)
     4   57.92    0.06    0.10    0.86 ^ issue_stage_i.i_scoreboard/_33376_/ZN (AND2_X2)
                                         issue_stage_i.i_scoreboard/_02716_ (net)
                  0.07    0.01    0.87 ^ issue_stage_i.i_scoreboard/place52536/A (BUF_X8)
     9   24.23    0.01    0.03    0.90 ^ issue_stage_i.i_scoreboard/place52536/Z (BUF_X8)
                                         issue_stage_i.i_scoreboard/net52535 (net)
                  0.01    0.00    0.91 ^ issue_stage_i.i_scoreboard/_51781_/B2 (OAI21_X1)
     1    3.31    0.01    0.02    0.93 v issue_stage_i.i_scoreboard/_51781_/ZN (OAI21_X1)
                                         issue_stage_i.i_scoreboard/_18811_ (net)
                  0.01    0.00    0.93 v issue_stage_i.i_scoreboard/_51782_/A (MUX2_X1)
     1    3.37    0.01    0.06    0.99 v issue_stage_i.i_scoreboard/_51782_/Z (MUX2_X1)
                                         issue_stage_i.i_scoreboard/_18812_ (net)
                  0.01    0.00    0.99 v issue_stage_i.i_scoreboard/_51783_/B (MUX2_X1)
     1    1.97    0.01    0.06    1.05 v issue_stage_i.i_scoreboard/_51783_/Z (MUX2_X1)
                                         issue_stage_i.i_scoreboard/_18813_ (net)
                  0.01    0.00    1.05 v issue_stage_i.i_scoreboard/_51784_/B (MUX2_X1)
     1    2.75    0.01    0.06    1.11 v issue_stage_i.i_scoreboard/_51784_/Z (MUX2_X1)
                                         issue_stage_i.i_scoreboard/_18814_ (net)
                  0.01    0.00    1.11 v issue_stage_i.i_scoreboard/_51785_/B (MUX2_X1)
     2   11.50    0.02    0.08    1.19 v issue_stage_i.i_scoreboard/_51785_/Z (MUX2_X1)
                                         commit_instr_id_commit[287] (net)
                  0.02    0.00    1.19 v place47466/A (BUF_X1)
     4   17.45    0.02    0.05    1.25 v place47466/Z (BUF_X1)
                                         net47465 (net)
                  0.02    0.00    1.25 v _05342_/A (OAI211_X4)
     1    6.96    0.02    0.03    1.27 ^ _05342_/ZN (OAI211_X4)
                                         _00570_ (net)
                  0.02    0.00    1.27 ^ _05343_/B1 (AOI21_X4)
     1    6.09    0.02    0.02    1.29 v _05343_/ZN (AOI21_X4)
                                         _00571_ (net)
                  0.02    0.00    1.29 v _05348_/A1 (AOI22_X4)
     2   11.74    0.03    0.04    1.33 ^ _05348_/ZN (AOI22_X4)
                                         _00576_ (net)
                  0.03    0.00    1.33 ^ _05349_/A1 (NOR2_X4)
     2    8.31    0.01    0.01    1.34 v _05349_/ZN (NOR2_X4)
                                         _00577_ (net)
                  0.01    0.00    1.34 v _05350_/A (INV_X4)
     2    8.98    0.01    0.01    1.36 ^ _05350_/ZN (INV_X4)
                                         _00578_ (net)
                  0.01    0.00    1.36 ^ _05357_/B1 (AOI21_X4)
     2    8.96    0.01    0.01    1.37 v _05357_/ZN (AOI21_X4)
                                         _00583_ (net)
                  0.01    0.00    1.37 v _05831_/A2 (NAND2_X4)
     7   25.03    0.02    0.03    1.40 ^ _05831_/ZN (NAND2_X4)
                                         _00924_ (net)
                  0.02    0.00    1.40 ^ _06076_/A2 (NOR2_X2)
     4   10.86    0.01    0.02    1.42 v _06076_/ZN (NOR2_X2)
                                         commit_stage_i.csr_op_o[2] (net)
                  0.01    0.00    1.42 v csr_regfile_i/_07761_/A3 (OR3_X4)
     2    7.07    0.01    0.07    1.49 v csr_regfile_i/_07761_/ZN (OR3_X4)
                                         csr_regfile_i/_02549_ (net)
                  0.01    0.00    1.50 v csr_regfile_i/_07762_/A1 (NOR3_X4)
     2   10.01    0.03    0.04    1.54 ^ csr_regfile_i/_07762_/ZN (NOR3_X4)
                                         csr_regfile_i/_02550_ (net)
                  0.03    0.00    1.54 ^ csr_regfile_i/_07768_/A (AOI21_X4)
     2   12.50    0.01    0.02    1.56 v csr_regfile_i/_07768_/ZN (AOI21_X4)
                                         csr_regfile_i/_02556_ (net)
                  0.01    0.00    1.56 v csr_regfile_i/_07769_/A1 (NOR2_X4)
     2   19.19    0.03    0.04    1.60 ^ csr_regfile_i/_07769_/ZN (NOR2_X4)
                                         csr_regfile_i/_02557_ (net)
                  0.03    0.01    1.60 ^ csr_regfile_i/_07883_/A1 (NAND4_X4)
     2    4.87    0.02    0.03    1.63 v csr_regfile_i/_07883_/ZN (NAND4_X4)
                                         csr_regfile_i/_02671_ (net)
                  0.02    0.00    1.63 v csr_regfile_i/_07956_/A1 (AND4_X4)
     2   18.92    0.01    0.04    1.67 v csr_regfile_i/_07956_/ZN (AND4_X4)
                                         csr_regfile_i/_02744_ (net)
                  0.01    0.00    1.67 v csr_regfile_i/_07991_/A2 (NOR2_X4)
     3   13.49    0.02    0.04    1.71 ^ csr_regfile_i/_07991_/ZN (NOR2_X4)
                                         csr_regfile_i/_02778_ (net)
                  0.02    0.00    1.71 ^ csr_regfile_i/_08013_/A2 (OR2_X4)
     2   10.29    0.01    0.03    1.74 ^ csr_regfile_i/_08013_/ZN (OR2_X4)
                                         commit_stage_i.csr_exception_i[0] (net)
                  0.01    0.00    1.74 ^ _05368_/A1 (NAND3_X4)
     2   19.81    0.02    0.03    1.77 v _05368_/ZN (NAND3_X4)
                                         _00593_ (net)
                  0.02    0.00    1.77 v place43014/A (BUF_X16)
    22   53.43    0.01    0.03    1.80 v place43014/Z (BUF_X16)
                                         net43013 (net)
                  0.01    0.00    1.81 v _05548_/A3 (NAND3_X1)
     1    3.33    0.02    0.02    1.83 ^ _05548_/ZN (NAND3_X1)
                                         _00743_ (net)
                  0.02    0.00    1.83 ^ _05549_/B2 (AOI21_X1)
     1    2.23    0.01    0.02    1.85 v _05549_/ZN (AOI21_X1)
                                         _00744_ (net)
                  0.01    0.00    1.85 v _05550_/A (AOI21_X1)
     1    2.77    0.03    0.04    1.90 ^ _05550_/ZN (AOI21_X1)
                                         _00745_ (net)
                  0.03    0.00    1.90 ^ _05551_/A2 (NOR2_X1)
     2    4.64    0.02    0.02    1.91 v _05551_/ZN (NOR2_X1)
                                         commit_stage_i.exception_o[101] (net)
                  0.02    0.00    1.91 v csr_regfile_i/_08852_/A4 (NOR4_X1)
     1    2.99    0.05    0.10    2.01 ^ csr_regfile_i/_08852_/ZN (NOR4_X1)
                                         csr_regfile_i/_03615_ (net)
                  0.05    0.00    2.01 ^ csr_regfile_i/_08856_/A2 (NAND4_X1)
     2    7.86    0.04    0.07    2.08 v csr_regfile_i/_08856_/ZN (NAND4_X1)
                                         csr_regfile_i/_03619_ (net)
                  0.04    0.00    2.08 v csr_regfile_i/place39966/A (BUF_X2)
     1    7.81    0.01    0.04    2.12 v csr_regfile_i/place39966/Z (BUF_X2)
                                         csr_regfile_i/net39965 (net)
                  0.01    0.00    2.12 v csr_regfile_i/_08857_/A1 (NOR4_X4)
     2   12.33    0.06    0.06    2.18 ^ csr_regfile_i/_08857_/ZN (NOR4_X4)
                                         csr_regfile_i/_03620_ (net)
                  0.06    0.00    2.18 ^ csr_regfile_i/_13884_/A1 (NAND3_X4)
     1    6.52    0.02    0.03    2.21 v csr_regfile_i/_13884_/ZN (NAND3_X4)
                                         csr_regfile_i/_01767_ (net)
                  0.02    0.00    2.21 v csr_regfile_i/_13885_/A1 (NAND3_X4)
     2    9.18    0.01    0.02    2.23 ^ csr_regfile_i/_13885_/ZN (NAND3_X4)
                                         csr_regfile_i/_01768_ (net)
                  0.01    0.00    2.23 ^ csr_regfile_i/_13886_/A2 (NAND2_X4)
     1    6.34    0.01    0.01    2.25 v csr_regfile_i/_13886_/ZN (NAND2_X4)
                                         csr_regfile_i/_01769_ (net)
                  0.01    0.00    2.25 v csr_regfile_i/_13887_/A (OAI21_X4)
     2    9.30    0.02    0.02    2.27 ^ csr_regfile_i/_13887_/ZN (OAI21_X4)
                                         controller_i.set_debug_pc_i (net)
                  0.02    0.00    2.27 ^ _05388_/A1 (NOR3_X4)
     1    6.74    0.02    0.01    2.28 v _05388_/ZN (NOR3_X4)
                                         _00612_ (net)
                  0.02    0.00    2.28 v _05389_/A1 (NAND2_X4)
     3   48.52    0.03    0.03    2.31 ^ _05389_/ZN (NAND2_X4)
                                         controller_i.flush_ex_o (net)
                  0.05    0.03    2.35 ^ ex_stage_i/place38787/A (BUF_X8)
     1   28.04    0.01    0.03    2.38 ^ ex_stage_i/place38787/Z (BUF_X8)
                                         ex_stage_i/net38786 (net)
                  0.01    0.00    2.38 ^ ex_stage_i/_24918_/A (INV_X16)
     2    8.78    0.00    0.01    2.39 v ex_stage_i/_24918_/ZN (INV_X16)
                                         ex_stage_i/_06613_ (net)
                  0.00    0.00    2.39 v ex_stage_i/_27495_/B1 (AOI21_X4)
     2    8.60    0.03    0.03    2.41 ^ ex_stage_i/_27495_/ZN (AOI21_X4)
                                         ex_stage_i/_08770_ (net)
                  0.03    0.00    2.41 ^ ex_stage_i/_27496_/A1 (NOR2_X4)
     4   33.92    0.02    0.02    2.43 v ex_stage_i/_27496_/ZN (NOR2_X4)
                                         ex_stage_i/_08771_ (net)
                  0.02    0.02    2.45 v ex_stage_i/_31310_/S (MUX2_X1)
     2    8.44    0.02    0.07    2.51 v ex_stage_i/_31310_/Z (MUX2_X1)
                                         flu_trans_id_ex_id[2] (net)
                  0.02    0.00    2.52 v issue_stage_i.i_scoreboard/place38326/A (BUF_X4)
    12   26.25    0.01    0.04    2.55 v issue_stage_i.i_scoreboard/place38326/Z (BUF_X4)
                                         issue_stage_i.i_scoreboard/net38325 (net)
                  0.01    0.00    2.55 v issue_stage_i.i_scoreboard/place38324/A (BUF_X1)
     3    6.69    0.01    0.04    2.59 v issue_stage_i.i_scoreboard/place38324/Z (BUF_X1)
                                         issue_stage_i.i_scoreboard/net38323 (net)
                  0.01    0.00    2.59 v issue_stage_i.i_scoreboard/_33589_/A2 (NOR2_X1)
     2    5.42    0.03    0.05    2.64 ^ issue_stage_i.i_scoreboard/_33589_/ZN (NOR2_X1)
                                         issue_stage_i.i_scoreboard/_02916_ (net)
                  0.03    0.00    2.64 ^ issue_stage_i.i_scoreboard/place38209/A (BUF_X1)
     7   24.22    0.06    0.08    2.72 ^ issue_stage_i.i_scoreboard/place38209/Z (BUF_X1)
                                         issue_stage_i.i_scoreboard/net38208 (net)
                  0.06    0.00    2.72 ^ issue_stage_i.i_scoreboard/_48188_/A1 (AND2_X1)
     2    5.39    0.02    0.05    2.77 ^ issue_stage_i.i_scoreboard/_48188_/ZN (AND2_X1)
                                         issue_stage_i.i_scoreboard/_15431_ (net)
                  0.02    0.00    2.77 ^ issue_stage_i.i_scoreboard/_48267_/A1 (NOR2_X1)
     1    3.82    0.01    0.01    2.79 v issue_stage_i.i_scoreboard/_48267_/ZN (NOR2_X1)
                                         issue_stage_i.i_scoreboard/_15510_ (net)
                  0.01    0.00    2.79 v issue_stage_i.i_scoreboard/_48269_/B (OAI211_X2)
     1    4.12    0.02    0.02    2.81 ^ issue_stage_i.i_scoreboard/_48269_/ZN (OAI211_X2)
                                         issue_stage_i.i_scoreboard/_15512_ (net)
                  0.02    0.00    2.81 ^ issue_stage_i.i_scoreboard/_48284_/A4 (NAND4_X2)
     2    6.31    0.03    0.04    2.85 v issue_stage_i.i_scoreboard/_48284_/ZN (NAND4_X2)
                                         issue_stage_i.i_scoreboard/_15527_ (net)
                  0.03    0.00    2.85 v issue_stage_i.i_scoreboard/_48377_/A2 (OR4_X4)
     2    4.08    0.02    0.10    2.95 v issue_stage_i.i_scoreboard/_48377_/ZN (OR4_X4)
                                         issue_stage_i.i_scoreboard/_15619_ (net)
                  0.02    0.00    2.95 v issue_stage_i.i_scoreboard/_48378_/B3 (OAI33_X1)
     1    4.36    0.08    0.10    3.05 ^ issue_stage_i.i_scoreboard/_48378_/ZN (OAI33_X1)
                                         issue_stage_i.i_scoreboard/_15620_ (net)
                  0.08    0.00    3.05 ^ issue_stage_i.i_scoreboard/_48379_/A1 (NAND4_X2)
     2    8.13    0.04    0.05    3.10 v issue_stage_i.i_scoreboard/_48379_/ZN (NAND4_X2)
                                         issue_stage_i.i_scoreboard/_15621_ (net)
                  0.04    0.00    3.11 v issue_stage_i.i_scoreboard/_48381_/B2 (AOI21_X4)
     2    9.59    0.03    0.05    3.16 ^ issue_stage_i.i_scoreboard/_48381_/ZN (AOI21_X4)
                                         issue_stage_i.i_scoreboard/_15623_ (net)
                  0.03    0.00    3.16 ^ issue_stage_i.i_scoreboard/_50913_/A2 (NOR2_X4)
     1    6.61    0.17    0.01    3.17 v issue_stage_i.i_scoreboard/_50913_/ZN (NOR2_X4)
                                         issue_stage_i.i_scoreboard/_18019_ (net)
                  0.17    0.00    3.17 v issue_stage_i.i_scoreboard/_50914_/B1 (AOI22_X4)
     2    9.92    0.04    0.09    3.26 ^ issue_stage_i.i_scoreboard/_50914_/ZN (AOI22_X4)
                                         issue_stage_i.rs1_valid_sb_iro (net)
                  0.04    0.00    3.26 ^ issue_stage_i.i_issue_read_operands/_15244_/A (INV_X4)
     2    9.68    0.01    0.01    3.28 v issue_stage_i.i_issue_read_operands/_15244_/ZN (INV_X4)
                                         issue_stage_i.i_issue_read_operands/_11708_ (net)
                  0.01    0.00    3.28 v issue_stage_i.i_issue_read_operands/_15295_/A1 (NOR2_X4)
     1    8.12    0.02    0.03    3.30 ^ issue_stage_i.i_issue_read_operands/_15295_/ZN (NOR2_X4)
                                         issue_stage_i.i_issue_read_operands/_11759_ (net)
                  0.02    0.00    3.30 ^ issue_stage_i.i_issue_read_operands/_15409_/B2 (AOI22_X4)
     1    3.59    0.01    0.02    3.32 v issue_stage_i.i_issue_read_operands/_15409_/ZN (AOI22_X4)
                                         issue_stage_i.i_issue_read_operands/_11873_ (net)
                  0.01    0.00    3.32 v issue_stage_i.i_issue_read_operands/_15681_/A (OAI221_X2)
     2    5.98    0.04    0.03    3.35 ^ issue_stage_i.i_issue_read_operands/_15681_/ZN (OAI221_X2)
                                         issue_stage_i.i_issue_read_operands/_12145_ (net)
                  0.04    0.00    3.35 ^ issue_stage_i.i_issue_read_operands/_15687_/B2 (OAI221_X2)
     2    7.44    0.02    0.05    3.40 v issue_stage_i.i_issue_read_operands/_15687_/ZN (OAI221_X2)
                                         issue_stage_i.i_issue_read_operands/_12151_ (net)
                  0.02    0.00    3.40 v issue_stage_i.i_issue_read_operands/_15689_/A1 (NOR2_X4)
     2   15.79    0.03    0.04    3.44 ^ issue_stage_i.i_issue_read_operands/_15689_/ZN (NOR2_X4)
                                         issue_stage_i.issue_ack_iro_sb (net)
                  0.03    0.00    3.44 ^ issue_stage_i.i_scoreboard/_33060_/A1 (AND2_X4)
     4   18.30    0.01    0.04    3.48 ^ issue_stage_i.i_scoreboard/_33060_/ZN (AND2_X4)
                                         issue_stage_i.i_scoreboard/_02408_ (net)
                  0.01    0.00    3.48 ^ issue_stage_i.i_scoreboard/_33062_/A4 (NAND4_X4)
     5   21.01    0.03    0.05    3.53 v issue_stage_i.i_scoreboard/_33062_/ZN (NAND4_X4)
                                         issue_stage_i.i_scoreboard/_02410_ (net)
                  0.03    0.00    3.53 v issue_stage_i.i_scoreboard/place37478/A (BUF_X1)
     8   18.68    0.02    0.06    3.59 v issue_stage_i.i_scoreboard/place37478/Z (BUF_X1)
                                         issue_stage_i.i_scoreboard/net37477 (net)
                  0.02    0.00    3.59 v issue_stage_i.i_scoreboard/_34672_/A3 (NOR4_X1)
     2    5.76    0.08    0.12    3.71 ^ issue_stage_i.i_scoreboard/_34672_/ZN (NOR4_X1)
                                         issue_stage_i.i_scoreboard/_03899_ (net)
                  0.08    0.00    3.71 ^ issue_stage_i.i_scoreboard/_34674_/B2 (OAI33_X1)
     1    4.15    0.03    0.05    3.76 v issue_stage_i.i_scoreboard/_34674_/ZN (OAI33_X1)
                                         issue_stage_i.i_scoreboard/_03901_ (net)
                  0.03    0.00    3.76 v issue_stage_i.i_scoreboard/_34677_/B1 (AOI221_X1)
     1    5.91    0.07    0.11    3.87 ^ issue_stage_i.i_scoreboard/_34677_/ZN (AOI221_X1)
                                         issue_stage_i.i_scoreboard/_03904_ (net)
                  0.07    0.00    3.87 ^ issue_stage_i.i_scoreboard/_34680_/C1 (OAI211_X2)
     2    7.53    0.03    0.04    3.91 v issue_stage_i.i_scoreboard/_34680_/ZN (OAI211_X2)
                                         issue_stage_i.i_scoreboard/_03907_ (net)
                  0.03    0.00    3.91 v issue_stage_i.i_scoreboard/_34691_/B1 (OAI221_X2)
     1   17.67    0.07    0.09    4.00 ^ issue_stage_i.i_scoreboard/_34691_/ZN (OAI221_X2)
                                         issue_stage_i.i_scoreboard/_03918_ (net)
                  0.07    0.00    4.01 ^ issue_stage_i.i_scoreboard/place36414/A (BUF_X8)
     6   25.08    0.01    0.03    4.04 ^ issue_stage_i.i_scoreboard/place36414/Z (BUF_X8)
                                         issue_stage_i.i_scoreboard/net36413 (net)
                  0.01    0.00    4.05 ^ issue_stage_i.i_scoreboard/place36412/A (BUF_X1)
     2    9.81    0.02    0.04    4.09 ^ issue_stage_i.i_scoreboard/place36412/Z (BUF_X1)
                                         issue_stage_i.i_scoreboard/net36411 (net)
                  0.02    0.00    4.09 ^ issue_stage_i.i_scoreboard/_41829_/A2 (AND2_X2)
     1   13.69    0.02    0.05    4.14 ^ issue_stage_i.i_scoreboard/_41829_/ZN (AND2_X2)
                                         issue_stage_i.i_scoreboard/_10032_ (net)
                  0.02    0.00    4.14 ^ issue_stage_i.i_scoreboard/place36199/A (BUF_X16)
    19  102.41    0.01    0.03    4.16 ^ issue_stage_i.i_scoreboard/place36199/Z (BUF_X16)
                                         issue_stage_i.i_scoreboard/net36198 (net)
                  0.03    0.02    4.19 ^ issue_stage_i.i_scoreboard/place36187/A (BUF_X4)
     8   15.35    0.01    0.03    4.22 ^ issue_stage_i.i_scoreboard/place36187/Z (BUF_X4)
                                         issue_stage_i.i_scoreboard/net36186 (net)
                  0.01    0.00    4.22 ^ issue_stage_i.i_scoreboard/place36185/A (BUF_X1)
     3    5.34    0.01    0.03    4.25 ^ issue_stage_i.i_scoreboard/place36185/Z (BUF_X1)
                                         issue_stage_i.i_scoreboard/net36184 (net)
                  0.01    0.00    4.25 ^ issue_stage_i.i_scoreboard/_42329_/B1 (AOI21_X1)
     1    3.75    0.02    0.02    4.27 v issue_stage_i.i_scoreboard/_42329_/ZN (AOI21_X1)
                                         issue_stage_i.i_scoreboard/_10469_ (net)
                  0.02    0.00    4.27 v issue_stage_i.i_scoreboard/_42330_/B2 (AOI21_X1)
     1    3.19    0.03    0.04    4.32 ^ issue_stage_i.i_scoreboard/_42330_/ZN (AOI21_X1)
                                         issue_stage_i.i_scoreboard/mem_n[1223] (net)
                  0.03    0.00    4.32 ^ issue_stage_i.i_scoreboard/mem_q[1223]$_DFF_PN0_/D (DFFR_X1)
                                  4.32   data arrival time

                  0.00    2.22    2.22   clock core_clock (rise edge)
                          0.54    2.76   clock network delay (ideal)
                          0.00    2.76   clock reconvergence pessimism
                                  2.76 ^ issue_stage_i.i_scoreboard/mem_q[1223]$_DFF_PN0_/CK (DFFR_X1)
                         -0.04    2.72   library setup time
                                  2.72   data required time
-----------------------------------------------------------------------------
                                  2.72   data required time
                                 -4.32   data arrival time
-----------------------------------------------------------------------------
                                 -1.60   slack (VIOLATED)


Startpoint: i_cache_subsystem.i_nbdcache/i_miss_handler/state_q[2]$_DFFE_PN0P_
            (rising edge-triggered flip-flop clocked by core_clock)
Endpoint: axi_req_o[128] (output port clocked by vclk_core_clock)
Path Group: vclk_core_clock
Path Type: max

Fanout     Cap    Slew   Delay    Time   Description
-----------------------------------------------------------------------------
                  0.00    0.00    0.00   clock core_clock (rise edge)
                          0.54    0.54   clock network delay (ideal)
                  0.00    0.00    0.54 ^ i_cache_subsystem.i_nbdcache/i_miss_handler/state_q[2]$_DFFE_PN0P_/CK (DFFR_X1)
     2    4.30    0.01    0.09    0.62 v i_cache_subsystem.i_nbdcache/i_miss_handler/state_q[2]$_DFFE_PN0P_/Q (DFFR_X1)
                                         i_cache_subsystem.i_nbdcache/i_miss_handler/state_q[2] (net)
                  0.01    0.00    0.62 v i_cache_subsystem.i_nbdcache/i_miss_handler/_11607_/A2 (NAND2_X2)
     2    5.10    0.01    0.02    0.64 ^ i_cache_subsystem.i_nbdcache/i_miss_handler/_11607_/ZN (NAND2_X2)
                                         i_cache_subsystem.i_nbdcache/i_miss_handler/_07265_ (net)
                  0.01    0.00    0.64 ^ i_cache_subsystem.i_nbdcache/i_miss_handler/_11608_/A3 (OR3_X4)
     2   18.24    0.01    0.03    0.68 ^ i_cache_subsystem.i_nbdcache/i_miss_handler/_11608_/ZN (OR3_X4)
                                         i_cache_subsystem.i_nbdcache/i_miss_handler/_07266_ (net)
                  0.01    0.00    0.68 ^ i_cache_subsystem.i_nbdcache/i_miss_handler/place53860/A (BUF_X2)
    12   53.96    0.06    0.08    0.75 ^ i_cache_subsystem.i_nbdcache/i_miss_handler/place53860/Z (BUF_X2)
                                         i_cache_subsystem.i_nbdcache/i_miss_handler/net53859 (net)
                  0.06    0.01    0.77 ^ i_cache_subsystem.i_nbdcache/i_miss_handler/place53856/A (BUF_X1)
    19   43.22    0.10    0.13    0.90 ^ i_cache_subsystem.i_nbdcache/i_miss_handler/place53856/Z (BUF_X1)
                                         i_cache_subsystem.i_nbdcache/i_miss_handler/net53855 (net)
                  0.10    0.00    0.90 ^ i_cache_subsystem.i_nbdcache/i_miss_handler/_11699_/A (AOI21_X1)
     2   15.04    0.04    0.05    0.95 v i_cache_subsystem.i_nbdcache/i_miss_handler/_11699_/ZN (AOI21_X1)
                                         i_cache_subsystem.i_nbdcache/i_miss_handler/_00474_ (net)
                  0.04    0.00    0.95 v i_cache_subsystem.i_nbdcache/i_miss_handler/_11700_/A3 (NOR3_X1)
     2    2.42    0.03    0.06    1.02 ^ i_cache_subsystem.i_nbdcache/i_miss_handler/_11700_/ZN (NOR3_X1)
                                         i_cache_subsystem.i_nbdcache/i_miss_handler/_07347_ (net)
                  0.03    0.00    1.02 ^ i_cache_subsystem.i_nbdcache/i_miss_handler/_11701_/A2 (AND2_X1)
     2    3.25    0.01    0.04    1.06 ^ i_cache_subsystem.i_nbdcache/i_miss_handler/_11701_/ZN (AND2_X1)
                                         i_cache_subsystem.i_nbdcache/i_miss_handler/_07348_ (net)
                  0.01    0.00    1.06 ^ i_cache_subsystem.i_nbdcache/i_miss_handler/_11705_/A2 (NAND3_X1)
     2    3.67    0.02    0.03    1.09 v i_cache_subsystem.i_nbdcache/i_miss_handler/_11705_/ZN (NAND3_X1)
                                         i_cache_subsystem.i_nbdcache/i_miss_handler/_07350_ (net)
                  0.02    0.00    1.09 v i_cache_subsystem.i_nbdcache/i_miss_handler/_11711_/A1 (OR3_X1)
     2    2.13    0.01    0.07    1.16 v i_cache_subsystem.i_nbdcache/i_miss_handler/_11711_/ZN (OR3_X1)
                                         i_cache_subsystem.i_nbdcache/i_miss_handler/_07354_ (net)
                  0.01    0.00    1.16 v i_cache_subsystem.i_nbdcache/i_miss_handler/_11716_/A1 (OR3_X1)
     2    4.57    0.02    0.07    1.23 v i_cache_subsystem.i_nbdcache/i_miss_handler/_11716_/ZN (OR3_X1)
                                         i_cache_subsystem.i_nbdcache/i_miss_handler/_07357_ (net)
                  0.02    0.00    1.23 v i_cache_subsystem.i_nbdcache/i_miss_handler/_11721_/A1 (OR3_X1)
     2    3.00    0.01    0.07    1.30 v i_cache_subsystem.i_nbdcache/i_miss_handler/_11721_/ZN (OR3_X1)
                                         i_cache_subsystem.i_nbdcache/i_miss_handler/_07360_ (net)
                  0.01    0.00    1.30 v i_cache_subsystem.i_nbdcache/i_miss_handler/_11722_/A2 (NOR2_X1)
     2    4.87    0.03    0.05    1.35 ^ i_cache_subsystem.i_nbdcache/i_miss_handler/_11722_/ZN (NOR2_X1)
                                         i_cache_subsystem.i_nbdcache/i_miss_handler/_07361_ (net)
                  0.03    0.00    1.35 ^ i_cache_subsystem.i_nbdcache/i_miss_handler/_11860_/A1 (NAND4_X1)
     3    6.59    0.03    0.05    1.40 v i_cache_subsystem.i_nbdcache/i_miss_handler/_11860_/ZN (NAND4_X1)
                                         i_cache_subsystem.i_nbdcache/i_miss_handler/_07483_ (net)
                  0.03    0.00    1.40 v i_cache_subsystem.i_nbdcache/i_miss_handler/_13626_/B1 (OAI21_X1)
     1    4.93    0.03    0.05    1.45 ^ i_cache_subsystem.i_nbdcache/i_miss_handler/_13626_/ZN (OAI21_X1)
                                         i_cache_subsystem.i_nbdcache/i_miss_handler/_08762_ (net)
                  0.03    0.00    1.45 ^ i_cache_subsystem.i_nbdcache/i_miss_handler/_13627_/B (XNOR2_X1)
     1    3.63    0.02    0.03    1.48 v i_cache_subsystem.i_nbdcache/i_miss_handler/_13627_/ZN (XNOR2_X1)
                                         i_cache_subsystem.i_nbdcache/i_miss_handler/_00400_ (net)
                  0.02    0.00    1.48 v i_cache_subsystem.i_nbdcache/i_miss_handler/_22898_/A (HA_X1)
     3    4.50    0.02    0.06    1.54 v i_cache_subsystem.i_nbdcache/i_miss_handler/_22898_/S (HA_X1)
                                         i_cache_subsystem.i_nbdcache/i_miss_handler/_00403_ (net)
                  0.02    0.00    1.54 v i_cache_subsystem.i_nbdcache/i_miss_handler/_14705_/B2 (AOI21_X1)
     2    4.55    0.03    0.05    1.59 ^ i_cache_subsystem.i_nbdcache/i_miss_handler/_14705_/ZN (AOI21_X1)
                                         i_cache_subsystem.i_nbdcache/i_miss_handler/_09381_ (net)
                  0.03    0.00    1.59 ^ i_cache_subsystem.i_nbdcache/i_miss_handler/_14710_/A (OAI21_X1)
     2    5.87    0.02    0.03    1.62 v i_cache_subsystem.i_nbdcache/i_miss_handler/_14710_/ZN (OAI21_X1)
                                         i_cache_subsystem.i_nbdcache/i_miss_handler/_09386_ (net)
                  0.02    0.00    1.62 v i_cache_subsystem.i_nbdcache/i_miss_handler/_14714_/B2 (AOI221_X1)
     1    1.99    0.04    0.08    1.70 ^ i_cache_subsystem.i_nbdcache/i_miss_handler/_14714_/ZN (AOI221_X1)
                                         i_cache_subsystem.i_nbdcache/i_miss_handler/_09390_ (net)
                  0.04    0.00    1.70 ^ i_cache_subsystem.i_nbdcache/i_miss_handler/_14737_/A (OAI21_X1)
     3   11.11    0.03    0.05    1.75 v i_cache_subsystem.i_nbdcache/i_miss_handler/_14737_/ZN (OAI21_X1)
                                         i_cache_subsystem.i_nbdcache/i_miss_handler/_09413_ (net)
                  0.03    0.00    1.75 v i_cache_subsystem.i_nbdcache/i_miss_handler/_14879_/A (AOI21_X4)
     2   12.64    0.03    0.05    1.81 ^ i_cache_subsystem.i_nbdcache/i_miss_handler/_14879_/ZN (AOI21_X4)
                                         i_cache_subsystem.i_nbdcache/i_miss_handler/_09555_ (net)
                  0.03    0.00    1.81 ^ i_cache_subsystem.i_nbdcache/i_miss_handler/place44721/A (BUF_X1)
     2    6.22    0.02    0.04    1.85 ^ i_cache_subsystem.i_nbdcache/i_miss_handler/place44721/Z (BUF_X1)
                                         i_cache_subsystem.i_nbdcache/i_miss_handler/net44720 (net)
                  0.02    0.00    1.85 ^ i_cache_subsystem.i_nbdcache/i_miss_handler/_14880_/B (XNOR2_X2)
     2    3.16    0.02    0.04    1.89 ^ i_cache_subsystem.i_nbdcache/i_miss_handler/_14880_/ZN (XNOR2_X2)
                                         i_cache_subsystem.i_nbdcache/i_miss_handler/_09556_ (net)
                  0.02    0.00    1.89 ^ i_cache_subsystem.i_nbdcache/i_miss_handler/place44544/A (BUF_X1)
     7   25.09    0.06    0.08    1.97 ^ i_cache_subsystem.i_nbdcache/i_miss_handler/place44544/Z (BUF_X1)
                                         i_cache_subsystem.i_nbdcache/i_miss_handler/net44543 (net)
                  0.06    0.00    1.97 ^ i_cache_subsystem.i_nbdcache/i_miss_handler/_15138_/S (MUX2_X1)
     3    9.48    0.02    0.08    2.05 v i_cache_subsystem.i_nbdcache/i_miss_handler/_15138_/Z (MUX2_X1)
                                         i_cache_subsystem.i_nbdcache/i_miss_handler/_09814_ (net)
                  0.02    0.00    2.05 v i_cache_subsystem.i_nbdcache/i_miss_handler/_15222_/A2 (NOR2_X2)
     3   10.66    0.03    0.05    2.10 ^ i_cache_subsystem.i_nbdcache/i_miss_handler/_15222_/ZN (NOR2_X2)
                                         i_cache_subsystem.i_nbdcache/i_miss_handler/_09897_ (net)
                  0.03    0.00    2.10 ^ i_cache_subsystem.i_nbdcache/i_miss_handler/place43935/A (BUF_X2)
     3   10.67    0.01    0.04    2.13 ^ i_cache_subsystem.i_nbdcache/i_miss_handler/place43935/Z (BUF_X2)
                                         i_cache_subsystem.i_nbdcache/i_miss_handler/net43934 (net)
                  0.01    0.00    2.13 ^ i_cache_subsystem.i_nbdcache/i_miss_handler/place43934/A (BUF_X4)
     5   16.86    0.01    0.03    2.16 ^ i_cache_subsystem.i_nbdcache/i_miss_handler/place43934/Z (BUF_X4)
                                         i_cache_subsystem.i_nbdcache/i_miss_handler/net43933 (net)
                  0.01    0.00    2.16 ^ i_cache_subsystem.i_nbdcache/i_miss_handler/_15893_/B1 (OAI21_X1)
     6   19.46    0.04    0.05    2.21 v i_cache_subsystem.i_nbdcache/i_miss_handler/_15893_/ZN (OAI21_X1)
                                         i_cache_subsystem.i_nbdcache/i_miss_handler/_10558_ (net)
                  0.04    0.00    2.22 v i_cache_subsystem.i_nbdcache/i_miss_handler/_16250_/A2 (OAI22_X1)
     3    7.26    0.06    0.07    2.29 ^ i_cache_subsystem.i_nbdcache/i_miss_handler/_16250_/ZN (OAI22_X1)
                                         i_cache_subsystem.i_nbdcache/i_miss_handler/_10903_ (net)
                  0.06    0.00    2.29 ^ i_cache_subsystem.i_nbdcache/i_miss_handler/_16596_/B2 (OAI21_X1)
     1    1.59    0.02    0.02    2.32 v i_cache_subsystem.i_nbdcache/i_miss_handler/_16596_/ZN (OAI21_X1)
                                         i_cache_subsystem.i_nbdcache/i_miss_handler/_01838_ (net)
                  0.02    0.00    2.32 v i_cache_subsystem.i_nbdcache/i_miss_handler/_16598_/A (AOI21_X1)
     1    1.93    0.02    0.04    2.36 ^ i_cache_subsystem.i_nbdcache/i_miss_handler/_16598_/ZN (AOI21_X1)
                                         i_cache_subsystem.i_nbdcache/i_miss_handler/_01840_ (net)
                  0.02    0.00    2.36 ^ i_cache_subsystem.i_nbdcache/i_miss_handler/_16599_/B2 (OAI21_X1)
     1    3.84    0.02    0.03    2.39 v i_cache_subsystem.i_nbdcache/i_miss_handler/_16599_/ZN (OAI21_X1)
                                         i_cache_subsystem.axi_req_data[128] (net)
                  0.02    0.00    2.39 v place41935/A (BUF_X4)
     1   21.24    0.01    0.03    2.42 v place41935/Z (BUF_X4)
                                         net41934 (net)
                  0.01    0.01    2.43 v _08292_/B2 (AOI22_X1)
     1   16.82    0.09    0.12    2.55 ^ _08292_/ZN (AOI22_X1)
                                         _02738_ (net)
                  0.09    0.00    2.55 ^ _08293_/A (INV_X1)
     1    1.23    0.02    0.01    2.56 v _08293_/ZN (INV_X1)
                                         net3284 (net)
                  0.02    0.00    2.56 v output3285/A (BUF_X1)
     1    1.87    0.01    0.03    2.59 v output3285/Z (BUF_X1)
                                         axi_req_o[128] (net)
                  0.01    0.00    2.59 v axi_req_o[128] (out)
                                  2.59   data arrival time

                  0.00    2.22    2.22   clock vclk_core_clock (rise edge)
                          0.54    2.76   clock network delay (ideal)
                          0.00    2.76   clock reconvergence pessimism
                         -0.44    2.31   output external delay
                                  2.31   data required time
-----------------------------------------------------------------------------
                                  2.31   data required time
                                 -2.59   data arrival time
-----------------------------------------------------------------------------
                                 -0.28   slack (VIOLATED)



==========================================================================
global place report_checks -unconstrained
--------------------------------------------------------------------------
Startpoint: rst_ni (input port clocked by vclk_core_clock)
Endpoint: issue_stage_i.i_scoreboard/mem_q[163]$_DFF_PN0_
          (recovery check against rising-edge clock core_clock)
Path Group: asynchronous
Path Type: max

Fanout     Cap    Slew   Delay    Time   Description
-----------------------------------------------------------------------------
                  0.00    0.00    0.00   clock vclk_core_clock (rise edge)
                          0.54    0.54   clock network delay (ideal)
                          0.44    0.98 ^ input external delay
     1    3.20    0.00    0.00    0.98 ^ rst_ni (in)
                                         rst_ni (net)
                  0.00    0.00    0.98 ^ input3253/A (CLKBUF_X3)
    17  105.57    0.07    0.09    1.07 ^ input3253/Z (CLKBUF_X3)
                                         net3252 (net)
                  0.09    0.04    1.11 ^ place61841/A (BUF_X8)
     3   31.22    0.01    0.04    1.15 ^ place61841/Z (BUF_X8)
                                         net61840 (net)
                  0.01    0.01    1.16 ^ place61840/A (BUF_X8)
     5   84.17    0.01    0.03    1.18 ^ place61840/Z (BUF_X8)
                                         net61839 (net)
                  0.09    0.08    1.26 ^ place61765/A (BUF_X4)
    28  103.47    0.05    0.07    1.33 ^ place61765/Z (BUF_X4)
                                         net61764 (net)
                  0.07    0.03    1.36 ^ place61762/A (BUF_X2)
    10   44.06    0.05    0.08    1.43 ^ place61762/Z (BUF_X2)
                                         net61761 (net)
                  0.05    0.00    1.44 ^ place61743/A (BUF_X2)
    28   73.81    0.08    0.11    1.55 ^ place61743/Z (BUF_X2)
                                         net61742 (net)
                  0.08    0.00    1.55 ^ place61742/A (BUF_X2)
    30   82.38    0.09    0.12    1.67 ^ place61742/Z (BUF_X2)
                                         net61741 (net)
                  0.09    0.01    1.68 ^ place61741/A (BUF_X1)
    19   57.60    0.13    0.17    1.84 ^ place61741/Z (BUF_X1)
                                         net61740 (net)
                  0.13    0.01    1.85 ^ issue_stage_i.i_scoreboard/mem_q[163]$_DFF_PN0_/RN (DFFR_X1)
                                  1.85   data arrival time

                  0.00    2.22    2.22   clock core_clock (rise edge)
                          0.54    2.76   clock network delay (ideal)
                          0.00    2.76   clock reconvergence pessimism
                                  2.76 ^ issue_stage_i.i_scoreboard/mem_q[163]$_DFF_PN0_/CK (DFFR_X1)
                          0.03    2.79   library recovery time
                                  2.79   data required time
-----------------------------------------------------------------------------
                                  2.79   data required time
                                 -1.85   data arrival time
-----------------------------------------------------------------------------
                                  0.94   slack (MET)


Startpoint: issue_stage_i.i_scoreboard/commit_pointer_q[2]$_DFF_PN0_
            (rising edge-triggered flip-flop clocked by core_clock)
Endpoint: issue_stage_i.i_scoreboard/mem_q[1223]$_DFF_PN0_
          (rising edge-triggered flip-flop clocked by core_clock)
Path Group: core_clock
Path Type: max

Fanout     Cap    Slew   Delay    Time   Description
-----------------------------------------------------------------------------
                  0.00    0.00    0.00   clock core_clock (rise edge)
                          0.54    0.54   clock network delay (ideal)
                  0.00    0.00    0.54 ^ issue_stage_i.i_scoreboard/commit_pointer_q[2]$_DFF_PN0_/CK (DFFR_X2)
     6   22.10    0.03    0.15    0.68 ^ issue_stage_i.i_scoreboard/commit_pointer_q[2]$_DFF_PN0_/Q (DFFR_X2)
                                         issue_stage_i.i_scoreboard/commit_pointer_q[2] (net)
                  0.03    0.00    0.68 ^ issue_stage_i.i_scoreboard/place56852/A (BUF_X1)
     3   21.02    0.05    0.07    0.75 ^ issue_stage_i.i_scoreboard/place56852/Z (BUF_X1)
                                         issue_stage_i.i_scoreboard/net56851 (net)
                  0.05    0.00    0.75 ^ issue_stage_i.i_scoreboard/_33376_/A2 (AND2_X2)
     4   57.92    0.06    0.10    0.86 ^ issue_stage_i.i_scoreboard/_33376_/ZN (AND2_X2)
                                         issue_stage_i.i_scoreboard/_02716_ (net)
                  0.07    0.01    0.87 ^ issue_stage_i.i_scoreboard/place52536/A (BUF_X8)
     9   24.23    0.01    0.03    0.90 ^ issue_stage_i.i_scoreboard/place52536/Z (BUF_X8)
                                         issue_stage_i.i_scoreboard/net52535 (net)
                  0.01    0.00    0.91 ^ issue_stage_i.i_scoreboard/_51781_/B2 (OAI21_X1)
     1    3.31    0.01    0.02    0.93 v issue_stage_i.i_scoreboard/_51781_/ZN (OAI21_X1)
                                         issue_stage_i.i_scoreboard/_18811_ (net)
                  0.01    0.00    0.93 v issue_stage_i.i_scoreboard/_51782_/A (MUX2_X1)
     1    3.37    0.01    0.06    0.99 v issue_stage_i.i_scoreboard/_51782_/Z (MUX2_X1)
                                         issue_stage_i.i_scoreboard/_18812_ (net)
                  0.01    0.00    0.99 v issue_stage_i.i_scoreboard/_51783_/B (MUX2_X1)
     1    1.97    0.01    0.06    1.05 v issue_stage_i.i_scoreboard/_51783_/Z (MUX2_X1)
                                         issue_stage_i.i_scoreboard/_18813_ (net)
                  0.01    0.00    1.05 v issue_stage_i.i_scoreboard/_51784_/B (MUX2_X1)
     1    2.75    0.01    0.06    1.11 v issue_stage_i.i_scoreboard/_51784_/Z (MUX2_X1)
                                         issue_stage_i.i_scoreboard/_18814_ (net)
                  0.01    0.00    1.11 v issue_stage_i.i_scoreboard/_51785_/B (MUX2_X1)
     2   11.50    0.02    0.08    1.19 v issue_stage_i.i_scoreboard/_51785_/Z (MUX2_X1)
                                         commit_instr_id_commit[287] (net)
                  0.02    0.00    1.19 v place47466/A (BUF_X1)
     4   17.45    0.02    0.05    1.25 v place47466/Z (BUF_X1)
                                         net47465 (net)
                  0.02    0.00    1.25 v _05342_/A (OAI211_X4)
     1    6.96    0.02    0.03    1.27 ^ _05342_/ZN (OAI211_X4)
                                         _00570_ (net)
                  0.02    0.00    1.27 ^ _05343_/B1 (AOI21_X4)
     1    6.09    0.02    0.02    1.29 v _05343_/ZN (AOI21_X4)
                                         _00571_ (net)
                  0.02    0.00    1.29 v _05348_/A1 (AOI22_X4)
     2   11.74    0.03    0.04    1.33 ^ _05348_/ZN (AOI22_X4)
                                         _00576_ (net)
                  0.03    0.00    1.33 ^ _05349_/A1 (NOR2_X4)
     2    8.31    0.01    0.01    1.34 v _05349_/ZN (NOR2_X4)
                                         _00577_ (net)
                  0.01    0.00    1.34 v _05350_/A (INV_X4)
     2    8.98    0.01    0.01    1.36 ^ _05350_/ZN (INV_X4)
                                         _00578_ (net)
                  0.01    0.00    1.36 ^ _05357_/B1 (AOI21_X4)
     2    8.96    0.01    0.01    1.37 v _05357_/ZN (AOI21_X4)
                                         _00583_ (net)
                  0.01    0.00    1.37 v _05831_/A2 (NAND2_X4)
     7   25.03    0.02    0.03    1.40 ^ _05831_/ZN (NAND2_X4)
                                         _00924_ (net)
                  0.02    0.00    1.40 ^ _06076_/A2 (NOR2_X2)
     4   10.86    0.01    0.02    1.42 v _06076_/ZN (NOR2_X2)
                                         commit_stage_i.csr_op_o[2] (net)
                  0.01    0.00    1.42 v csr_regfile_i/_07761_/A3 (OR3_X4)
     2    7.07    0.01    0.07    1.49 v csr_regfile_i/_07761_/ZN (OR3_X4)
                                         csr_regfile_i/_02549_ (net)
                  0.01    0.00    1.50 v csr_regfile_i/_07762_/A1 (NOR3_X4)
     2   10.01    0.03    0.04    1.54 ^ csr_regfile_i/_07762_/ZN (NOR3_X4)
                                         csr_regfile_i/_02550_ (net)
                  0.03    0.00    1.54 ^ csr_regfile_i/_07768_/A (AOI21_X4)
     2   12.50    0.01    0.02    1.56 v csr_regfile_i/_07768_/ZN (AOI21_X4)
                                         csr_regfile_i/_02556_ (net)
                  0.01    0.00    1.56 v csr_regfile_i/_07769_/A1 (NOR2_X4)
     2   19.19    0.03    0.04    1.60 ^ csr_regfile_i/_07769_/ZN (NOR2_X4)
                                         csr_regfile_i/_02557_ (net)
                  0.03    0.01    1.60 ^ csr_regfile_i/_07883_/A1 (NAND4_X4)
     2    4.87    0.02    0.03    1.63 v csr_regfile_i/_07883_/ZN (NAND4_X4)
                                         csr_regfile_i/_02671_ (net)
                  0.02    0.00    1.63 v csr_regfile_i/_07956_/A1 (AND4_X4)
     2   18.92    0.01    0.04    1.67 v csr_regfile_i/_07956_/ZN (AND4_X4)
                                         csr_regfile_i/_02744_ (net)
                  0.01    0.00    1.67 v csr_regfile_i/_07991_/A2 (NOR2_X4)
     3   13.49    0.02    0.04    1.71 ^ csr_regfile_i/_07991_/ZN (NOR2_X4)
                                         csr_regfile_i/_02778_ (net)
                  0.02    0.00    1.71 ^ csr_regfile_i/_08013_/A2 (OR2_X4)
     2   10.29    0.01    0.03    1.74 ^ csr_regfile_i/_08013_/ZN (OR2_X4)
                                         commit_stage_i.csr_exception_i[0] (net)
                  0.01    0.00    1.74 ^ _05368_/A1 (NAND3_X4)
     2   19.81    0.02    0.03    1.77 v _05368_/ZN (NAND3_X4)
                                         _00593_ (net)
                  0.02    0.00    1.77 v place43014/A (BUF_X16)
    22   53.43    0.01    0.03    1.80 v place43014/Z (BUF_X16)
                                         net43013 (net)
                  0.01    0.00    1.81 v _05548_/A3 (NAND3_X1)
     1    3.33    0.02    0.02    1.83 ^ _05548_/ZN (NAND3_X1)
                                         _00743_ (net)
                  0.02    0.00    1.83 ^ _05549_/B2 (AOI21_X1)
     1    2.23    0.01    0.02    1.85 v _05549_/ZN (AOI21_X1)
                                         _00744_ (net)
                  0.01    0.00    1.85 v _05550_/A (AOI21_X1)
     1    2.77    0.03    0.04    1.90 ^ _05550_/ZN (AOI21_X1)
                                         _00745_ (net)
                  0.03    0.00    1.90 ^ _05551_/A2 (NOR2_X1)
     2    4.64    0.02    0.02    1.91 v _05551_/ZN (NOR2_X1)
                                         commit_stage_i.exception_o[101] (net)
                  0.02    0.00    1.91 v csr_regfile_i/_08852_/A4 (NOR4_X1)
     1    2.99    0.05    0.10    2.01 ^ csr_regfile_i/_08852_/ZN (NOR4_X1)
                                         csr_regfile_i/_03615_ (net)
                  0.05    0.00    2.01 ^ csr_regfile_i/_08856_/A2 (NAND4_X1)
     2    7.86    0.04    0.07    2.08 v csr_regfile_i/_08856_/ZN (NAND4_X1)
                                         csr_regfile_i/_03619_ (net)
                  0.04    0.00    2.08 v csr_regfile_i/place39966/A (BUF_X2)
     1    7.81    0.01    0.04    2.12 v csr_regfile_i/place39966/Z (BUF_X2)
                                         csr_regfile_i/net39965 (net)
                  0.01    0.00    2.12 v csr_regfile_i/_08857_/A1 (NOR4_X4)
     2   12.33    0.06    0.06    2.18 ^ csr_regfile_i/_08857_/ZN (NOR4_X4)
                                         csr_regfile_i/_03620_ (net)
                  0.06    0.00    2.18 ^ csr_regfile_i/_13884_/A1 (NAND3_X4)
     1    6.52    0.02    0.03    2.21 v csr_regfile_i/_13884_/ZN (NAND3_X4)
                                         csr_regfile_i/_01767_ (net)
                  0.02    0.00    2.21 v csr_regfile_i/_13885_/A1 (NAND3_X4)
     2    9.18    0.01    0.02    2.23 ^ csr_regfile_i/_13885_/ZN (NAND3_X4)
                                         csr_regfile_i/_01768_ (net)
                  0.01    0.00    2.23 ^ csr_regfile_i/_13886_/A2 (NAND2_X4)
     1    6.34    0.01    0.01    2.25 v csr_regfile_i/_13886_/ZN (NAND2_X4)
                                         csr_regfile_i/_01769_ (net)
                  0.01    0.00    2.25 v csr_regfile_i/_13887_/A (OAI21_X4)
     2    9.30    0.02    0.02    2.27 ^ csr_regfile_i/_13887_/ZN (OAI21_X4)
                                         controller_i.set_debug_pc_i (net)
                  0.02    0.00    2.27 ^ _05388_/A1 (NOR3_X4)
     1    6.74    0.02    0.01    2.28 v _05388_/ZN (NOR3_X4)
                                         _00612_ (net)
                  0.02    0.00    2.28 v _05389_/A1 (NAND2_X4)
     3   48.52    0.03    0.03    2.31 ^ _05389_/ZN (NAND2_X4)
                                         controller_i.flush_ex_o (net)
                  0.05    0.03    2.35 ^ ex_stage_i/place38787/A (BUF_X8)
     1   28.04    0.01    0.03    2.38 ^ ex_stage_i/place38787/Z (BUF_X8)
                                         ex_stage_i/net38786 (net)
                  0.01    0.00    2.38 ^ ex_stage_i/_24918_/A (INV_X16)
     2    8.78    0.00    0.01    2.39 v ex_stage_i/_24918_/ZN (INV_X16)
                                         ex_stage_i/_06613_ (net)
                  0.00    0.00    2.39 v ex_stage_i/_27495_/B1 (AOI21_X4)
     2    8.60    0.03    0.03    2.41 ^ ex_stage_i/_27495_/ZN (AOI21_X4)
                                         ex_stage_i/_08770_ (net)
                  0.03    0.00    2.41 ^ ex_stage_i/_27496_/A1 (NOR2_X4)
     4   33.92    0.02    0.02    2.43 v ex_stage_i/_27496_/ZN (NOR2_X4)
                                         ex_stage_i/_08771_ (net)
                  0.02    0.02    2.45 v ex_stage_i/_31310_/S (MUX2_X1)
     2    8.44    0.02    0.07    2.51 v ex_stage_i/_31310_/Z (MUX2_X1)
                                         flu_trans_id_ex_id[2] (net)
                  0.02    0.00    2.52 v issue_stage_i.i_scoreboard/place38326/A (BUF_X4)
    12   26.25    0.01    0.04    2.55 v issue_stage_i.i_scoreboard/place38326/Z (BUF_X4)
                                         issue_stage_i.i_scoreboard/net38325 (net)
                  0.01    0.00    2.55 v issue_stage_i.i_scoreboard/place38324/A (BUF_X1)
     3    6.69    0.01    0.04    2.59 v issue_stage_i.i_scoreboard/place38324/Z (BUF_X1)
                                         issue_stage_i.i_scoreboard/net38323 (net)
                  0.01    0.00    2.59 v issue_stage_i.i_scoreboard/_33589_/A2 (NOR2_X1)
     2    5.42    0.03    0.05    2.64 ^ issue_stage_i.i_scoreboard/_33589_/ZN (NOR2_X1)
                                         issue_stage_i.i_scoreboard/_02916_ (net)
                  0.03    0.00    2.64 ^ issue_stage_i.i_scoreboard/place38209/A (BUF_X1)
     7   24.22    0.06    0.08    2.72 ^ issue_stage_i.i_scoreboard/place38209/Z (BUF_X1)
                                         issue_stage_i.i_scoreboard/net38208 (net)
                  0.06    0.00    2.72 ^ issue_stage_i.i_scoreboard/_48188_/A1 (AND2_X1)
     2    5.39    0.02    0.05    2.77 ^ issue_stage_i.i_scoreboard/_48188_/ZN (AND2_X1)
                                         issue_stage_i.i_scoreboard/_15431_ (net)
                  0.02    0.00    2.77 ^ issue_stage_i.i_scoreboard/_48267_/A1 (NOR2_X1)
     1    3.82    0.01    0.01    2.79 v issue_stage_i.i_scoreboard/_48267_/ZN (NOR2_X1)
                                         issue_stage_i.i_scoreboard/_15510_ (net)
                  0.01    0.00    2.79 v issue_stage_i.i_scoreboard/_48269_/B (OAI211_X2)
     1    4.12    0.02    0.02    2.81 ^ issue_stage_i.i_scoreboard/_48269_/ZN (OAI211_X2)
                                         issue_stage_i.i_scoreboard/_15512_ (net)
                  0.02    0.00    2.81 ^ issue_stage_i.i_scoreboard/_48284_/A4 (NAND4_X2)
     2    6.31    0.03    0.04    2.85 v issue_stage_i.i_scoreboard/_48284_/ZN (NAND4_X2)
                                         issue_stage_i.i_scoreboard/_15527_ (net)
                  0.03    0.00    2.85 v issue_stage_i.i_scoreboard/_48377_/A2 (OR4_X4)
     2    4.08    0.02    0.10    2.95 v issue_stage_i.i_scoreboard/_48377_/ZN (OR4_X4)
                                         issue_stage_i.i_scoreboard/_15619_ (net)
                  0.02    0.00    2.95 v issue_stage_i.i_scoreboard/_48378_/B3 (OAI33_X1)
     1    4.36    0.08    0.10    3.05 ^ issue_stage_i.i_scoreboard/_48378_/ZN (OAI33_X1)
                                         issue_stage_i.i_scoreboard/_15620_ (net)
                  0.08    0.00    3.05 ^ issue_stage_i.i_scoreboard/_48379_/A1 (NAND4_X2)
     2    8.13    0.04    0.05    3.10 v issue_stage_i.i_scoreboard/_48379_/ZN (NAND4_X2)
                                         issue_stage_i.i_scoreboard/_15621_ (net)
                  0.04    0.00    3.11 v issue_stage_i.i_scoreboard/_48381_/B2 (AOI21_X4)
     2    9.59    0.03    0.05    3.16 ^ issue_stage_i.i_scoreboard/_48381_/ZN (AOI21_X4)
                                         issue_stage_i.i_scoreboard/_15623_ (net)
                  0.03    0.00    3.16 ^ issue_stage_i.i_scoreboard/_50913_/A2 (NOR2_X4)
     1    6.61    0.17    0.01    3.17 v issue_stage_i.i_scoreboard/_50913_/ZN (NOR2_X4)
                                         issue_stage_i.i_scoreboard/_18019_ (net)
                  0.17    0.00    3.17 v issue_stage_i.i_scoreboard/_50914_/B1 (AOI22_X4)
     2    9.92    0.04    0.09    3.26 ^ issue_stage_i.i_scoreboard/_50914_/ZN (AOI22_X4)
                                         issue_stage_i.rs1_valid_sb_iro (net)
                  0.04    0.00    3.26 ^ issue_stage_i.i_issue_read_operands/_15244_/A (INV_X4)
     2    9.68    0.01    0.01    3.28 v issue_stage_i.i_issue_read_operands/_15244_/ZN (INV_X4)
                                         issue_stage_i.i_issue_read_operands/_11708_ (net)
                  0.01    0.00    3.28 v issue_stage_i.i_issue_read_operands/_15295_/A1 (NOR2_X4)
     1    8.12    0.02    0.03    3.30 ^ issue_stage_i.i_issue_read_operands/_15295_/ZN (NOR2_X4)
                                         issue_stage_i.i_issue_read_operands/_11759_ (net)
                  0.02    0.00    3.30 ^ issue_stage_i.i_issue_read_operands/_15409_/B2 (AOI22_X4)
     1    3.59    0.01    0.02    3.32 v issue_stage_i.i_issue_read_operands/_15409_/ZN (AOI22_X4)
                                         issue_stage_i.i_issue_read_operands/_11873_ (net)
                  0.01    0.00    3.32 v issue_stage_i.i_issue_read_operands/_15681_/A (OAI221_X2)
     2    5.98    0.04    0.03    3.35 ^ issue_stage_i.i_issue_read_operands/_15681_/ZN (OAI221_X2)
                                         issue_stage_i.i_issue_read_operands/_12145_ (net)
                  0.04    0.00    3.35 ^ issue_stage_i.i_issue_read_operands/_15687_/B2 (OAI221_X2)
     2    7.44    0.02    0.05    3.40 v issue_stage_i.i_issue_read_operands/_15687_/ZN (OAI221_X2)
                                         issue_stage_i.i_issue_read_operands/_12151_ (net)
                  0.02    0.00    3.40 v issue_stage_i.i_issue_read_operands/_15689_/A1 (NOR2_X4)
     2   15.79    0.03    0.04    3.44 ^ issue_stage_i.i_issue_read_operands/_15689_/ZN (NOR2_X4)
                                         issue_stage_i.issue_ack_iro_sb (net)
                  0.03    0.00    3.44 ^ issue_stage_i.i_scoreboard/_33060_/A1 (AND2_X4)
     4   18.30    0.01    0.04    3.48 ^ issue_stage_i.i_scoreboard/_33060_/ZN (AND2_X4)
                                         issue_stage_i.i_scoreboard/_02408_ (net)
                  0.01    0.00    3.48 ^ issue_stage_i.i_scoreboard/_33062_/A4 (NAND4_X4)
     5   21.01    0.03    0.05    3.53 v issue_stage_i.i_scoreboard/_33062_/ZN (NAND4_X4)
                                         issue_stage_i.i_scoreboard/_02410_ (net)
                  0.03    0.00    3.53 v issue_stage_i.i_scoreboard/place37478/A (BUF_X1)
     8   18.68    0.02    0.06    3.59 v issue_stage_i.i_scoreboard/place37478/Z (BUF_X1)
                                         issue_stage_i.i_scoreboard/net37477 (net)
                  0.02    0.00    3.59 v issue_stage_i.i_scoreboard/_34672_/A3 (NOR4_X1)
     2    5.76    0.08    0.12    3.71 ^ issue_stage_i.i_scoreboard/_34672_/ZN (NOR4_X1)
                                         issue_stage_i.i_scoreboard/_03899_ (net)
                  0.08    0.00    3.71 ^ issue_stage_i.i_scoreboard/_34674_/B2 (OAI33_X1)
     1    4.15    0.03    0.05    3.76 v issue_stage_i.i_scoreboard/_34674_/ZN (OAI33_X1)
                                         issue_stage_i.i_scoreboard/_03901_ (net)
                  0.03    0.00    3.76 v issue_stage_i.i_scoreboard/_34677_/B1 (AOI221_X1)
     1    5.91    0.07    0.11    3.87 ^ issue_stage_i.i_scoreboard/_34677_/ZN (AOI221_X1)
                                         issue_stage_i.i_scoreboard/_03904_ (net)
                  0.07    0.00    3.87 ^ issue_stage_i.i_scoreboard/_34680_/C1 (OAI211_X2)
     2    7.53    0.03    0.04    3.91 v issue_stage_i.i_scoreboard/_34680_/ZN (OAI211_X2)
                                         issue_stage_i.i_scoreboard/_03907_ (net)
                  0.03    0.00    3.91 v issue_stage_i.i_scoreboard/_34691_/B1 (OAI221_X2)
     1   17.67    0.07    0.09    4.00 ^ issue_stage_i.i_scoreboard/_34691_/ZN (OAI221_X2)
                                         issue_stage_i.i_scoreboard/_03918_ (net)
                  0.07    0.00    4.01 ^ issue_stage_i.i_scoreboard/place36414/A (BUF_X8)
     6   25.08    0.01    0.03    4.04 ^ issue_stage_i.i_scoreboard/place36414/Z (BUF_X8)
                                         issue_stage_i.i_scoreboard/net36413 (net)
                  0.01    0.00    4.05 ^ issue_stage_i.i_scoreboard/place36412/A (BUF_X1)
     2    9.81    0.02    0.04    4.09 ^ issue_stage_i.i_scoreboard/place36412/Z (BUF_X1)
                                         issue_stage_i.i_scoreboard/net36411 (net)
                  0.02    0.00    4.09 ^ issue_stage_i.i_scoreboard/_41829_/A2 (AND2_X2)
     1   13.69    0.02    0.05    4.14 ^ issue_stage_i.i_scoreboard/_41829_/ZN (AND2_X2)
                                         issue_stage_i.i_scoreboard/_10032_ (net)
                  0.02    0.00    4.14 ^ issue_stage_i.i_scoreboard/place36199/A (BUF_X16)
    19  102.41    0.01    0.03    4.16 ^ issue_stage_i.i_scoreboard/place36199/Z (BUF_X16)
                                         issue_stage_i.i_scoreboard/net36198 (net)
                  0.03    0.02    4.19 ^ issue_stage_i.i_scoreboard/place36187/A (BUF_X4)
     8   15.35    0.01    0.03    4.22 ^ issue_stage_i.i_scoreboard/place36187/Z (BUF_X4)
                                         issue_stage_i.i_scoreboard/net36186 (net)
                  0.01    0.00    4.22 ^ issue_stage_i.i_scoreboard/place36185/A (BUF_X1)
     3    5.34    0.01    0.03    4.25 ^ issue_stage_i.i_scoreboard/place36185/Z (BUF_X1)
                                         issue_stage_i.i_scoreboard/net36184 (net)
                  0.01    0.00    4.25 ^ issue_stage_i.i_scoreboard/_42329_/B1 (AOI21_X1)
     1    3.75    0.02    0.02    4.27 v issue_stage_i.i_scoreboard/_42329_/ZN (AOI21_X1)
                                         issue_stage_i.i_scoreboard/_10469_ (net)
                  0.02    0.00    4.27 v issue_stage_i.i_scoreboard/_42330_/B2 (AOI21_X1)
     1    3.19    0.03    0.04    4.32 ^ issue_stage_i.i_scoreboard/_42330_/ZN (AOI21_X1)
                                         issue_stage_i.i_scoreboard/mem_n[1223] (net)
                  0.03    0.00    4.32 ^ issue_stage_i.i_scoreboard/mem_q[1223]$_DFF_PN0_/D (DFFR_X1)
                                  4.32   data arrival time

                  0.00    2.22    2.22   clock core_clock (rise edge)
                          0.54    2.76   clock network delay (ideal)
                          0.00    2.76   clock reconvergence pessimism
                                  2.76 ^ issue_stage_i.i_scoreboard/mem_q[1223]$_DFF_PN0_/CK (DFFR_X1)
                         -0.04    2.72   library setup time
                                  2.72   data required time
-----------------------------------------------------------------------------
                                  2.72   data required time
                                 -4.32   data arrival time
-----------------------------------------------------------------------------
                                 -1.60   slack (VIOLATED)


Startpoint: i_cache_subsystem.i_nbdcache/i_miss_handler/state_q[2]$_DFFE_PN0P_
            (rising edge-triggered flip-flop clocked by core_clock)
Endpoint: axi_req_o[128] (output port clocked by vclk_core_clock)
Path Group: vclk_core_clock
Path Type: max

Fanout     Cap    Slew   Delay    Time   Description
-----------------------------------------------------------------------------
                  0.00    0.00    0.00   clock core_clock (rise edge)
                          0.54    0.54   clock network delay (ideal)
                  0.00    0.00    0.54 ^ i_cache_subsystem.i_nbdcache/i_miss_handler/state_q[2]$_DFFE_PN0P_/CK (DFFR_X1)
     2    4.30    0.01    0.09    0.62 v i_cache_subsystem.i_nbdcache/i_miss_handler/state_q[2]$_DFFE_PN0P_/Q (DFFR_X1)
                                         i_cache_subsystem.i_nbdcache/i_miss_handler/state_q[2] (net)
                  0.01    0.00    0.62 v i_cache_subsystem.i_nbdcache/i_miss_handler/_11607_/A2 (NAND2_X2)
     2    5.10    0.01    0.02    0.64 ^ i_cache_subsystem.i_nbdcache/i_miss_handler/_11607_/ZN (NAND2_X2)
                                         i_cache_subsystem.i_nbdcache/i_miss_handler/_07265_ (net)
                  0.01    0.00    0.64 ^ i_cache_subsystem.i_nbdcache/i_miss_handler/_11608_/A3 (OR3_X4)
     2   18.24    0.01    0.03    0.68 ^ i_cache_subsystem.i_nbdcache/i_miss_handler/_11608_/ZN (OR3_X4)
                                         i_cache_subsystem.i_nbdcache/i_miss_handler/_07266_ (net)
                  0.01    0.00    0.68 ^ i_cache_subsystem.i_nbdcache/i_miss_handler/place53860/A (BUF_X2)
    12   53.96    0.06    0.08    0.75 ^ i_cache_subsystem.i_nbdcache/i_miss_handler/place53860/Z (BUF_X2)
                                         i_cache_subsystem.i_nbdcache/i_miss_handler/net53859 (net)
                  0.06    0.01    0.77 ^ i_cache_subsystem.i_nbdcache/i_miss_handler/place53856/A (BUF_X1)
    19   43.22    0.10    0.13    0.90 ^ i_cache_subsystem.i_nbdcache/i_miss_handler/place53856/Z (BUF_X1)
                                         i_cache_subsystem.i_nbdcache/i_miss_handler/net53855 (net)
                  0.10    0.00    0.90 ^ i_cache_subsystem.i_nbdcache/i_miss_handler/_11699_/A (AOI21_X1)
     2   15.04    0.04    0.05    0.95 v i_cache_subsystem.i_nbdcache/i_miss_handler/_11699_/ZN (AOI21_X1)
                                         i_cache_subsystem.i_nbdcache/i_miss_handler/_00474_ (net)
                  0.04    0.00    0.95 v i_cache_subsystem.i_nbdcache/i_miss_handler/_11700_/A3 (NOR3_X1)
     2    2.42    0.03    0.06    1.02 ^ i_cache_subsystem.i_nbdcache/i_miss_handler/_11700_/ZN (NOR3_X1)
                                         i_cache_subsystem.i_nbdcache/i_miss_handler/_07347_ (net)
                  0.03    0.00    1.02 ^ i_cache_subsystem.i_nbdcache/i_miss_handler/_11701_/A2 (AND2_X1)
     2    3.25    0.01    0.04    1.06 ^ i_cache_subsystem.i_nbdcache/i_miss_handler/_11701_/ZN (AND2_X1)
                                         i_cache_subsystem.i_nbdcache/i_miss_handler/_07348_ (net)
                  0.01    0.00    1.06 ^ i_cache_subsystem.i_nbdcache/i_miss_handler/_11705_/A2 (NAND3_X1)
     2    3.67    0.02    0.03    1.09 v i_cache_subsystem.i_nbdcache/i_miss_handler/_11705_/ZN (NAND3_X1)
                                         i_cache_subsystem.i_nbdcache/i_miss_handler/_07350_ (net)
                  0.02    0.00    1.09 v i_cache_subsystem.i_nbdcache/i_miss_handler/_11711_/A1 (OR3_X1)
     2    2.13    0.01    0.07    1.16 v i_cache_subsystem.i_nbdcache/i_miss_handler/_11711_/ZN (OR3_X1)
                                         i_cache_subsystem.i_nbdcache/i_miss_handler/_07354_ (net)
                  0.01    0.00    1.16 v i_cache_subsystem.i_nbdcache/i_miss_handler/_11716_/A1 (OR3_X1)
     2    4.57    0.02    0.07    1.23 v i_cache_subsystem.i_nbdcache/i_miss_handler/_11716_/ZN (OR3_X1)
                                         i_cache_subsystem.i_nbdcache/i_miss_handler/_07357_ (net)
                  0.02    0.00    1.23 v i_cache_subsystem.i_nbdcache/i_miss_handler/_11721_/A1 (OR3_X1)
     2    3.00    0.01    0.07    1.30 v i_cache_subsystem.i_nbdcache/i_miss_handler/_11721_/ZN (OR3_X1)
                                         i_cache_subsystem.i_nbdcache/i_miss_handler/_07360_ (net)
                  0.01    0.00    1.30 v i_cache_subsystem.i_nbdcache/i_miss_handler/_11722_/A2 (NOR2_X1)
     2    4.87    0.03    0.05    1.35 ^ i_cache_subsystem.i_nbdcache/i_miss_handler/_11722_/ZN (NOR2_X1)
                                         i_cache_subsystem.i_nbdcache/i_miss_handler/_07361_ (net)
                  0.03    0.00    1.35 ^ i_cache_subsystem.i_nbdcache/i_miss_handler/_11860_/A1 (NAND4_X1)
     3    6.59    0.03    0.05    1.40 v i_cache_subsystem.i_nbdcache/i_miss_handler/_11860_/ZN (NAND4_X1)
                                         i_cache_subsystem.i_nbdcache/i_miss_handler/_07483_ (net)
                  0.03    0.00    1.40 v i_cache_subsystem.i_nbdcache/i_miss_handler/_13626_/B1 (OAI21_X1)
     1    4.93    0.03    0.05    1.45 ^ i_cache_subsystem.i_nbdcache/i_miss_handler/_13626_/ZN (OAI21_X1)
                                         i_cache_subsystem.i_nbdcache/i_miss_handler/_08762_ (net)
                  0.03    0.00    1.45 ^ i_cache_subsystem.i_nbdcache/i_miss_handler/_13627_/B (XNOR2_X1)
     1    3.63    0.02    0.03    1.48 v i_cache_subsystem.i_nbdcache/i_miss_handler/_13627_/ZN (XNOR2_X1)
                                         i_cache_subsystem.i_nbdcache/i_miss_handler/_00400_ (net)
                  0.02    0.00    1.48 v i_cache_subsystem.i_nbdcache/i_miss_handler/_22898_/A (HA_X1)
     3    4.50    0.02    0.06    1.54 v i_cache_subsystem.i_nbdcache/i_miss_handler/_22898_/S (HA_X1)
                                         i_cache_subsystem.i_nbdcache/i_miss_handler/_00403_ (net)
                  0.02    0.00    1.54 v i_cache_subsystem.i_nbdcache/i_miss_handler/_14705_/B2 (AOI21_X1)
     2    4.55    0.03    0.05    1.59 ^ i_cache_subsystem.i_nbdcache/i_miss_handler/_14705_/ZN (AOI21_X1)
                                         i_cache_subsystem.i_nbdcache/i_miss_handler/_09381_ (net)
                  0.03    0.00    1.59 ^ i_cache_subsystem.i_nbdcache/i_miss_handler/_14710_/A (OAI21_X1)
     2    5.87    0.02    0.03    1.62 v i_cache_subsystem.i_nbdcache/i_miss_handler/_14710_/ZN (OAI21_X1)
                                         i_cache_subsystem.i_nbdcache/i_miss_handler/_09386_ (net)
                  0.02    0.00    1.62 v i_cache_subsystem.i_nbdcache/i_miss_handler/_14714_/B2 (AOI221_X1)
     1    1.99    0.04    0.08    1.70 ^ i_cache_subsystem.i_nbdcache/i_miss_handler/_14714_/ZN (AOI221_X1)
                                         i_cache_subsystem.i_nbdcache/i_miss_handler/_09390_ (net)
                  0.04    0.00    1.70 ^ i_cache_subsystem.i_nbdcache/i_miss_handler/_14737_/A (OAI21_X1)
     3   11.11    0.03    0.05    1.75 v i_cache_subsystem.i_nbdcache/i_miss_handler/_14737_/ZN (OAI21_X1)
                                         i_cache_subsystem.i_nbdcache/i_miss_handler/_09413_ (net)
                  0.03    0.00    1.75 v i_cache_subsystem.i_nbdcache/i_miss_handler/_14879_/A (AOI21_X4)
     2   12.64    0.03    0.05    1.81 ^ i_cache_subsystem.i_nbdcache/i_miss_handler/_14879_/ZN (AOI21_X4)
                                         i_cache_subsystem.i_nbdcache/i_miss_handler/_09555_ (net)
                  0.03    0.00    1.81 ^ i_cache_subsystem.i_nbdcache/i_miss_handler/place44721/A (BUF_X1)
     2    6.22    0.02    0.04    1.85 ^ i_cache_subsystem.i_nbdcache/i_miss_handler/place44721/Z (BUF_X1)
                                         i_cache_subsystem.i_nbdcache/i_miss_handler/net44720 (net)
                  0.02    0.00    1.85 ^ i_cache_subsystem.i_nbdcache/i_miss_handler/_14880_/B (XNOR2_X2)
     2    3.16    0.02    0.04    1.89 ^ i_cache_subsystem.i_nbdcache/i_miss_handler/_14880_/ZN (XNOR2_X2)
                                         i_cache_subsystem.i_nbdcache/i_miss_handler/_09556_ (net)
                  0.02    0.00    1.89 ^ i_cache_subsystem.i_nbdcache/i_miss_handler/place44544/A (BUF_X1)
     7   25.09    0.06    0.08    1.97 ^ i_cache_subsystem.i_nbdcache/i_miss_handler/place44544/Z (BUF_X1)
                                         i_cache_subsystem.i_nbdcache/i_miss_handler/net44543 (net)
                  0.06    0.00    1.97 ^ i_cache_subsystem.i_nbdcache/i_miss_handler/_15138_/S (MUX2_X1)
     3    9.48    0.02    0.08    2.05 v i_cache_subsystem.i_nbdcache/i_miss_handler/_15138_/Z (MUX2_X1)
                                         i_cache_subsystem.i_nbdcache/i_miss_handler/_09814_ (net)
                  0.02    0.00    2.05 v i_cache_subsystem.i_nbdcache/i_miss_handler/_15222_/A2 (NOR2_X2)
     3   10.66    0.03    0.05    2.10 ^ i_cache_subsystem.i_nbdcache/i_miss_handler/_15222_/ZN (NOR2_X2)
                                         i_cache_subsystem.i_nbdcache/i_miss_handler/_09897_ (net)
                  0.03    0.00    2.10 ^ i_cache_subsystem.i_nbdcache/i_miss_handler/place43935/A (BUF_X2)
     3   10.67    0.01    0.04    2.13 ^ i_cache_subsystem.i_nbdcache/i_miss_handler/place43935/Z (BUF_X2)
                                         i_cache_subsystem.i_nbdcache/i_miss_handler/net43934 (net)
                  0.01    0.00    2.13 ^ i_cache_subsystem.i_nbdcache/i_miss_handler/place43934/A (BUF_X4)
     5   16.86    0.01    0.03    2.16 ^ i_cache_subsystem.i_nbdcache/i_miss_handler/place43934/Z (BUF_X4)
                                         i_cache_subsystem.i_nbdcache/i_miss_handler/net43933 (net)
                  0.01    0.00    2.16 ^ i_cache_subsystem.i_nbdcache/i_miss_handler/_15893_/B1 (OAI21_X1)
     6   19.46    0.04    0.05    2.21 v i_cache_subsystem.i_nbdcache/i_miss_handler/_15893_/ZN (OAI21_X1)
                                         i_cache_subsystem.i_nbdcache/i_miss_handler/_10558_ (net)
                  0.04    0.00    2.22 v i_cache_subsystem.i_nbdcache/i_miss_handler/_16250_/A2 (OAI22_X1)
     3    7.26    0.06    0.07    2.29 ^ i_cache_subsystem.i_nbdcache/i_miss_handler/_16250_/ZN (OAI22_X1)
                                         i_cache_subsystem.i_nbdcache/i_miss_handler/_10903_ (net)
                  0.06    0.00    2.29 ^ i_cache_subsystem.i_nbdcache/i_miss_handler/_16596_/B2 (OAI21_X1)
     1    1.59    0.02    0.02    2.32 v i_cache_subsystem.i_nbdcache/i_miss_handler/_16596_/ZN (OAI21_X1)
                                         i_cache_subsystem.i_nbdcache/i_miss_handler/_01838_ (net)
                  0.02    0.00    2.32 v i_cache_subsystem.i_nbdcache/i_miss_handler/_16598_/A (AOI21_X1)
     1    1.93    0.02    0.04    2.36 ^ i_cache_subsystem.i_nbdcache/i_miss_handler/_16598_/ZN (AOI21_X1)
                                         i_cache_subsystem.i_nbdcache/i_miss_handler/_01840_ (net)
                  0.02    0.00    2.36 ^ i_cache_subsystem.i_nbdcache/i_miss_handler/_16599_/B2 (OAI21_X1)
     1    3.84    0.02    0.03    2.39 v i_cache_subsystem.i_nbdcache/i_miss_handler/_16599_/ZN (OAI21_X1)
                                         i_cache_subsystem.axi_req_data[128] (net)
                  0.02    0.00    2.39 v place41935/A (BUF_X4)
     1   21.24    0.01    0.03    2.42 v place41935/Z (BUF_X4)
                                         net41934 (net)
                  0.01    0.01    2.43 v _08292_/B2 (AOI22_X1)
     1   16.82    0.09    0.12    2.55 ^ _08292_/ZN (AOI22_X1)
                                         _02738_ (net)
                  0.09    0.00    2.55 ^ _08293_/A (INV_X1)
     1    1.23    0.02    0.01    2.56 v _08293_/ZN (INV_X1)
                                         net3284 (net)
                  0.02    0.00    2.56 v output3285/A (BUF_X1)
     1    1.87    0.01    0.03    2.59 v output3285/Z (BUF_X1)
                                         axi_req_o[128] (net)
                  0.01    0.00    2.59 v axi_req_o[128] (out)
                                  2.59   data arrival time

                  0.00    2.22    2.22   clock vclk_core_clock (rise edge)
                          0.54    2.76   clock network delay (ideal)
                          0.00    2.76   clock reconvergence pessimism
                         -0.44    2.31   output external delay
                                  2.31   data required time
-----------------------------------------------------------------------------
                                  2.31   data required time
                                 -2.59   data arrival time
-----------------------------------------------------------------------------
                                 -0.28   slack (VIOLATED)



==========================================================================
global place report_power
--------------------------------------------------------------------------
Group                  Internal  Switching    Leakage      Total
                          Power      Power      Power      Power (Watts)
----------------------------------------------------------------
Sequential             6.86e-02   3.37e-03   1.66e-03   7.36e-02  25.0%
Combinational          1.12e-02   2.00e-02   5.13e-03   3.63e-02  12.3%
Clock                  0.00e+00   0.00e+00   0.00e+00   0.00e+00   0.0%
Macro                  1.62e-01   0.00e+00   2.24e-02   1.85e-01  62.7%
Pad                    0.00e+00   0.00e+00   0.00e+00   0.00e+00   0.0%
----------------------------------------------------------------
Total                  2.42e-01   2.34e-02   2.92e-02   2.95e-01 100.0%
                          82.2%       7.9%       9.9%
